<html>
<body>
<pre>
<h1>µVision Build Log</h1>
<h2>Tool Versions:</h2>
IDE-Version: µVision V5.36.0.0
Copyright (C) 2021 ARM Ltd and ARM Germany GmbH. All rights reserved.
License Information: Marwan Seliem, Ain Shams University, LIC=----
 
Tool Versions:
Toolchain:       MDK-Lite  Version: 5.36.0.0
Toolchain Path:  C:\Keil_v5\ARM\ARMCC\Bin
C Compiler:      Armcc.exe V5.06 update 7 (build 960)
Assembler:       Armasm.exe V5.06 update 7 (build 960)
Linker/Locator:  ArmLink.exe V5.06 update 7 (build 960)
Library Manager: ArmAr.exe V5.06 update 7 (build 960)
Hex Converter:   FromElf.exe V5.06 update 7 (build 960)
CPU DLL:         SARMCM3.DLL V5.36.0.0
Dialog DLL:      DCM.DLL V1.17.3.0
Target DLL:      lmidk-agdi.dll V???
Dialog DLL:      TCM.DLL V1.53.0.0
 
<h2>Project:</h2>
C:\Users\Marwan\Documents\GitHub\Autosar DIO\Autosar\Node 1\project1.uvprojx
Project File Date:  06/26/2022

<h2>Output:</h2>
*** Using Compiler 'V5.06 update 7 (build 960)', folder: 'C:\Keil_v5\ARM\ARMCC\Bin'
Rebuild target 'Target 1'
assembling startup_TM4C123.s...
compiling system_TM4C123.c...
compiling Hal.c...
Port.h(18): warning:  #1-D: last line of file ends without a newline
  #endif
Hal.h(12): warning:  #1-D: last line of file ends without a newline
  #endif
Hal.c: 2 warnings, 0 errors
compiling main.c...
Port.h(18): warning:  #1-D: last line of file ends without a newline
  #endif
Hal.h(12): warning:  #1-D: last line of file ends without a newline
  #endif
main.c(19): warning:  #111-D: statement is unreachable
  	return 0;
main.c: 3 warnings, 0 errors
compiling Port.c...
Port.h(18): warning:  #1-D: last line of file ends without a newline
  #endif
Port.c: 1 warning, 0 errors
compiling Dio.c...
Dio.c(62): warning:  #188-D: enumerated type mixed with another type
  		Dio_WriteChannel(ChannelId, Level);
Dio.c(73): warning:  #188-D: enumerated type mixed with another type
  	Dio_WriteChannel(((ChannelGroupIdPtr->port) &(ChannelGroupIdPtr->mask))>>ChannelGroupIdPtr->offset,Level);
Dio.c: 2 warnings, 0 errors
compiling App.c...
Port.h(18): warning:  #1-D: last line of file ends without a newline
  #endif
Hal.h(12): warning:  #1-D: last line of file ends without a newline
  #endif
App.c: 2 warnings, 0 errors
compiling Can.c...
Port.h(18): warning:  #1-D: last line of file ends without a newline
  #endif
Can.c: 1 warning, 0 errors
linking...
Program Size: Code=5396 RO-data=2196 RW-data=1644 ZI-data=668  
".\Objects\project1.axf" - 0 Error(s), 11 Warning(s).

<h2>Software Packages used:</h2>

Package Vendor: ARM
                http://www.keil.com/pack/ARM.CMSIS.5.8.0.pack
                ARM.CMSIS.5.8.0
                CMSIS (Common Microcontroller Software Interface Standard)
   * Component: CORE Version: 5.5.0

Package Vendor: Keil
                http://www.keil.com/pack/Keil.TM4C_DFP.1.1.0.pack
                Keil.TM4C_DFP.1.1.0
                Texas Instruments Tiva C Series Device Support and Examples
   * Component: Startup Version: 1.0.1

<h2>Collection of Component include folders:</h2>
  .\RTE\_Target_1
  C:\Users\Marwan\AppData\Local\Arm\Packs\ARM\CMSIS\5.8.0\CMSIS\Core\Include
  C:\Users\Marwan\AppData\Local\Arm\Packs\Keil\TM4C_DFP\1.1.0\Device\Include\TM4C123

<h2>Collection of Component Files used:</h2>

   * Component: ARM::CMSIS:CORE:5.5.0

   * Component: Keil::Device:Startup:1.0.1
      Include file:  Device\Include\TM4C123\TM4C123.h
      Source file:   Device\Source\ARM\startup_TM4C123.s
      Source file:   Device\Source\system_TM4C123.c
Build Time Elapsed:  00:00:01
</pre>
</body>
</html>
