<html>
<body>
<pre>
<h1>µVision Build Log</h1>
<h2>Tool Versions:</h2>
IDE-Version: µVision V5.29.0.0
Copyright (C) 2019 ARM Ltd and ARM Germany GmbH. All rights reserved.
License Information: youssef thomas, ain shams university, LIC=----
 
Tool Versions:
Toolchain:       MDK-Lite  Version: 5.29.0.0
Toolchain Path:  C:\Keil_v5\ARM\ARMCC\Bin
C Compiler:      Armcc.exe V5.06 update 6 (build 750)
Assembler:       Armasm.exe V5.06 update 6 (build 750)
Linker/Locator:  ArmLink.exe V5.06 update 6 (build 750)
Library Manager: ArmAr.exe V5.06 update 6 (build 750)
Hex Converter:   FromElf.exe V5.06 update 6 (build 750)
CPU DLL:         SARMCM3.DLL V5.29.0.0
Dialog DLL:      DCM.DLL V1.17.3.0
Target DLL:      lmidk-agdi.dll V???
Dialog DLL:      TCM.DLL V1.36.5.0
 
<h2>Project:</h2>
C:\joey\CHEP\sem 10\Embedded\final\Autosar\Node 1\project1.uvprojx
Project File Date:  06/25/2022

<h2>Output:</h2>
*** Using Compiler 'V5.06 update 6 (build 750)', folder: 'C:\Keil_v5\ARM\ARMCC\Bin'
Rebuild target 'Target 1'
compiling can_cfg.c...
compiling dio.c...
dio.c(57): warning:  #188-D: enumerated type mixed with another type
  		Dio_WriteChannel(ChannelId, Level);
dio.c(68): warning:  #188-D: enumerated type mixed with another type
  	Dio_WriteChannel(((ChannelGroupIdPtr->port) &(ChannelGroupIdPtr->mask))>>ChannelGroupIdPtr->offset,Level);
dio.c(70): warning:  #1-D: last line of file ends without a newline
  	
dio.c: 3 warnings, 0 errors
compiling ECU_1.c...
ECU_1.h(17): warning:  #1295-D: Deprecated declaration systick_elapsed - give arg types
  bool systick_elapsed();
ECU_1.h(18): warning:  #1295-D: Deprecated declaration systick_reset - give arg types
  void systick_reset();
ECU_1.c: 2 warnings, 0 errors
compiling Port_Lcfg.c...
compiling app.c...
ECU_1.h(17): warning:  #1295-D: Deprecated declaration systick_elapsed - give arg types
  bool systick_elapsed();
ECU_1.h(18): warning:  #1295-D: Deprecated declaration systick_reset - give arg types
  void systick_reset();
app.c(32): warning:  #111-D: statement is unreachable
  	return 0;
app.c(33): warning:  #1-D: last line of file ends without a newline
  }
app.c: 4 warnings, 0 errors
compiling Port.c...
assembling startup_TM4C123.s...
compiling system_TM4C123.c...
compiling dio_Lcfg.c...
linking...
Program Size: Code=5184 RO-data=2196 RW-data=1644 ZI-data=652  
".\Objects\project1.axf" - 0 Error(s), 9 Warning(s).

<h2>Software Packages used:</h2>

Package Vendor: ARM
                http://www.keil.com/pack/ARM.CMSIS.5.8.0.pack
                ARM.CMSIS.5.8.0
                CMSIS (Common Microcontroller Software Interface Standard)
   * Component: CORE Version: 5.5.0

Package Vendor: Keil
                http://www.keil.com/pack/Keil.TM4C_DFP.1.1.0.pack
                Keil.TM4C_DFP.1.1.0
                Texas Instruments Tiva C Series Device Support and Examples
   * Component: Startup Version: 1.0.1

<h2>Collection of Component include folders:</h2>
  .\RTE\_Target_1
  C:\Users\youssef\AppData\Local\Arm\Packs\ARM\CMSIS\5.8.0\CMSIS\Core\Include
  C:\Users\youssef\AppData\Local\Arm\Packs\Keil\TM4C_DFP\1.1.0\Device\Include\TM4C123

<h2>Collection of Component Files used:</h2>

   * Component: ARM::CMSIS:CORE:5.5.0

   * Component: Keil::Device:Startup:1.0.1
      Source file:   Device\Source\ARM\startup_TM4C123.s
      Include file:  Device\Include\TM4C123\TM4C123.h
      Source file:   Device\Source\system_TM4C123.c
Build Time Elapsed:  00:00:04
</pre>
</body>
</html>
