<html>
<body>
<pre>
<h1>µVision Build Log</h1>
<h2>Tool Versions:</h2>
IDE-Version: µVision V5.36.0.0
Copyright (C) 2021 ARM Ltd and ARM Germany GmbH. All rights reserved.
License Information: Marwan Seliem, Ain Shams University, LIC=----
 
Tool Versions:
Toolchain:       MDK-Lite  Version: 5.36.0.0
Toolchain Path:  C:\Keil_v5\ARM\ARMCC\Bin
C Compiler:      Armcc.exe V5.06 update 7 (build 960)
Assembler:       Armasm.exe V5.06 update 7 (build 960)
Linker/Locator:  ArmLink.exe V5.06 update 7 (build 960)
Library Manager: ArmAr.exe V5.06 update 7 (build 960)
Hex Converter:   FromElf.exe V5.06 update 7 (build 960)
CPU DLL:         SARMCM3.DLL V5.36.0.0
Dialog DLL:      DCM.DLL V1.17.3.0
Target DLL:      lmidk-agdi.dll V???
Dialog DLL:      TCM.DLL V1.53.0.0
 
<h2>Project:</h2>
C:\Users\Marwan\Desktop\Embedded\Autosar DIO\project1.uvprojx
Project File Date:  06/16/2022

<h2>Output:</h2>
*** Using Compiler 'V5.06 update 7 (build 960)', folder: 'C:\Keil_v5\ARM\ARMCC\Bin'
Rebuild target 'Target 1'
assembling startup_TM4C123.s...
compiling system_TM4C123.c...
compiling dio_cfg.c...
C:\ti\TivaWare_C_Series-2.2.0.295\inc/hw_ints.h(352): warning:  #47-D: incompatible redefinition of macro "INT_ADC0SS0"  (declared at line 62 of "tm4c123gh6pm.h")
  #define INT_ADC0SS0             INT_CONCAT(INT_ADC0SS0_, INT_DEVICE_CLASS)
C:\ti\TivaWare_C_Series-2.2.0.295\inc/hw_ints.h(353): warning:  #47-D: incompatible redefinition of macro "INT_ADC0SS1"  (declared at line 63 of "tm4c123gh6pm.h")
  #define INT_ADC0SS1             INT_CONCAT(INT_ADC0SS1_, INT_DEVICE_CLASS)
C:\ti\TivaWare_C_Series-2.2.0.295\inc/hw_ints.h(354): warning:  #47-D: incompatible redefinition of macro "INT_ADC0SS2"  (declared at line 64 of "tm4c123gh6pm.h")
  #define INT_ADC0SS2             INT_CONCAT(INT_ADC0SS2_, INT_DEVICE_CLASS)
C:\ti\TivaWare_C_Series-2.2.0.295\inc/hw_ints.h(355): warning:  #47-D: incompatible redefinition of macro "INT_ADC0SS3"  (declared at line 65 of "tm4c123gh6pm.h")
  #define INT_ADC0SS3             INT_CONCAT(INT_ADC0SS3_, INT_DEVICE_CLASS)
C:\ti\TivaWare_C_Series-2.2.0.295\inc/hw_ints.h(356): warning:  #47-D: incompatible redefinition of macro "INT_ADC1SS0"  (declared at line 92 of "tm4c123gh6pm.h")
  #define INT_ADC1SS0             INT_CONCAT(INT_ADC1SS0_, INT_DEVICE_CLASS)
C:\ti\TivaWare_C_Series-2.2.0.295\inc/hw_ints.h(357): warning:  #47-D: incompatible redefinition of macro "INT_ADC1SS1"  (declared at line 93 of "tm4c123gh6pm.h")
  #define INT_ADC1SS1             INT_CONCAT(INT_ADC1SS1_, INT_DEVICE_CLASS)
C:\ti\TivaWare_C_Series-2.2.0.295\inc/hw_ints.h(358): warning:  #47-D: incompatible redefinition of macro "INT_ADC1SS2"  (declared at line 94 of "tm4c123gh6pm.h")
  #define INT_ADC1SS2             INT_CONCAT(INT_ADC1SS2_, INT_DEVICE_CLASS)
C:\ti\TivaWare_C_Series-2.2.0.295\inc/hw_ints.h(359): warning:  #47-D: incompatible redefinition of macro "INT_ADC1SS3"  (declared at line 95 of "tm4c123gh6pm.h")
  #define INT_ADC1SS3             INT_CONCAT(INT_ADC1SS3_, INT_DEVICE_CLASS)
C:\ti\TivaWare_C_Series-2.2.0.295\inc/hw_ints.h(361): warning:  #47-D: incompatible redefinition of macro "INT_CAN0"  (declared at line 85 of "tm4c123gh6pm.h")
  #define INT_CAN0                INT_CONCAT(INT_CAN0_, INT_DEVICE_CLASS)
C:\ti\TivaWare_C_Series-2.2.0.295\inc/hw_ints.h(362): warning:  #47-D: incompatible redefinition of macro "INT_CAN1"  (declared at line 86 of "tm4c123gh6pm.h")
  #define INT_CAN1                INT_CONCAT(INT_CAN1_, INT_DEVICE_CLASS)
C:\ti\TivaWare_C_Series-2.2.0.295\inc/hw_ints.h(363): warning:  #47-D: incompatible redefinition of macro "INT_COMP0"  (declared at line 73 of "tm4c123gh6pm.h")
  #define INT_COMP0               INT_CONCAT(INT_COMP0_, INT_DEVICE_CLASS)
C:\ti\TivaWare_C_Series-2.2.0.295\inc/hw_ints.h(364): warning:  #47-D: incompatible redefinition of macro "INT_COMP1"  (declared at line 74 of "tm4c123gh6pm.h")
  #define INT_COMP1               INT_CONCAT(INT_COMP1_, INT_DEVICE_CLASS)
C:\ti\TivaWare_C_Series-2.2.0.295\inc/hw_ints.h(369): warning:  #47-D: incompatible redefinition of macro "INT_FLASH"  (declared at line 76 of "tm4c123gh6pm.h")
  #define INT_FLASH               INT_CONCAT(INT_FLASH_, INT_DEVICE_CLASS)
C:\ti\TivaWare_C_Series-2.2.0.295\inc/hw_ints.h(370): warning:  #47-D: incompatible redefinition of macro "INT_GPIOA"  (declared at line 48 of "tm4c123gh6pm.h")
  #define INT_GPIOA               INT_CONCAT(INT_GPIOA_, INT_DEVICE_CLASS)
C:\ti\TivaWare_C_Series-2.2.0.295\inc/hw_ints.h(371): warning:  #47-D: incompatible redefinition of macro "INT_GPIOB"  (declared at line 49 of "tm4c123gh6pm.h")
  #define INT_GPIOB               INT_CONCAT(INT_GPIOB_, INT_DEVICE_CLASS)
C:\ti\TivaWare_C_Series-2.2.0.295\inc/hw_ints.h(372): warning:  #47-D: incompatible redefinition of macro "INT_GPIOC"  (declared at line 50 of "tm4c123gh6pm.h")
  #define INT_GPIOC               INT_CONCAT(INT_GPIOC_, INT_DEVICE_CLASS)
C:\ti\TivaWare_C_Series-2.2.0.295\inc/hw_ints.h(373): warning:  #47-D: incompatible redefinition of macro "INT_GPIOD"  (declared at line 51 of "tm4c123gh6pm.h")
  #define INT_GPIOD               INT_CONCAT(INT_GPIOD_, INT_DEVICE_CLASS)
C:\ti\TivaWare_C_Series-2.2.0.295\inc/hw_ints.h(374): warning:  #47-D: incompatible redefinition of macro "INT_GPIOE"  (declared at line 52 of "tm4c123gh6pm.h")
  #define INT_GPIOE               INT_CONCAT(INT_GPIOE_, INT_DEVICE_CLASS)
C:\ti\TivaWare_C_Series-2.2.0.295\inc/hw_ints.h(375): warning:  #47-D: incompatible redefinition of macro "INT_GPIOF"  (declared at line 78 of "tm4c123gh6pm.h")
  #define INT_GPIOF               INT_CONCAT(INT_GPIOF_, INT_DEVICE_CLASS)
C:\ti\TivaWare_C_Series-2.2.0.295\inc/hw_ints.h(402): warning:  #47-D: incompatible redefinition of macro "INT_HIBERNATE"  (declared at line 87 of "tm4c123gh6pm.h")
  #define INT_HIBERNATE           INT_CONCAT(INT_HIBERNATE_, INT_DEVICE_CLASS)
C:\ti\TivaWare_C_Series-2.2.0.295\inc/hw_ints.h(403): warning:  #47-D: incompatible redefinition of macro "INT_I2C0"  (declared at line 56 of "tm4c123gh6pm.h")
  #define INT_I2C0                INT_CONCAT(INT_I2C0_, INT_DEVICE_CLASS)
C:\ti\TivaWare_C_Series-2.2.0.295\inc/hw_ints.h(404): warning:  #47-D: incompatible redefinition of macro "INT_I2C1"  (declared at line 83 of "tm4c123gh6pm.h")
  #define INT_I2C1                INT_CONCAT(INT_I2C1_, INT_DEVICE_CLASS)
C:\ti\TivaWare_C_Series-2.2.0.295\inc/hw_ints.h(405): warning:  #47-D: incompatible redefinition of macro "INT_I2C2"  (declared at line 103 of "tm4c123gh6pm.h")
  #define INT_I2C2                INT_CONCAT(INT_I2C2_, INT_DEVICE_CLASS)
C:\ti\TivaWare_C_Series-2.2.0.295\inc/hw_ints.h(406): warning:  #47-D: incompatible redefinition of macro "INT_I2C3"  (declared at line 104 of "tm4c123gh6pm.h")
  #define INT_I2C3                INT_CONCAT(INT_I2C3_, INT_DEVICE_CLASS)
C:\ti\TivaWare_C_Series-2.2.0.295\inc/hw_ints.h(415): warning:  #47-D: incompatible redefinition of macro "INT_PWM0_0"  (declared at line 58 of "tm4c123gh6pm.h")
  #define INT_PWM0_0              INT_CONCAT(INT_PWM0_0_, INT_DEVICE_CLASS)
C:\ti\TivaWare_C_Series-2.2.0.295\inc/hw_ints.h(416): warning:  #47-D: incompatible redefinition of macro "INT_PWM0_1"  (declared at line 59 of "tm4c123gh6pm.h")
  #define INT_PWM0_1              INT_CONCAT(INT_PWM0_1_, INT_DEVICE_CLASS)
C:\ti\TivaWare_C_Series-2.2.0.295\inc/hw_ints.h(417): warning:  #47-D: incompatible redefinition of macro "INT_PWM0_2"  (declared at line 60 of "tm4c123gh6pm.h")
  #define INT_PWM0_2              INT_CONCAT(INT_PWM0_2_, INT_DEVICE_CLASS)
C:\ti\TivaWare_C_Series-2.2.0.295\inc/hw_ints.h(418): warning:  #47-D: incompatible redefinition of macro "INT_PWM0_3"  (declared at line 89 of "tm4c123gh6pm.h")
  #define INT_PWM0_3              INT_CONCAT(INT_PWM0_3_, INT_DEVICE_CLASS)
C:\ti\TivaWare_C_Series-2.2.0.295\inc/hw_ints.h(419): warning:  #47-D: incompatible redefinition of macro "INT_PWM0_FAULT"  (declared at line 57 of "tm4c123gh6pm.h")
  #define INT_PWM0_FAULT          INT_CONCAT(INT_PWM0_FAULT_, INT_DEVICE_CLASS)
C:\ti\TivaWare_C_Series-2.2.0.295\inc/hw_ints.h(420): warning:  #47-D: incompatible redefinition of macro "INT_PWM1_0"  (declared at line 122 of "tm4c123gh6pm.h")
  #define INT_PWM1_0              INT_CONCAT(INT_PWM1_0_, INT_DEVICE_CLASS)
C:\ti\TivaWare_C_Series-2.2.0.295\inc/hw_ints.h(421): warning:  #47-D: incompatible redefinition of macro "INT_PWM1_1"  (declared at line 123 of "tm4c123gh6pm.h")
  #define INT_PWM1_1              INT_CONCAT(INT_PWM1_1_, INT_DEVICE_CLASS)
C:\ti\TivaWare_C_Series-2.2.0.295\inc/hw_ints.h(422): warning:  #47-D: incompatible redefinition of macro "INT_PWM1_2"  (declared at line 124 of "tm4c123gh6pm.h")
  #define INT_PWM1_2              INT_CONCAT(INT_PWM1_2_, INT_DEVICE_CLASS)
C:\ti\TivaWare_C_Series-2.2.0.295\inc/hw_ints.h(423): warning:  #47-D: incompatible redefinition of macro "INT_PWM1_3"  (declared at line 125 of "tm4c123gh6pm.h")
  #define INT_PWM1_3              INT_CONCAT(INT_PWM1_3_, INT_DEVICE_CLASS)
C:\ti\TivaWare_C_Series-2.2.0.295\inc/hw_ints.h(424): warning:  #47-D: incompatible redefinition of macro "INT_PWM1_FAULT"  (declared at line 126 of "tm4c123gh6pm.h")
  #define INT_PWM1_FAULT          INT_CONCAT(INT_PWM1_FAULT_, INT_DEVICE_CLASS)
C:\ti\TivaWare_C_Series-2.2.0.295\inc/hw_ints.h(425): warning:  #47-D: incompatible redefinition of macro "INT_QEI0"  (declared at line 61 of "tm4c123gh6pm.h")
  #define INT_QEI0                INT_CONCAT(INT_QEI0_, INT_DEVICE_CLASS)
C:\ti\TivaWare_C_Series-2.2.0.295\inc/hw_ints.h(426): warning:  #47-D: incompatible redefinition of macro "INT_QEI1"  (declared at line 84 of "tm4c123gh6pm.h")
  #define INT_QEI1                INT_CONCAT(INT_QEI1_, INT_DEVICE_CLASS)
C:\ti\TivaWare_C_Series-2.2.0.295\inc/hw_ints.h(428): warning:  #47-D: incompatible redefinition of macro "INT_SSI0"  (declared at line 55 of "tm4c123gh6pm.h")
  #define INT_SSI0                INT_CONCAT(INT_SSI0_, INT_DEVICE_CLASS)
C:\ti\TivaWare_C_Series-2.2.0.295\inc/hw_ints.h(429): warning:  #47-D: incompatible redefinition of macro "INT_SSI1"  (declared at line 80 of "tm4c123gh6pm.h")
  #define INT_SSI1                INT_CONCAT(INT_SSI1_, INT_DEVICE_CLASS)
C:\ti\TivaWare_C_Series-2.2.0.295\inc/hw_ints.h(430): warning:  #47-D: incompatible redefinition of macro "INT_SSI2"  (declared at line 96 of "tm4c123gh6pm.h")
  #define INT_SSI2                INT_CONCAT(INT_SSI2_, INT_DEVICE_CLASS)
C:\ti\TivaWare_C_Series-2.2.0.295\inc/hw_ints.h(431): warning:  #47-D: incompatible redefinition of macro "INT_SSI3"  (declared at line 97 of "tm4c123gh6pm.h")
  #define INT_SSI3                INT_CONCAT(INT_SSI3_, INT_DEVICE_CLASS)
C:\ti\TivaWare_C_Series-2.2.0.295\inc/hw_ints.h(432): warning:  #47-D: incompatible redefinition of macro "INT_SYSCTL"  (declared at line 75 of "tm4c123gh6pm.h")
  #define INT_SYSCTL              INT_CONCAT(INT_SYSCTL_, INT_DEVICE_CLASS)
C:\ti\TivaWare_C_Series-2.2.0.295\inc/hw_ints.h(433): warning:  #47-D: incompatible redefinition of macro "INT_SYSEXC"  (declared at line 121 of "tm4c123gh6pm.h")
  #define INT_SYSEXC              INT_CONCAT(INT_SYSEXC_, INT_DEVICE_CLASS)
C:\ti\TivaWare_C_Series-2.2.0.295\inc/hw_ints.h(435): warning:  #47-D: incompatible redefinition of macro "INT_TIMER0A"  (declared at line 67 of "tm4c123gh6pm.h")
  #define INT_TIMER0A             INT_CONCAT(INT_TIMER0A_, INT_DEVICE_CLASS)
C:\ti\TivaWare_C_Series-2.2.0.295\inc/hw_ints.h(436): warning:  #47-D: incompatible redefinition of macro "INT_TIMER0B"  (declared at line 68 of "tm4c123gh6pm.h")
  #define INT_TIMER0B             INT_CONCAT(INT_TIMER0B_, INT_DEVICE_CLASS)
C:\ti\TivaWare_C_Series-2.2.0.295\inc/hw_ints.h(437): warning:  #47-D: incompatible redefinition of macro "INT_TIMER1A"  (declared at line 69 of "tm4c123gh6pm.h")
  #define INT_TIMER1A             INT_CONCAT(INT_TIMER1A_, INT_DEVICE_CLASS)
C:\ti\TivaWare_C_Series-2.2.0.295\inc/hw_ints.h(438): warning:  #47-D: incompatible redefinition of macro "INT_TIMER1B"  (declared at line 70 of "tm4c123gh6pm.h")
  #define INT_TIMER1B             INT_CONCAT(INT_TIMER1B_, INT_DEVICE_CLASS)
C:\ti\TivaWare_C_Series-2.2.0.295\inc/hw_ints.h(439): warning:  #47-D: incompatible redefinition of macro "INT_TIMER2A"  (declared at line 71 of "tm4c123gh6pm.h")
  #define INT_TIMER2A             INT_CONCAT(INT_TIMER2A_, INT_DEVICE_CLASS)
C:\ti\TivaWare_C_Series-2.2.0.295\inc/hw_ints.h(440): warning:  #47-D: incompatible redefinition of macro "INT_TIMER2B"  (declared at line 72 of "tm4c123gh6pm.h")
  #define INT_TIMER2B             INT_CONCAT(INT_TIMER2B_, INT_DEVICE_CLASS)
C:\ti\TivaWare_C_Series-2.2.0.295\inc/hw_ints.h(441): warning:  #47-D: incompatible redefinition of macro "INT_TIMER3A"  (declared at line 81 of "tm4c123gh6pm.h")
  #define INT_TIMER3A             INT_CONCAT(INT_TIMER3A_, INT_DEVICE_CLASS)
C:\ti\TivaWare_C_Series-2.2.0.295\inc/hw_ints.h(442): warning:  #47-D: incompatible redefinition of macro "INT_TIMER3B"  (declared at line 82 of "tm4c123gh6pm.h")
  #define INT_TIMER3B             INT_CONCAT(INT_TIMER3B_, INT_DEVICE_CLASS)
C:\ti\TivaWare_C_Series-2.2.0.295\inc/hw_ints.h(443): warning:  #47-D: incompatible redefinition of macro "INT_TIMER4A"  (declared at line 105 of "tm4c123gh6pm.h")
  #define INT_TIMER4A             INT_CONCAT(INT_TIMER4A_, INT_DEVICE_CLASS)
C:\ti\TivaWare_C_Series-2.2.0.295\inc/hw_ints.h(444): warning:  #47-D: incompatible redefinition of macro "INT_TIMER4B"  (declared at line 106 of "tm4c123gh6pm.h")
  #define INT_TIMER4B             INT_CONCAT(INT_TIMER4B_, INT_DEVICE_CLASS)
C:\ti\TivaWare_C_Series-2.2.0.295\inc/hw_ints.h(445): warning:  #47-D: incompatible redefinition of macro "INT_TIMER5A"  (declared at line 107 of "tm4c123gh6pm.h")
  #define INT_TIMER5A             INT_CONCAT(INT_TIMER5A_, INT_DEVICE_CLASS)
C:\ti\TivaWare_C_Series-2.2.0.295\inc/hw_ints.h(446): warning:  #47-D: incompatible redefinition of macro "INT_TIMER5B"  (declared at line 108 of "tm4c123gh6pm.h")
  #define INT_TIMER5B             INT_CONCAT(INT_TIMER5B_, INT_DEVICE_CLASS)
C:\ti\TivaWare_C_Series-2.2.0.295\inc/hw_ints.h(451): warning:  #47-D: incompatible redefinition of macro "INT_UART0"  (declared at line 53 of "tm4c123gh6pm.h")
  #define INT_UART0               INT_CONCAT(INT_UART0_, INT_DEVICE_CLASS)
C:\ti\TivaWare_C_Series-2.2.0.295\inc/hw_ints.h(452): warning:  #47-D: incompatible redefinition of macro "INT_UART1"  (declared at line 54 of "tm4c123gh6pm.h")
  #define INT_UART1               INT_CONCAT(INT_UART1_, INT_DEVICE_CLASS)
C:\ti\TivaWare_C_Series-2.2.0.295\inc/hw_ints.h(453): warning:  #47-D: incompatible redefinition of macro "INT_UART2"  (declared at line 79 of "tm4c123gh6pm.h")
  #define INT_UART2               INT_CONCAT(INT_UART2_, INT_DEVICE_CLASS)
C:\ti\TivaWare_C_Series-2.2.0.295\inc/hw_ints.h(454): warning:  #47-D: incompatible redefinition of macro "INT_UART3"  (declared at line 98 of "tm4c123gh6pm.h")
  #define INT_UART3               INT_CONCAT(INT_UART3_, INT_DEVICE_CLASS)
C:\ti\TivaWare_C_Series-2.2.0.295\inc/hw_ints.h(455): warning:  #47-D: incompatible redefinition of macro "INT_UART4"  (declared at line 99 of "tm4c123gh6pm.h")
  #define INT_UART4               INT_CONCAT(INT_UART4_, INT_DEVICE_CLASS)
C:\ti\TivaWare_C_Series-2.2.0.295\inc/hw_ints.h(456): warning:  #47-D: incompatible redefinition of macro "INT_UART5"  (declared at line 100 of "tm4c123gh6pm.h")
  #define INT_UART5               INT_CONCAT(INT_UART5_, INT_DEVICE_CLASS)
C:\ti\TivaWare_C_Series-2.2.0.295\inc/hw_ints.h(457): warning:  #47-D: incompatible redefinition of macro "INT_UART6"  (declared at line 101 of "tm4c123gh6pm.h")
  #define INT_UART6               INT_CONCAT(INT_UART6_, INT_DEVICE_CLASS)
C:\ti\TivaWare_C_Series-2.2.0.295\inc/hw_ints.h(458): warning:  #47-D: incompatible redefinition of macro "INT_UART7"  (declared at line 102 of "tm4c123gh6pm.h")
  #define INT_UART7               INT_CONCAT(INT_UART7_, INT_DEVICE_CLASS)
C:\ti\TivaWare_C_Series-2.2.0.295\inc/hw_ints.h(459): warning:  #47-D: incompatible redefinition of macro "INT_UDMA"  (declared at line 90 of "tm4c123gh6pm.h")
  #define INT_UDMA                INT_CONCAT(INT_UDMA_, INT_DEVICE_CLASS)
C:\ti\TivaWare_C_Series-2.2.0.295\inc/hw_ints.h(460): warning:  #47-D: incompatible redefinition of macro "INT_UDMAERR"  (declared at line 91 of "tm4c123gh6pm.h")
  #define INT_UDMAERR             INT_CONCAT(INT_UDMAERR_, INT_DEVICE_CLASS)
C:\ti\TivaWare_C_Series-2.2.0.295\inc/hw_ints.h(461): warning:  #47-D: incompatible redefinition of macro "INT_USB0"  (declared at line 88 of "tm4c123gh6pm.h")
  #define INT_USB0                INT_CONCAT(INT_USB0_, INT_DEVICE_CLASS)
C:\ti\TivaWare_C_Series-2.2.0.295\inc/hw_ints.h(462): warning:  #47-D: incompatible redefinition of macro "INT_WATCHDOG"  (declared at line 66 of "tm4c123gh6pm.h")
  #define INT_WATCHDOG            INT_CONCAT(INT_WATCHDOG_, INT_DEVICE_CLASS)
C:\ti\TivaWare_C_Series-2.2.0.295\inc/hw_ints.h(463): warning:  #47-D: incompatible redefinition of macro "INT_WTIMER0A"  (declared at line 109 of "tm4c123gh6pm.h")
  #define INT_WTIMER0A            INT_CONCAT(INT_WTIMER0A_, INT_DEVICE_CLASS)
C:\ti\TivaWare_C_Series-2.2.0.295\inc/hw_ints.h(464): warning:  #47-D: incompatible redefinition of macro "INT_WTIMER0B"  (declared at line 110 of "tm4c123gh6pm.h")
  #define INT_WTIMER0B            INT_CONCAT(INT_WTIMER0B_, INT_DEVICE_CLASS)
C:\ti\TivaWare_C_Series-2.2.0.295\inc/hw_ints.h(465): warning:  #47-D: incompatible redefinition of macro "INT_WTIMER1A"  (declared at line 111 of "tm4c123gh6pm.h")
  #define INT_WTIMER1A            INT_CONCAT(INT_WTIMER1A_, INT_DEVICE_CLASS)
C:\ti\TivaWare_C_Series-2.2.0.295\inc/hw_ints.h(466): warning:  #47-D: incompatible redefinition of macro "INT_WTIMER1B"  (declared at line 112 of "tm4c123gh6pm.h")
  #define INT_WTIMER1B            INT_CONCAT(INT_WTIMER1B_, INT_DEVICE_CLASS)
C:\ti\TivaWare_C_Series-2.2.0.295\inc/hw_ints.h(467): warning:  #47-D: incompatible redefinition of macro "INT_WTIMER2A"  (declared at line 113 of "tm4c123gh6pm.h")
  #define INT_WTIMER2A            INT_CONCAT(INT_WTIMER2A_, INT_DEVICE_CLASS)
C:\ti\TivaWare_C_Series-2.2.0.295\inc/hw_ints.h(468): warning:  #47-D: incompatible redefinition of macro "INT_WTIMER2B"  (declared at line 114 of "tm4c123gh6pm.h")
  #define INT_WTIMER2B            INT_CONCAT(INT_WTIMER2B_, INT_DEVICE_CLASS)
C:\ti\TivaWare_C_Series-2.2.0.295\inc/hw_ints.h(469): warning:  #47-D: incompatible redefinition of macro "INT_WTIMER3A"  (declared at line 115 of "tm4c123gh6pm.h")
  #define INT_WTIMER3A            INT_CONCAT(INT_WTIMER3A_, INT_DEVICE_CLASS)
C:\ti\TivaWare_C_Series-2.2.0.295\inc/hw_ints.h(470): warning:  #47-D: incompatible redefinition of macro "INT_WTIMER3B"  (declared at line 116 of "tm4c123gh6pm.h")
  #define INT_WTIMER3B            INT_CONCAT(INT_WTIMER3B_, INT_DEVICE_CLASS)
C:\ti\TivaWare_C_Series-2.2.0.295\inc/hw_ints.h(471): warning:  #47-D: incompatible redefinition of macro "INT_WTIMER4A"  (declared at line 117 of "tm4c123gh6pm.h")
  #define INT_WTIMER4A            INT_CONCAT(INT_WTIMER4A_, INT_DEVICE_CLASS)
C:\ti\TivaWare_C_Series-2.2.0.295\inc/hw_ints.h(472): warning:  #47-D: incompatible redefinition of macro "INT_WTIMER4B"  (declared at line 118 of "tm4c123gh6pm.h")
  #define INT_WTIMER4B            INT_CONCAT(INT_WTIMER4B_, INT_DEVICE_CLASS)
C:\ti\TivaWare_C_Series-2.2.0.295\inc/hw_ints.h(473): warning:  #47-D: incompatible redefinition of macro "INT_WTIMER5A"  (declared at line 119 of "tm4c123gh6pm.h")
  #define INT_WTIMER5A            INT_CONCAT(INT_WTIMER5A_, INT_DEVICE_CLASS)
C:\ti\TivaWare_C_Series-2.2.0.295\inc/hw_ints.h(474): warning:  #47-D: incompatible redefinition of macro "INT_WTIMER5B"  (declared at line 120 of "tm4c123gh6pm.h")
  #define INT_WTIMER5B            INT_CONCAT(INT_WTIMER5B_, INT_DEVICE_CLASS)
dio_cfg.c(21): warning:  #111-D: statement is unreachable
  	return 0;
dio_cfg.c(22): warning:  #1-D: last line of file ends without a newline
  }
dio_cfg.c(18): warning:  #550-D: variable "level"  was set but never used
  	Dio_PortLevelType level;
dio_cfg.c: 81 warnings, 0 errors
compiling dio.c...
C:\ti\TivaWare_C_Series-2.2.0.295\inc/hw_ints.h(352): warning:  #47-D: incompatible redefinition of macro "INT_ADC0SS0"  (declared at line 62 of "tm4c123gh6pm.h")
  #define INT_ADC0SS0             INT_CONCAT(INT_ADC0SS0_, INT_DEVICE_CLASS)
C:\ti\TivaWare_C_Series-2.2.0.295\inc/hw_ints.h(353): warning:  #47-D: incompatible redefinition of macro "INT_ADC0SS1"  (declared at line 63 of "tm4c123gh6pm.h")
  #define INT_ADC0SS1             INT_CONCAT(INT_ADC0SS1_, INT_DEVICE_CLASS)
C:\ti\TivaWare_C_Series-2.2.0.295\inc/hw_ints.h(354): warning:  #47-D: incompatible redefinition of macro "INT_ADC0SS2"  (declared at line 64 of "tm4c123gh6pm.h")
  #define INT_ADC0SS2             INT_CONCAT(INT_ADC0SS2_, INT_DEVICE_CLASS)
C:\ti\TivaWare_C_Series-2.2.0.295\inc/hw_ints.h(355): warning:  #47-D: incompatible redefinition of macro "INT_ADC0SS3"  (declared at line 65 of "tm4c123gh6pm.h")
  #define INT_ADC0SS3             INT_CONCAT(INT_ADC0SS3_, INT_DEVICE_CLASS)
C:\ti\TivaWare_C_Series-2.2.0.295\inc/hw_ints.h(356): warning:  #47-D: incompatible redefinition of macro "INT_ADC1SS0"  (declared at line 92 of "tm4c123gh6pm.h")
  #define INT_ADC1SS0             INT_CONCAT(INT_ADC1SS0_, INT_DEVICE_CLASS)
C:\ti\TivaWare_C_Series-2.2.0.295\inc/hw_ints.h(357): warning:  #47-D: incompatible redefinition of macro "INT_ADC1SS1"  (declared at line 93 of "tm4c123gh6pm.h")
  #define INT_ADC1SS1             INT_CONCAT(INT_ADC1SS1_, INT_DEVICE_CLASS)
C:\ti\TivaWare_C_Series-2.2.0.295\inc/hw_ints.h(358): warning:  #47-D: incompatible redefinition of macro "INT_ADC1SS2"  (declared at line 94 of "tm4c123gh6pm.h")
  #define INT_ADC1SS2             INT_CONCAT(INT_ADC1SS2_, INT_DEVICE_CLASS)
C:\ti\TivaWare_C_Series-2.2.0.295\inc/hw_ints.h(359): warning:  #47-D: incompatible redefinition of macro "INT_ADC1SS3"  (declared at line 95 of "tm4c123gh6pm.h")
  #define INT_ADC1SS3             INT_CONCAT(INT_ADC1SS3_, INT_DEVICE_CLASS)
C:\ti\TivaWare_C_Series-2.2.0.295\inc/hw_ints.h(361): warning:  #47-D: incompatible redefinition of macro "INT_CAN0"  (declared at line 85 of "tm4c123gh6pm.h")
  #define INT_CAN0                INT_CONCAT(INT_CAN0_, INT_DEVICE_CLASS)
C:\ti\TivaWare_C_Series-2.2.0.295\inc/hw_ints.h(362): warning:  #47-D: incompatible redefinition of macro "INT_CAN1"  (declared at line 86 of "tm4c123gh6pm.h")
  #define INT_CAN1                INT_CONCAT(INT_CAN1_, INT_DEVICE_CLASS)
C:\ti\TivaWare_C_Series-2.2.0.295\inc/hw_ints.h(363): warning:  #47-D: incompatible redefinition of macro "INT_COMP0"  (declared at line 73 of "tm4c123gh6pm.h")
  #define INT_COMP0               INT_CONCAT(INT_COMP0_, INT_DEVICE_CLASS)
C:\ti\TivaWare_C_Series-2.2.0.295\inc/hw_ints.h(364): warning:  #47-D: incompatible redefinition of macro "INT_COMP1"  (declared at line 74 of "tm4c123gh6pm.h")
  #define INT_COMP1               INT_CONCAT(INT_COMP1_, INT_DEVICE_CLASS)
C:\ti\TivaWare_C_Series-2.2.0.295\inc/hw_ints.h(369): warning:  #47-D: incompatible redefinition of macro "INT_FLASH"  (declared at line 76 of "tm4c123gh6pm.h")
  #define INT_FLASH               INT_CONCAT(INT_FLASH_, INT_DEVICE_CLASS)
C:\ti\TivaWare_C_Series-2.2.0.295\inc/hw_ints.h(370): warning:  #47-D: incompatible redefinition of macro "INT_GPIOA"  (declared at line 48 of "tm4c123gh6pm.h")
  #define INT_GPIOA               INT_CONCAT(INT_GPIOA_, INT_DEVICE_CLASS)
C:\ti\TivaWare_C_Series-2.2.0.295\inc/hw_ints.h(371): warning:  #47-D: incompatible redefinition of macro "INT_GPIOB"  (declared at line 49 of "tm4c123gh6pm.h")
  #define INT_GPIOB               INT_CONCAT(INT_GPIOB_, INT_DEVICE_CLASS)
C:\ti\TivaWare_C_Series-2.2.0.295\inc/hw_ints.h(372): warning:  #47-D: incompatible redefinition of macro "INT_GPIOC"  (declared at line 50 of "tm4c123gh6pm.h")
  #define INT_GPIOC               INT_CONCAT(INT_GPIOC_, INT_DEVICE_CLASS)
C:\ti\TivaWare_C_Series-2.2.0.295\inc/hw_ints.h(373): warning:  #47-D: incompatible redefinition of macro "INT_GPIOD"  (declared at line 51 of "tm4c123gh6pm.h")
  #define INT_GPIOD               INT_CONCAT(INT_GPIOD_, INT_DEVICE_CLASS)
C:\ti\TivaWare_C_Series-2.2.0.295\inc/hw_ints.h(374): warning:  #47-D: incompatible redefinition of macro "INT_GPIOE"  (declared at line 52 of "tm4c123gh6pm.h")
  #define INT_GPIOE               INT_CONCAT(INT_GPIOE_, INT_DEVICE_CLASS)
C:\ti\TivaWare_C_Series-2.2.0.295\inc/hw_ints.h(375): warning:  #47-D: incompatible redefinition of macro "INT_GPIOF"  (declared at line 78 of "tm4c123gh6pm.h")
  #define INT_GPIOF               INT_CONCAT(INT_GPIOF_, INT_DEVICE_CLASS)
C:\ti\TivaWare_C_Series-2.2.0.295\inc/hw_ints.h(402): warning:  #47-D: incompatible redefinition of macro "INT_HIBERNATE"  (declared at line 87 of "tm4c123gh6pm.h")
  #define INT_HIBERNATE           INT_CONCAT(INT_HIBERNATE_, INT_DEVICE_CLASS)
C:\ti\TivaWare_C_Series-2.2.0.295\inc/hw_ints.h(403): warning:  #47-D: incompatible redefinition of macro "INT_I2C0"  (declared at line 56 of "tm4c123gh6pm.h")
  #define INT_I2C0                INT_CONCAT(INT_I2C0_, INT_DEVICE_CLASS)
C:\ti\TivaWare_C_Series-2.2.0.295\inc/hw_ints.h(404): warning:  #47-D: incompatible redefinition of macro "INT_I2C1"  (declared at line 83 of "tm4c123gh6pm.h")
  #define INT_I2C1                INT_CONCAT(INT_I2C1_, INT_DEVICE_CLASS)
C:\ti\TivaWare_C_Series-2.2.0.295\inc/hw_ints.h(405): warning:  #47-D: incompatible redefinition of macro "INT_I2C2"  (declared at line 103 of "tm4c123gh6pm.h")
  #define INT_I2C2                INT_CONCAT(INT_I2C2_, INT_DEVICE_CLASS)
C:\ti\TivaWare_C_Series-2.2.0.295\inc/hw_ints.h(406): warning:  #47-D: incompatible redefinition of macro "INT_I2C3"  (declared at line 104 of "tm4c123gh6pm.h")
  #define INT_I2C3                INT_CONCAT(INT_I2C3_, INT_DEVICE_CLASS)
C:\ti\TivaWare_C_Series-2.2.0.295\inc/hw_ints.h(415): warning:  #47-D: incompatible redefinition of macro "INT_PWM0_0"  (declared at line 58 of "tm4c123gh6pm.h")
  #define INT_PWM0_0              INT_CONCAT(INT_PWM0_0_, INT_DEVICE_CLASS)
C:\ti\TivaWare_C_Series-2.2.0.295\inc/hw_ints.h(416): warning:  #47-D: incompatible redefinition of macro "INT_PWM0_1"  (declared at line 59 of "tm4c123gh6pm.h")
  #define INT_PWM0_1              INT_CONCAT(INT_PWM0_1_, INT_DEVICE_CLASS)
C:\ti\TivaWare_C_Series-2.2.0.295\inc/hw_ints.h(417): warning:  #47-D: incompatible redefinition of macro "INT_PWM0_2"  (declared at line 60 of "tm4c123gh6pm.h")
  #define INT_PWM0_2              INT_CONCAT(INT_PWM0_2_, INT_DEVICE_CLASS)
C:\ti\TivaWare_C_Series-2.2.0.295\inc/hw_ints.h(418): warning:  #47-D: incompatible redefinition of macro "INT_PWM0_3"  (declared at line 89 of "tm4c123gh6pm.h")
  #define INT_PWM0_3              INT_CONCAT(INT_PWM0_3_, INT_DEVICE_CLASS)
C:\ti\TivaWare_C_Series-2.2.0.295\inc/hw_ints.h(419): warning:  #47-D: incompatible redefinition of macro "INT_PWM0_FAULT"  (declared at line 57 of "tm4c123gh6pm.h")
  #define INT_PWM0_FAULT          INT_CONCAT(INT_PWM0_FAULT_, INT_DEVICE_CLASS)
C:\ti\TivaWare_C_Series-2.2.0.295\inc/hw_ints.h(420): warning:  #47-D: incompatible redefinition of macro "INT_PWM1_0"  (declared at line 122 of "tm4c123gh6pm.h")
  #define INT_PWM1_0              INT_CONCAT(INT_PWM1_0_, INT_DEVICE_CLASS)
C:\ti\TivaWare_C_Series-2.2.0.295\inc/hw_ints.h(421): warning:  #47-D: incompatible redefinition of macro "INT_PWM1_1"  (declared at line 123 of "tm4c123gh6pm.h")
  #define INT_PWM1_1              INT_CONCAT(INT_PWM1_1_, INT_DEVICE_CLASS)
C:\ti\TivaWare_C_Series-2.2.0.295\inc/hw_ints.h(422): warning:  #47-D: incompatible redefinition of macro "INT_PWM1_2"  (declared at line 124 of "tm4c123gh6pm.h")
  #define INT_PWM1_2              INT_CONCAT(INT_PWM1_2_, INT_DEVICE_CLASS)
C:\ti\TivaWare_C_Series-2.2.0.295\inc/hw_ints.h(423): warning:  #47-D: incompatible redefinition of macro "INT_PWM1_3"  (declared at line 125 of "tm4c123gh6pm.h")
  #define INT_PWM1_3              INT_CONCAT(INT_PWM1_3_, INT_DEVICE_CLASS)
C:\ti\TivaWare_C_Series-2.2.0.295\inc/hw_ints.h(424): warning:  #47-D: incompatible redefinition of macro "INT_PWM1_FAULT"  (declared at line 126 of "tm4c123gh6pm.h")
  #define INT_PWM1_FAULT          INT_CONCAT(INT_PWM1_FAULT_, INT_DEVICE_CLASS)
C:\ti\TivaWare_C_Series-2.2.0.295\inc/hw_ints.h(425): warning:  #47-D: incompatible redefinition of macro "INT_QEI0"  (declared at line 61 of "tm4c123gh6pm.h")
  #define INT_QEI0                INT_CONCAT(INT_QEI0_, INT_DEVICE_CLASS)
C:\ti\TivaWare_C_Series-2.2.0.295\inc/hw_ints.h(426): warning:  #47-D: incompatible redefinition of macro "INT_QEI1"  (declared at line 84 of "tm4c123gh6pm.h")
  #define INT_QEI1                INT_CONCAT(INT_QEI1_, INT_DEVICE_CLASS)
C:\ti\TivaWare_C_Series-2.2.0.295\inc/hw_ints.h(428): warning:  #47-D: incompatible redefinition of macro "INT_SSI0"  (declared at line 55 of "tm4c123gh6pm.h")
  #define INT_SSI0                INT_CONCAT(INT_SSI0_, INT_DEVICE_CLASS)
C:\ti\TivaWare_C_Series-2.2.0.295\inc/hw_ints.h(429): warning:  #47-D: incompatible redefinition of macro "INT_SSI1"  (declared at line 80 of "tm4c123gh6pm.h")
  #define INT_SSI1                INT_CONCAT(INT_SSI1_, INT_DEVICE_CLASS)
C:\ti\TivaWare_C_Series-2.2.0.295\inc/hw_ints.h(430): warning:  #47-D: incompatible redefinition of macro "INT_SSI2"  (declared at line 96 of "tm4c123gh6pm.h")
  #define INT_SSI2                INT_CONCAT(INT_SSI2_, INT_DEVICE_CLASS)
C:\ti\TivaWare_C_Series-2.2.0.295\inc/hw_ints.h(431): warning:  #47-D: incompatible redefinition of macro "INT_SSI3"  (declared at line 97 of "tm4c123gh6pm.h")
  #define INT_SSI3                INT_CONCAT(INT_SSI3_, INT_DEVICE_CLASS)
C:\ti\TivaWare_C_Series-2.2.0.295\inc/hw_ints.h(432): warning:  #47-D: incompatible redefinition of macro "INT_SYSCTL"  (declared at line 75 of "tm4c123gh6pm.h")
  #define INT_SYSCTL              INT_CONCAT(INT_SYSCTL_, INT_DEVICE_CLASS)
C:\ti\TivaWare_C_Series-2.2.0.295\inc/hw_ints.h(433): warning:  #47-D: incompatible redefinition of macro "INT_SYSEXC"  (declared at line 121 of "tm4c123gh6pm.h")
  #define INT_SYSEXC              INT_CONCAT(INT_SYSEXC_, INT_DEVICE_CLASS)
C:\ti\TivaWare_C_Series-2.2.0.295\inc/hw_ints.h(435): warning:  #47-D: incompatible redefinition of macro "INT_TIMER0A"  (declared at line 67 of "tm4c123gh6pm.h")
  #define INT_TIMER0A             INT_CONCAT(INT_TIMER0A_, INT_DEVICE_CLASS)
C:\ti\TivaWare_C_Series-2.2.0.295\inc/hw_ints.h(436): warning:  #47-D: incompatible redefinition of macro "INT_TIMER0B"  (declared at line 68 of "tm4c123gh6pm.h")
  #define INT_TIMER0B             INT_CONCAT(INT_TIMER0B_, INT_DEVICE_CLASS)
C:\ti\TivaWare_C_Series-2.2.0.295\inc/hw_ints.h(437): warning:  #47-D: incompatible redefinition of macro "INT_TIMER1A"  (declared at line 69 of "tm4c123gh6pm.h")
  #define INT_TIMER1A             INT_CONCAT(INT_TIMER1A_, INT_DEVICE_CLASS)
C:\ti\TivaWare_C_Series-2.2.0.295\inc/hw_ints.h(438): warning:  #47-D: incompatible redefinition of macro "INT_TIMER1B"  (declared at line 70 of "tm4c123gh6pm.h")
  #define INT_TIMER1B             INT_CONCAT(INT_TIMER1B_, INT_DEVICE_CLASS)
C:\ti\TivaWare_C_Series-2.2.0.295\inc/hw_ints.h(439): warning:  #47-D: incompatible redefinition of macro "INT_TIMER2A"  (declared at line 71 of "tm4c123gh6pm.h")
  #define INT_TIMER2A             INT_CONCAT(INT_TIMER2A_, INT_DEVICE_CLASS)
C:\ti\TivaWare_C_Series-2.2.0.295\inc/hw_ints.h(440): warning:  #47-D: incompatible redefinition of macro "INT_TIMER2B"  (declared at line 72 of "tm4c123gh6pm.h")
  #define INT_TIMER2B             INT_CONCAT(INT_TIMER2B_, INT_DEVICE_CLASS)
C:\ti\TivaWare_C_Series-2.2.0.295\inc/hw_ints.h(441): warning:  #47-D: incompatible redefinition of macro "INT_TIMER3A"  (declared at line 81 of "tm4c123gh6pm.h")
  #define INT_TIMER3A             INT_CONCAT(INT_TIMER3A_, INT_DEVICE_CLASS)
C:\ti\TivaWare_C_Series-2.2.0.295\inc/hw_ints.h(442): warning:  #47-D: incompatible redefinition of macro "INT_TIMER3B"  (declared at line 82 of "tm4c123gh6pm.h")
  #define INT_TIMER3B             INT_CONCAT(INT_TIMER3B_, INT_DEVICE_CLASS)
C:\ti\TivaWare_C_Series-2.2.0.295\inc/hw_ints.h(443): warning:  #47-D: incompatible redefinition of macro "INT_TIMER4A"  (declared at line 105 of "tm4c123gh6pm.h")
  #define INT_TIMER4A             INT_CONCAT(INT_TIMER4A_, INT_DEVICE_CLASS)
C:\ti\TivaWare_C_Series-2.2.0.295\inc/hw_ints.h(444): warning:  #47-D: incompatible redefinition of macro "INT_TIMER4B"  (declared at line 106 of "tm4c123gh6pm.h")
  #define INT_TIMER4B             INT_CONCAT(INT_TIMER4B_, INT_DEVICE_CLASS)
C:\ti\TivaWare_C_Series-2.2.0.295\inc/hw_ints.h(445): warning:  #47-D: incompatible redefinition of macro "INT_TIMER5A"  (declared at line 107 of "tm4c123gh6pm.h")
  #define INT_TIMER5A             INT_CONCAT(INT_TIMER5A_, INT_DEVICE_CLASS)
C:\ti\TivaWare_C_Series-2.2.0.295\inc/hw_ints.h(446): warning:  #47-D: incompatible redefinition of macro "INT_TIMER5B"  (declared at line 108 of "tm4c123gh6pm.h")
  #define INT_TIMER5B             INT_CONCAT(INT_TIMER5B_, INT_DEVICE_CLASS)
C:\ti\TivaWare_C_Series-2.2.0.295\inc/hw_ints.h(451): warning:  #47-D: incompatible redefinition of macro "INT_UART0"  (declared at line 53 of "tm4c123gh6pm.h")
  #define INT_UART0               INT_CONCAT(INT_UART0_, INT_DEVICE_CLASS)
C:\ti\TivaWare_C_Series-2.2.0.295\inc/hw_ints.h(452): warning:  #47-D: incompatible redefinition of macro "INT_UART1"  (declared at line 54 of "tm4c123gh6pm.h")
  #define INT_UART1               INT_CONCAT(INT_UART1_, INT_DEVICE_CLASS)
C:\ti\TivaWare_C_Series-2.2.0.295\inc/hw_ints.h(453): warning:  #47-D: incompatible redefinition of macro "INT_UART2"  (declared at line 79 of "tm4c123gh6pm.h")
  #define INT_UART2               INT_CONCAT(INT_UART2_, INT_DEVICE_CLASS)
C:\ti\TivaWare_C_Series-2.2.0.295\inc/hw_ints.h(454): warning:  #47-D: incompatible redefinition of macro "INT_UART3"  (declared at line 98 of "tm4c123gh6pm.h")
  #define INT_UART3               INT_CONCAT(INT_UART3_, INT_DEVICE_CLASS)
C:\ti\TivaWare_C_Series-2.2.0.295\inc/hw_ints.h(455): warning:  #47-D: incompatible redefinition of macro "INT_UART4"  (declared at line 99 of "tm4c123gh6pm.h")
  #define INT_UART4               INT_CONCAT(INT_UART4_, INT_DEVICE_CLASS)
C:\ti\TivaWare_C_Series-2.2.0.295\inc/hw_ints.h(456): warning:  #47-D: incompatible redefinition of macro "INT_UART5"  (declared at line 100 of "tm4c123gh6pm.h")
  #define INT_UART5               INT_CONCAT(INT_UART5_, INT_DEVICE_CLASS)
C:\ti\TivaWare_C_Series-2.2.0.295\inc/hw_ints.h(457): warning:  #47-D: incompatible redefinition of macro "INT_UART6"  (declared at line 101 of "tm4c123gh6pm.h")
  #define INT_UART6               INT_CONCAT(INT_UART6_, INT_DEVICE_CLASS)
C:\ti\TivaWare_C_Series-2.2.0.295\inc/hw_ints.h(458): warning:  #47-D: incompatible redefinition of macro "INT_UART7"  (declared at line 102 of "tm4c123gh6pm.h")
  #define INT_UART7               INT_CONCAT(INT_UART7_, INT_DEVICE_CLASS)
C:\ti\TivaWare_C_Series-2.2.0.295\inc/hw_ints.h(459): warning:  #47-D: incompatible redefinition of macro "INT_UDMA"  (declared at line 90 of "tm4c123gh6pm.h")
  #define INT_UDMA                INT_CONCAT(INT_UDMA_, INT_DEVICE_CLASS)
C:\ti\TivaWare_C_Series-2.2.0.295\inc/hw_ints.h(460): warning:  #47-D: incompatible redefinition of macro "INT_UDMAERR"  (declared at line 91 of "tm4c123gh6pm.h")
  #define INT_UDMAERR             INT_CONCAT(INT_UDMAERR_, INT_DEVICE_CLASS)
C:\ti\TivaWare_C_Series-2.2.0.295\inc/hw_ints.h(461): warning:  #47-D: incompatible redefinition of macro "INT_USB0"  (declared at line 88 of "tm4c123gh6pm.h")
  #define INT_USB0                INT_CONCAT(INT_USB0_, INT_DEVICE_CLASS)
C:\ti\TivaWare_C_Series-2.2.0.295\inc/hw_ints.h(462): warning:  #47-D: incompatible redefinition of macro "INT_WATCHDOG"  (declared at line 66 of "tm4c123gh6pm.h")
  #define INT_WATCHDOG            INT_CONCAT(INT_WATCHDOG_, INT_DEVICE_CLASS)
C:\ti\TivaWare_C_Series-2.2.0.295\inc/hw_ints.h(463): warning:  #47-D: incompatible redefinition of macro "INT_WTIMER0A"  (declared at line 109 of "tm4c123gh6pm.h")
  #define INT_WTIMER0A            INT_CONCAT(INT_WTIMER0A_, INT_DEVICE_CLASS)
C:\ti\TivaWare_C_Series-2.2.0.295\inc/hw_ints.h(464): warning:  #47-D: incompatible redefinition of macro "INT_WTIMER0B"  (declared at line 110 of "tm4c123gh6pm.h")
  #define INT_WTIMER0B            INT_CONCAT(INT_WTIMER0B_, INT_DEVICE_CLASS)
C:\ti\TivaWare_C_Series-2.2.0.295\inc/hw_ints.h(465): warning:  #47-D: incompatible redefinition of macro "INT_WTIMER1A"  (declared at line 111 of "tm4c123gh6pm.h")
  #define INT_WTIMER1A            INT_CONCAT(INT_WTIMER1A_, INT_DEVICE_CLASS)
C:\ti\TivaWare_C_Series-2.2.0.295\inc/hw_ints.h(466): warning:  #47-D: incompatible redefinition of macro "INT_WTIMER1B"  (declared at line 112 of "tm4c123gh6pm.h")
  #define INT_WTIMER1B            INT_CONCAT(INT_WTIMER1B_, INT_DEVICE_CLASS)
C:\ti\TivaWare_C_Series-2.2.0.295\inc/hw_ints.h(467): warning:  #47-D: incompatible redefinition of macro "INT_WTIMER2A"  (declared at line 113 of "tm4c123gh6pm.h")
  #define INT_WTIMER2A            INT_CONCAT(INT_WTIMER2A_, INT_DEVICE_CLASS)
C:\ti\TivaWare_C_Series-2.2.0.295\inc/hw_ints.h(468): warning:  #47-D: incompatible redefinition of macro "INT_WTIMER2B"  (declared at line 114 of "tm4c123gh6pm.h")
  #define INT_WTIMER2B            INT_CONCAT(INT_WTIMER2B_, INT_DEVICE_CLASS)
C:\ti\TivaWare_C_Series-2.2.0.295\inc/hw_ints.h(469): warning:  #47-D: incompatible redefinition of macro "INT_WTIMER3A"  (declared at line 115 of "tm4c123gh6pm.h")
  #define INT_WTIMER3A            INT_CONCAT(INT_WTIMER3A_, INT_DEVICE_CLASS)
C:\ti\TivaWare_C_Series-2.2.0.295\inc/hw_ints.h(470): warning:  #47-D: incompatible redefinition of macro "INT_WTIMER3B"  (declared at line 116 of "tm4c123gh6pm.h")
  #define INT_WTIMER3B            INT_CONCAT(INT_WTIMER3B_, INT_DEVICE_CLASS)
C:\ti\TivaWare_C_Series-2.2.0.295\inc/hw_ints.h(471): warning:  #47-D: incompatible redefinition of macro "INT_WTIMER4A"  (declared at line 117 of "tm4c123gh6pm.h")
  #define INT_WTIMER4A            INT_CONCAT(INT_WTIMER4A_, INT_DEVICE_CLASS)
C:\ti\TivaWare_C_Series-2.2.0.295\inc/hw_ints.h(472): warning:  #47-D: incompatible redefinition of macro "INT_WTIMER4B"  (declared at line 118 of "tm4c123gh6pm.h")
  #define INT_WTIMER4B            INT_CONCAT(INT_WTIMER4B_, INT_DEVICE_CLASS)
C:\ti\TivaWare_C_Series-2.2.0.295\inc/hw_ints.h(473): warning:  #47-D: incompatible redefinition of macro "INT_WTIMER5A"  (declared at line 119 of "tm4c123gh6pm.h")
  #define INT_WTIMER5A            INT_CONCAT(INT_WTIMER5A_, INT_DEVICE_CLASS)
C:\ti\TivaWare_C_Series-2.2.0.295\inc/hw_ints.h(474): warning:  #47-D: incompatible redefinition of macro "INT_WTIMER5B"  (declared at line 120 of "tm4c123gh6pm.h")
  #define INT_WTIMER5B            INT_CONCAT(INT_WTIMER5B_, INT_DEVICE_CLASS)
dio.c(37): warning:  #550-D: variable "PortId"  was set but never used
  	Dio_PortType PortId;
dio.c(38): warning:  #550-D: variable "PinId"  was set but never used
  	Dio_ChannelType PinId;
dio.c(128): warning:  #1-D: last line of file ends without a newline
  	
dio.c: 81 warnings, 0 errors
linking...
Program Size: Code=2076 RO-data=704 RW-data=0 ZI-data=632  
".\Objects\project1.axf" - 0 Error(s), 162 Warning(s).

<h2>Software Packages used:</h2>

Package Vendor: ARM
                http://www.keil.com/pack/ARM.CMSIS.5.8.0.pack
                ARM.CMSIS.5.8.0
                CMSIS (Common Microcontroller Software Interface Standard)
   * Component: CORE Version: 5.5.0

Package Vendor: Keil
                http://www.keil.com/pack/Keil.TM4C_DFP.1.1.0.pack
                Keil.TM4C_DFP.1.1.0
                Texas Instruments Tiva C Series Device Support and Examples
   * Component: Startup Version: 1.0.1

<h2>Collection of Component include folders:</h2>
  .\RTE\_Target_1
  C:\Users\Marwan\AppData\Local\Arm\Packs\ARM\CMSIS\5.8.0\CMSIS\Core\Include
  C:\Users\Marwan\AppData\Local\Arm\Packs\Keil\TM4C_DFP\1.1.0\Device\Include\TM4C123

<h2>Collection of Component Files used:</h2>

   * Component: ARM::CMSIS:CORE:5.5.0

   * Component: Keil::Device:Startup:1.0.1
      Include file:  Device\Include\TM4C123\TM4C123.h
      Source file:   Device\Source\ARM\startup_TM4C123.s
      Source file:   Device\Source\system_TM4C123.c
Build Time Elapsed:  00:00:02
</pre>
</body>
</html>
