Component: ARM Compiler 5.06 update 6 (build 750) Tool: armlink [4d35ed]

==============================================================================

Section Cross References

    dio.o(i.Dio_ReadChannel) refers to gpio.o(i.GPIOPinRead) for GPIOPinRead
    dio.o(i.Dio_ReadChannel) refers to dio.o(.constdata) for Dio_Ports
    dio.o(i.Dio_ReadChannelGroup) refers to dio.o(i.Dio_ReadChannel) for Dio_ReadChannel
    dio.o(i.Dio_ReadPort) refers to dio.o(i.Dio_ReadChannel) for Dio_ReadChannel
    dio.o(i.Dio_WriteChannel) refers to gpio.o(i.GPIOPinWrite) for GPIOPinWrite
    dio.o(i.Dio_WriteChannel) refers to dio.o(.constdata) for Dio_Ports
    dio.o(i.Dio_WriteChannelGroup) refers to dio.o(i.Dio_WriteChannel) for Dio_WriteChannel
    dio.o(i.Dio_WritePort) refers to dio.o(i.Dio_WriteChannel) for Dio_WriteChannel
    can_cfg.o(i.CANIntHandler) refers to can.o(i.CANIntStatus) for CANIntStatus
    can_cfg.o(i.CANIntHandler) refers to can.o(i.CANStatusGet) for CANStatusGet
    can_cfg.o(i.CANIntHandler) refers to can.o(i.CANIntClear) for CANIntClear
    can_cfg.o(i.CANIntHandler) refers to can_cfg.o(.data) for errFlag
    can_cfg.o(i.CAN_Init) refers to can_cfg.o(i.Init_CAN0) for Init_CAN0
    can_cfg.o(i.CAN_Init) refers to can.o(i.CANIntRegister) for CANIntRegister
    can_cfg.o(i.CAN_Init) refers to can.o(i.CANIntEnable) for CANIntEnable
    can_cfg.o(i.CAN_Init) refers to interrupt.o(i.IntEnable) for IntEnable
    can_cfg.o(i.CAN_Init) refers to can.o(i.CANMessageSet) for CANMessageSet
    can_cfg.o(i.CAN_Init) refers to can_cfg.o(i.CANIntHandler) for CANIntHandler
    can_cfg.o(i.CAN_Init) refers to can_cfg.o(.bss) for RXmsg
    can_cfg.o(i.CAN_Send) refers to can.o(i.CANMessageSet) for CANMessageSet
    can_cfg.o(i.CAN_Send) refers to can_cfg.o(.bss) for TXmsg
    can_cfg.o(i.CAN_recieve) refers to can.o(i.CANMessageGet) for CANMessageGet
    can_cfg.o(i.CAN_recieve) refers to can_cfg.o(i.Error_Handling) for Error_Handling
    can_cfg.o(i.CAN_recieve) refers to strcmpv7m.o(.text) for strcmp
    can_cfg.o(i.CAN_recieve) refers to can_cfg.o(.data) for rxFlag
    can_cfg.o(i.CAN_recieve) refers to can_cfg.o(.bss) for RXmsg
    can_cfg.o(i.Error_Handling) refers to can_cfg.o(.data) for errFlag
    can_cfg.o(i.Init_CAN0) refers to port.o(i.Port_Init) for Port_Init
    port.o(i.Port_Init) refers to sysctl.o(i.SysCtlClockSet) for SysCtlClockSet
    port.o(i.Port_Init) refers to sysctl.o(i.SysCtlPeripheralEnable) for SysCtlPeripheralEnable
    port.o(i.Port_Init) refers to sysctl.o(i.SysCtlPeripheralReady) for SysCtlPeripheralReady
    port.o(i.Port_Init) refers to port.o(i.Port_SetPinMode) for Port_SetPinMode
    port.o(i.Port_Init) refers to port.o(i.Port_SetPinDirection) for Port_SetPinDirection
    port.o(i.Port_Init) refers to gpio.o(i.GPIOPadConfigSet) for GPIOPadConfigSet
    port.o(i.Port_Init) refers to port.o(.constdata) for Port_Ports
    port.o(i.Port_SetPinDirection) refers to gpio.o(i.GPIODirModeSet) for GPIODirModeSet
    port.o(i.Port_SetPinDirection) refers to gpio.o(i.GPIOPinTypeGPIOOutput) for GPIOPinTypeGPIOOutput
    port.o(i.Port_SetPinDirection) refers to gpio.o(i.GPIOPinTypeGPIOInput) for GPIOPinTypeGPIOInput
    port.o(i.Port_SetPinDirection) refers to port.o(.constdata) for Port_Ports
    port.o(i.Port_SetPinMode) refers to gpio.o(i.GPIOPinConfigure) for GPIOPinConfigure
    port.o(i.Port_SetPinMode) refers to gpio.o(i.GPIOPinTypeCAN) for GPIOPinTypeCAN
    port.o(i.Port_SetPinMode) refers to sysctl.o(i.SysCtlPeripheralEnable) for SysCtlPeripheralEnable
    port.o(i.Port_SetPinMode) refers to can.o(i.CANInit) for CANInit
    port.o(i.Port_SetPinMode) refers to sysctl.o(i.SysCtlClockGet) for SysCtlClockGet
    port.o(i.Port_SetPinMode) refers to can.o(i.CANBitRateSet) for CANBitRateSet
    port.o(i.Port_SetPinMode) refers to can.o(i.CANEnable) for CANEnable
    port.o(i.Port_SetPinMode) refers to port.o(.constdata) for Port_Ports
    app.o(i.main) refers to can_cfg.o(i.CAN_Init) for CAN_Init
    app.o(i.main) refers to ecu_2.o(i.GPIO_Init) for GPIO_Init
    app.o(i.main) refers to ecu_2.o(i.Systick_Init) for Systick_Init
    app.o(i.main) refers to ecu_2.o(i.systick_elapsed) for systick_elapsed
    app.o(i.main) refers to ecu_2.o(i.State_Machine) for State_Machine
    app.o(i.main) refers to ecu_2.o(i.systick_reset) for systick_reset
    app.o(i.main) refers to ecu_2.o(i.oneSec_elapsed) for oneSec_elapsed
    app.o(i.main) refers to ecu_2.o(i.State_Change) for State_Change
    app.o(i.main) refers to ecu_2.o(i.oneSec_reset) for oneSec_reset
    ecu_2.o(i.GPIO_Init) refers to ecu_2.o(i.Init_LEDs) for Init_LEDs
    ecu_2.o(i.Init_LEDs) refers to port.o(i.Port_Init) for Port_Init
    ecu_2.o(i.Init_LEDs) refers to ecu_2.o(.constdata) for .constdata
    ecu_2.o(i.State_Change) refers to dio.o(i.Dio_WriteChannel) for Dio_WriteChannel
    ecu_2.o(i.State_Change) refers to ecu_2.o(.constdata) for .constdata
    ecu_2.o(i.State_Change) refers to ecu_2.o(.data) for currentState
[...]
    dmul.o(x$fpl$dmul) refers to dnaninf.o(x$fpl$dnaninf) for __fpl_dnaninf
    __rtentry.o(.ARM.Collect$$rtentry$$00000000) refers (Special) to __rtentry2.o(.ARM.Collect$$rtentry$$0000000A) for __rt_entry_li
    __rtentry.o(.ARM.Collect$$rtentry$$00000000) refers (Special) to __rtentry2.o(.ARM.Collect$$rtentry$$0000000D) for __rt_entry_main
    __rtentry.o(.ARM.Collect$$rtentry$$00000000) refers (Special) to __rtentry2.o(.ARM.Collect$$rtentry$$0000000C) for __rt_entry_postli_1
    __rtentry.o(.ARM.Collect$$rtentry$$00000000) refers (Special) to __rtentry2.o(.ARM.Collect$$rtentry$$00000009) for __rt_entry_postsh_1
    __rtentry.o(.ARM.Collect$$rtentry$$00000000) refers (Special) to __rtentry2.o(.ARM.Collect$$rtentry$$00000002) for __rt_entry_presh_1
    __rtentry.o(.ARM.Collect$$rtentry$$00000000) refers (Special) to __rtentry4.o(.ARM.Collect$$rtentry$$00000004) for __rt_entry_sh
    dnaninf.o(x$fpl$dnaninf) refers (Special) to usenofp.o(x$fpl$usenofp) for __I$use$fp
    dretinf.o(x$fpl$dretinf) refers (Special) to usenofp.o(x$fpl$usenofp) for __I$use$fp
    __rtentry2.o(.ARM.Collect$$rtentry$$00000008) refers to boardinit2.o(.text) for _platform_post_stackheap_init
    __rtentry2.o(.ARM.Collect$$rtentry$$0000000A) refers to libinit.o(.ARM.Collect$$libinit$$00000000) for __rt_lib_init
    __rtentry2.o(.ARM.Collect$$rtentry$$0000000B) refers to boardinit3.o(.text) for _platform_post_lib_init
    __rtentry2.o(.ARM.Collect$$rtentry$$0000000D) refers to app.o(i.main) for main
    __rtentry2.o(.ARM.Collect$$rtentry$$0000000D) refers to exit.o(.text) for exit
    __rtentry2.o(.ARM.exidx) refers to __rtentry2.o(.ARM.Collect$$rtentry$$00000001) for .ARM.Collect$$rtentry$$00000001
    __rtentry2.o(.ARM.exidx) refers to __rtentry2.o(.ARM.Collect$$rtentry$$00000008) for .ARM.Collect$$rtentry$$00000008
    __rtentry2.o(.ARM.exidx) refers to __rtentry2.o(.ARM.Collect$$rtentry$$0000000A) for .ARM.Collect$$rtentry$$0000000A
    __rtentry2.o(.ARM.exidx) refers to __rtentry2.o(.ARM.Collect$$rtentry$$0000000B) for .ARM.Collect$$rtentry$$0000000B
    __rtentry2.o(.ARM.exidx) refers to __rtentry2.o(.ARM.Collect$$rtentry$$0000000D) for .ARM.Collect$$rtentry$$0000000D
    __rtentry4.o(.ARM.Collect$$rtentry$$00000004) refers to sys_stackheap_outer.o(.text) for __user_setup_stackheap
    __rtentry4.o(.ARM.exidx) refers to __rtentry4.o(.ARM.Collect$$rtentry$$00000004) for .ARM.Collect$$rtentry$$00000004
    sys_stackheap_outer.o(.text) refers to libspace.o(.text) for __user_perproc_libspace
    sys_stackheap_outer.o(.text) refers to startup_tm4c123.o(.text) for __user_initial_stackheap
    exit.o(.text) refers to rtexit.o(.ARM.Collect$$rtexit$$00000000) for __rt_exit
    libinit.o(.ARM.Collect$$libinit$$00000000) refers (Special) to libinit2.o(.ARM.Collect$$libinit$$0000002E) for __rt_lib_init_alloca_1
    libinit.o(.ARM.Collect$$libinit$$00000000) refers (Special) to libinit2.o(.ARM.Collect$$libinit$$0000002C) for __rt_lib_init_argv_1
    libinit.o(.ARM.Collect$$libinit$$00000000) refers (Special) to libinit2.o(.ARM.Collect$$libinit$$0000001B) for __rt_lib_init_atexit_1
    libinit.o(.ARM.Collect$$libinit$$00000000) refers (Special) to libinit2.o(.ARM.Collect$$libinit$$00000021) for __rt_lib_init_clock_1
    libinit.o(.ARM.Collect$$libinit$$00000000) refers (Special) to libinit2.o(.ARM.Collect$$libinit$$00000032) for __rt_lib_init_cpp_1
    libinit.o(.ARM.Collect$$libinit$$00000000) refers (Special) to libinit2.o(.ARM.Collect$$libinit$$00000030) for __rt_lib_init_exceptions_1
    libinit.o(.ARM.Collect$$libinit$$00000000) refers (Special) to libinit2.o(.ARM.Collect$$libinit$$00000001) for __rt_lib_init_fp_1
    libinit.o(.ARM.Collect$$libinit$$00000000) refers (Special) to libinit2.o(.ARM.Collect$$libinit$$0000001F) for __rt_lib_init_fp_trap_1
    libinit.o(.ARM.Collect$$libinit$$00000000) refers (Special) to libinit2.o(.ARM.Collect$$libinit$$00000023) for __rt_lib_init_getenv_1
    libinit.o(.ARM.Collect$$libinit$$00000000) refers (Special) to libinit2.o(.ARM.Collect$$libinit$$0000000A) for __rt_lib_init_heap_1
    libinit.o(.ARM.Collect$$libinit$$00000000) refers (Special) to libinit2.o(.ARM.Collect$$libinit$$00000011) for __rt_lib_init_lc_collate_1
    libinit.o(.ARM.Collect$$libinit$$00000000) refers (Special) to libinit2.o(.ARM.Collect$$libinit$$00000013) for __rt_lib_init_lc_ctype_1
    libinit.o(.ARM.Collect$$libinit$$00000000) refers (Special) to libinit2.o(.ARM.Collect$$libinit$$00000015) for __rt_lib_init_lc_monetary_1
    libinit.o(.ARM.Collect$$libinit$$00000000) refers (Special) to libinit2.o(.ARM.Collect$$libinit$$00000017) for __rt_lib_init_lc_numeric_1
    libinit.o(.ARM.Collect$$libinit$$00000000) refers (Special) to libinit2.o(.ARM.Collect$$libinit$$00000019) for __rt_lib_init_lc_time_1
    libinit.o(.ARM.Collect$$libinit$$00000000) refers (Special) to libinit2.o(.ARM.Collect$$libinit$$00000004) for __rt_lib_init_preinit_1
    libinit.o(.ARM.Collect$$libinit$$00000000) refers (Special) to libinit2.o(.ARM.Collect$$libinit$$0000000E) for __rt_lib_init_rand_1
    libinit.o(.ARM.Collect$$libinit$$00000000) refers (Special) to libinit2.o(.ARM.Collect$$libinit$$00000033) for __rt_lib_init_return
    libinit.o(.ARM.Collect$$libinit$$00000000) refers (Special) to libinit2.o(.ARM.Collect$$libinit$$0000001D) for __rt_lib_init_signal_1
    libinit.o(.ARM.Collect$$libinit$$00000000) refers (Special) to libinit2.o(.ARM.Collect$$libinit$$00000025) for __rt_lib_init_stdio_1
    libinit.o(.ARM.Collect$$libinit$$00000000) refers (Special) to libinit2.o(.ARM.Collect$$libinit$$0000000C) for __rt_lib_init_user_alloc_1
    libspace.o(.text) refers to libspace.o(.bss) for __libspace_start
    rtexit.o(.ARM.Collect$$rtexit$$00000000) refers (Special) to rtexit2.o(.ARM.Collect$$rtexit$$00000004) for __rt_exit_exit
    rtexit.o(.ARM.Collect$$rtexit$$00000000) refers (Special) to rtexit2.o(.ARM.Collect$$rtexit$$00000003) for __rt_exit_ls
    rtexit.o(.ARM.Collect$$rtexit$$00000000) refers (Special) to rtexit2.o(.ARM.Collect$$rtexit$$00000002) for __rt_exit_prels_1
    rtexit.o(.ARM.exidx) refers (Special) to rtexit2.o(.ARM.Collect$$rtexit$$00000004) for __rt_exit_exit
    rtexit.o(.ARM.exidx) refers (Special) to rtexit2.o(.ARM.Collect$$rtexit$$00000003) for __rt_exit_ls
    rtexit.o(.ARM.exidx) refers (Special) to rtexit2.o(.ARM.Collect$$rtexit$$00000002) for __rt_exit_prels_1
    rtexit.o(.ARM.exidx) refers to rtexit.o(.ARM.Collect$$rtexit$$00000000) for .ARM.Collect$$rtexit$$00000000
    libinit2.o(.ARM.Collect$$libinit$$00000001) refers to fpinit.o(x$fpl$fpinit) for _fp_init
    libinit2.o(.ARM.Collect$$libinit$$00000010) refers to libinit2.o(.ARM.Collect$$libinit$$0000000F) for .ARM.Collect$$libinit$$0000000F
    libinit2.o(.ARM.Collect$$libinit$$00000012) refers to libinit2.o(.ARM.Collect$$libinit$$0000000F) for .ARM.Collect$$libinit$$0000000F
    libinit2.o(.ARM.Collect$$libinit$$00000014) refers to libinit2.o(.ARM.Collect$$libinit$$0000000F) for .ARM.Collect$$libinit$$0000000F
    libinit2.o(.ARM.Collect$$libinit$$00000016) refers to libinit2.o(.ARM.Collect$$libinit$$0000000F) for .ARM.Collect$$libinit$$0000000F
    libinit2.o(.ARM.Collect$$libinit$$00000018) refers to libinit2.o(.ARM.Collect$$libinit$$0000000F) for .ARM.Collect$$libinit$$0000000F
    libinit2.o(.ARM.Collect$$libinit$$00000026) refers to argv_veneer.o(.emb_text) for __ARM_argv_veneer
    libinit2.o(.ARM.Collect$$libinit$$00000027) refers to argv_veneer.o(.emb_text) for __ARM_argv_veneer
    rtexit2.o(.ARM.Collect$$rtexit$$00000003) refers to libshutdown.o(.ARM.Collect$$libshutdown$$00000000) for __rt_lib_shutdown
    rtexit2.o(.ARM.Collect$$rtexit$$00000004) refers to sys_exit.o(.text) for _sys_exit
    rtexit2.o(.ARM.exidx) refers to rtexit2.o(.ARM.Collect$$rtexit$$00000001) for .ARM.Collect$$rtexit$$00000001
    rtexit2.o(.ARM.exidx) refers to rtexit2.o(.ARM.Collect$$rtexit$$00000003) for .ARM.Collect$$rtexit$$00000003
    rtexit2.o(.ARM.exidx) refers to rtexit2.o(.ARM.Collect$$rtexit$$00000004) for .ARM.Collect$$rtexit$$00000004
    argv_veneer.o(.emb_text) refers to no_argv.o(.text) for __ARM_get_argv
    sys_exit.o(.text) refers (Special) to use_no_semi.o(.text) for __I$use$semihosting
    sys_exit.o(.text) refers (Special) to indicate_semi.o(.text) for __semihosting_library_function
    _get_argv_nomalloc.o(.text) refers (Special) to hrguard.o(.text) for __heap_region$guard
    _get_argv_nomalloc.o(.text) refers to defsig_rtmem_outer.o(.text) for __rt_SIGRTMEM
    _get_argv_nomalloc.o(.text) refers to sys_command.o(.text) for _sys_command_string
    libshutdown.o(.ARM.Collect$$libshutdown$$00000000) refers (Special) to libshutdown2.o(.ARM.Collect$$libshutdown$$00000002) for __rt_lib_shutdown_cpp_1
    libshutdown.o(.ARM.Collect$$libshutdown$$00000000) refers (Special) to libshutdown2.o(.ARM.Collect$$libshutdown$$00000007) for __rt_lib_shutdown_fp_trap_1
    libshutdown.o(.ARM.Collect$$libshutdown$$00000000) refers (Special) to libshutdown2.o(.ARM.Collect$$libshutdown$$0000000F) for __rt_lib_shutdown_heap_1
    libshutdown.o(.ARM.Collect$$libshutdown$$00000000) refers (Special) to libshutdown2.o(.ARM.Collect$$libshutdown$$00000010) for __rt_lib_shutdown_return
    libshutdown.o(.ARM.Collect$$libshutdown$$00000000) refers (Special) to libshutdown2.o(.ARM.Collect$$libshutdown$$0000000A) for __rt_lib_shutdown_signal_1
    libshutdown.o(.ARM.Collect$$libshutdown$$00000000) refers (Special) to libshutdown2.o(.ARM.Collect$$libshutdown$$00000004) for __rt_lib_shutdown_stdio_1
    libshutdown.o(.ARM.Collect$$libshutdown$$00000000) refers (Special) to libshutdown2.o(.ARM.Collect$$libshutdown$$0000000C) for __rt_lib_shutdown_user_alloc_1
    sys_command.o(.text) refers (Special) to use_no_semi.o(.text) for __I$use$semihosting
    sys_command.o(.text) refers (Special) to indicate_semi.o(.text) for __semihosting_library_function
    defsig_rtmem_outer.o(.text) refers to defsig_rtmem_inner.o(.text) for __rt_SIGRTMEM_inner
    defsig_rtmem_outer.o(.text) refers to defsig_exit.o(.text) for __sig_exit
    defsig_rtmem_formal.o(.text) refers to rt_raise.o(.text) for __rt_raise
    rt_raise.o(.text) refers to __raise.o(.text) for __raise
    rt_raise.o(.text) refers to sys_exit.o(.text) for _sys_exit
    defsig_exit.o(.text) refers to sys_exit.o(.text) for _sys_exit
    defsig_rtmem_inner.o(.text) refers to defsig_general.o(.text) for __default_signal_display
    __raise.o(.text) refers to defsig.o(CL$$defsig) for __default_signal_handler
    defsig_general.o(.text) refers to sys_wrch.o(.text) for _ttywrch
    sys_wrch.o(.text) refers (Special) to use_no_semi.o(.text) for __I$use$semihosting
    sys_wrch.o(.text) refers (Special) to indicate_semi.o(.text) for __semihosting_library_function
    defsig.o(CL$$defsig) refers to defsig_rtmem_inner.o(.text) for __rt_SIGRTMEM_inner
    defsig_abrt_inner.o(.text) refers to defsig_general.o(.text) for __default_signal_display
    defsig_fpe_inner.o(.text) refers to defsig_general.o(.text) for __default_signal_display
    defsig_rtred_inner.o(.text) refers to defsig_general.o(.text) for __default_signal_display
    defsig_stak_inner.o(.text) refers to defsig_general.o(.text) for __default_signal_display
    defsig_pvfn_inner.o(.text) refers to defsig_general.o(.text) for __default_signal_display
    defsig_cppl_inner.o(.text) refers to defsig_general.o(.text) for __default_signal_display
    defsig_segv_inner.o(.text) refers to defsig_general.o(.text) for __default_signal_display
    defsig_other.o(.text) refers to defsig_general.o(.text) for __default_signal_display


==============================================================================

Removing Unused input sections from the image.

    Removing dio.o(i.Dio_ReadChannel), (68 bytes).
    Removing dio.o(i.Dio_ReadChannelGroup), (24 bytes).
    Removing dio.o(i.Dio_ReadPort), (44 bytes).
    Removing dio.o(i.Dio_WriteChannelGroup), (26 bytes).
    Removing dio.o(i.Dio_WritePort), (36 bytes).
    Removing can_cfg.o(i.CAN_Send), (32 bytes).
    Removing port_lcfg.o(.constdata), (2 bytes).
    Removing dio_lcfg.o(.constdata), (12 bytes).
    Removing system_tm4c123.o(.rev16_text), (4 bytes).
    Removing system_tm4c123.o(.revsh_text), (4 bytes).
    Removing system_tm4c123.o(.rrx_text), (6 bytes).
    Removing system_tm4c123.o(i.SystemCoreClockUpdate), (196 bytes).
    Removing system_tm4c123.o(i.getOscClk), (244 bytes).
    Removing system_tm4c123.o(.data), (4 bytes).
    Removing can.o(i.CANBitTimingGet), (42 bytes).
    Removing can.o(i.CANBitTimingSet), (106 bytes).
    Removing can.o(i.CANDisable), (10 bytes).
    Removing can.o(i.CANErrCntrGet), (22 bytes).
    Removing can.o(i.CANIntDisable), (10 bytes).
    Removing can.o(i.CANIntUnregister), (108 bytes).
    Removing can.o(i.CANMessageClear), (26 bytes).
    Removing can.o(i.CANRetryGet), (14 bytes).
    Removing can.o(i.CANRetrySet), (18 bytes).
    Removing gpio.o(i.GPIOADCTriggerDisable), (14 bytes).
    Removing gpio.o(i.GPIOADCTriggerEnable), (12 bytes).
    Removing gpio.o(i.GPIODMATriggerDisable), (14 bytes).
    Removing gpio.o(i.GPIODMATriggerEnable), (12 bytes).
    Removing gpio.o(i.GPIODirModeGet), (34 bytes).
    Removing gpio.o(i.GPIOIntClear), (6 bytes).
    Removing gpio.o(i.GPIOIntDisable), (14 bytes).
    Removing gpio.o(i.GPIOIntEnable), (12 bytes).
    Removing gpio.o(i.GPIOIntRegister), (26 bytes).
    Removing gpio.o(i.GPIOIntRegisterPin), (30 bytes).
    Removing gpio.o(i.GPIOIntStatus), (14 bytes).
    Removing gpio.o(i.GPIOIntTypeGet), (70 bytes).
    Removing gpio.o(i.GPIOIntTypeSet), (80 bytes).
    Removing gpio.o(i.GPIOIntUnregister), (22 bytes).
    Removing gpio.o(i.GPIOIntUnregisterPin), (26 bytes).
    Removing gpio.o(i.GPIOPadConfigGet), (248 bytes).
    Removing gpio.o(i.GPIOPinRead), (6 bytes).
    Removing gpio.o(i.GPIOPinTypeADC), (28 bytes).
    Removing gpio.o(i.GPIOPinTypeComparator), (28 bytes).
    Removing gpio.o(i.GPIOPinTypeComparatorOutput), (28 bytes).
    Removing gpio.o(i.GPIOPinTypeDIVSCLK), (28 bytes).
    Removing gpio.o(i.GPIOPinTypeEPI), (28 bytes).
    Removing gpio.o(i.GPIOPinTypeEthernetLED), (28 bytes).
    Removing gpio.o(i.GPIOPinTypeEthernetMII), (28 bytes).
    Removing gpio.o(i.GPIOPinTypeGPIOOutputOD), (28 bytes).
    Removing gpio.o(i.GPIOPinTypeHibernateRTCCLK), (28 bytes).
    Removing gpio.o(i.GPIOPinTypeI2C), (28 bytes).
    Removing gpio.o(i.GPIOPinTypeI2CSCL), (28 bytes).
    Removing gpio.o(i.GPIOPinTypeLCD), (28 bytes).
    Removing gpio.o(i.GPIOPinTypeOneWire), (28 bytes).
    Removing gpio.o(i.GPIOPinTypePWM), (28 bytes).
    Removing gpio.o(i.GPIOPinTypeQEI), (28 bytes).
    Removing gpio.o(i.GPIOPinTypeSSI), (28 bytes).
    Removing gpio.o(i.GPIOPinTypeTimer), (28 bytes).
    Removing gpio.o(i.GPIOPinTypeTrace), (28 bytes).
    Removing gpio.o(i.GPIOPinTypeUART), (28 bytes).
    Removing gpio.o(i.GPIOPinTypeUSBAnalog), (28 bytes).
    Removing gpio.o(i.GPIOPinTypeUSBDigital), (28 bytes).
    Removing gpio.o(i.GPIOPinTypeWakeHigh), (30 bytes).
    Removing gpio.o(i.GPIOPinTypeWakeLow), (30 bytes).
    Removing gpio.o(i.GPIOPinWakeStatus), (6 bytes).
    Removing gpio.o(i.GPIOUnlockPin), (24 bytes).
    Removing gpio.o(i._GPIOIntNumberGet), (80 bytes).
    Removing interrupt.o(i.IntDisable), (100 bytes).
    Removing interrupt.o(i.IntIsEnabled), (96 bytes).
    Removing interrupt.o(i.IntMasterDisable), (14 bytes).
    Removing interrupt.o(i.IntPendClear), (68 bytes).
    Removing interrupt.o(i.IntPendSet), (84 bytes).
    Removing interrupt.o(i.IntPriorityGet), (28 bytes).
    Removing interrupt.o(i.IntPriorityGroupingGet), (36 bytes).
    Removing interrupt.o(i.IntPriorityGroupingSet), (28 bytes).
    Removing interrupt.o(i.IntPriorityMaskGet), (4 bytes).
    Removing interrupt.o(i.IntPriorityMaskSet), (4 bytes).
    Removing interrupt.o(i.IntPrioritySet), (40 bytes).
    Removing interrupt.o(i.IntTrigger), (12 bytes).
    Removing interrupt.o(i.IntUnregister), (20 bytes).
    Removing interrupt.o(i._IntDefaultHandler), (2 bytes).
    Removing sysctl.o(i.SysCtlAltClkConfig), (12 bytes).
    Removing sysctl.o(i.SysCtlClockFreqSet), (740 bytes).
    Removing sysctl.o(i.SysCtlClockOutConfig), (20 bytes).
    Removing sysctl.o(i.SysCtlDeepSleep), (32 bytes).
    Removing sysctl.o(i.SysCtlDeepSleepClockConfigSet), (112 bytes).
    Removing sysctl.o(i.SysCtlDeepSleepClockSet), (12 bytes).
    Removing sysctl.o(i.SysCtlDeepSleepPowerSet), (12 bytes).
    Removing sysctl.o(i.SysCtlFlashSectorSizeGet), (56 bytes).
    Removing sysctl.o(i.SysCtlFlashSizeGet), (56 bytes).
    Removing sysctl.o(i.SysCtlGPIOAHBDisable), (28 bytes).
    Removing sysctl.o(i.SysCtlGPIOAHBEnable), (24 bytes).
    Removing sysctl.o(i.SysCtlIntClear), (12 bytes).
    Removing sysctl.o(i.SysCtlIntDisable), (16 bytes).
    Removing sysctl.o(i.SysCtlIntEnable), (16 bytes).
    Removing sysctl.o(i.SysCtlIntRegister), (20 bytes).
    Removing sysctl.o(i.SysCtlIntStatus), (16 bytes).
    Removing sysctl.o(i.SysCtlIntUnregister), (18 bytes).
    Removing sysctl.o(i.SysCtlLDODeepSleepGet), (12 bytes).
    Removing sysctl.o(i.SysCtlLDODeepSleepSet), (12 bytes).
    Removing sysctl.o(i.SysCtlLDOSleepGet), (12 bytes).
    Removing sysctl.o(i.SysCtlLDOSleepSet), (12 bytes).
    Removing sysctl.o(i.SysCtlMOSCConfigSet), (12 bytes).
    Removing sysctl.o(i.SysCtlNMIClear), (16 bytes).
    Removing sysctl.o(i.SysCtlNMIStatus), (12 bytes).
    Removing sysctl.o(i.SysCtlPIOSCCalibrate), (76 bytes).
    Removing sysctl.o(i.SysCtlPWMClockGet), (24 bytes).
    Removing sysctl.o(i.SysCtlPWMClockSet), (20 bytes).
    Removing sysctl.o(i.SysCtlPeripheralClockGating), (68 bytes).
    Removing sysctl.o(i.SysCtlPeripheralDeepSleepDisable), (40 bytes).
    Removing sysctl.o(i.SysCtlPeripheralDeepSleepEnable), (40 bytes).
    Removing sysctl.o(i.SysCtlPeripheralDisable), (40 bytes).
    Removing sysctl.o(i.SysCtlPeripheralPowerOff), (40 bytes).
    Removing sysctl.o(i.SysCtlPeripheralPowerOn), (40 bytes).
    Removing sysctl.o(i.SysCtlPeripheralPresent), (44 bytes).
    Removing sysctl.o(i.SysCtlPeripheralReset), (60 bytes).
    Removing sysctl.o(i.SysCtlPeripheralSleepDisable), (40 bytes).
    Removing sysctl.o(i.SysCtlPeripheralSleepEnable), (40 bytes).
    Removing sysctl.o(i.SysCtlReset), (16 bytes).
    Removing sysctl.o(i.SysCtlResetBehaviorGet), (12 bytes).
    Removing sysctl.o(i.SysCtlResetBehaviorSet), (12 bytes).
    Removing sysctl.o(i.SysCtlResetCauseClear), (16 bytes).
    Removing sysctl.o(i.SysCtlResetCauseGet), (12 bytes).
    Removing sysctl.o(i.SysCtlSRAMSizeGet), (16 bytes).
    Removing sysctl.o(i.SysCtlSleep), (4 bytes).
    Removing sysctl.o(i.SysCtlSleepPowerSet), (12 bytes).
    Removing sysctl.o(i.SysCtlUSBPLLDisable), (16 bytes).
    Removing sysctl.o(i.SysCtlUSBPLLEnable), (16 bytes).
    Removing sysctl.o(i.SysCtlVCOGet), (120 bytes).
    Removing sysctl.o(i.SysCtlVoltageEventClear), (16 bytes).
    Removing sysctl.o(i.SysCtlVoltageEventConfig), (12 bytes).
    Removing sysctl.o(i.SysCtlVoltageEventStatus), (12 bytes).
    Removing systick.o(i.SysTickDisable), (14 bytes).
    Removing systick.o(i.SysTickIntDisable), (14 bytes).
    Removing systick.o(i.SysTickIntUnregister), (18 bytes).
    Removing systick.o(i.SysTickPeriodGet), (10 bytes).
    Removing systick.o(i.SysTickValueGet), (8 bytes).

136 unused section(s) (total 5210 bytes) removed from the image.

==============================================================================

Image Symbol Table

    Local Symbols

    Symbol Name                              Value     Ov Type        Size  Object(Section)

    RESET                                    0x00000000   Section      620  startup_tm4c123.o(RESET)
    ../clib/angel/boardlib.s                 0x00000000   Number         0  boardinit3.o ABSOLUTE
    ../clib/angel/boardlib.s                 0x00000000   Number         0  boardinit2.o ABSOLUTE
    ../clib/angel/boardlib.s                 0x00000000   Number         0  boardshut.o ABSOLUTE
    ../clib/angel/boardlib.s                 0x00000000   Number         0  boardinit1.o ABSOLUTE
    ../clib/angel/dczerorl.s                 0x00000000   Number         0  __dczerorl.o ABSOLUTE
    ../clib/angel/handlers.s                 0x00000000   Number         0  __scatter_zi.o ABSOLUTE
    ../clib/angel/kernel.s                   0x00000000   Number         0  rtexit.o ABSOLUTE
    ../clib/angel/kernel.s                   0x00000000   Number         0  __rtentry4.o ABSOLUTE
    ../clib/angel/kernel.s                   0x00000000   Number         0  rtexit2.o ABSOLUTE
    ../clib/angel/kernel.s                   0x00000000   Number         0  __rtentry.o ABSOLUTE
    ../clib/angel/kernel.s                   0x00000000   Number         0  __rtentry2.o ABSOLUTE
    ../clib/angel/rt.s                       0x00000000   Number         0  rt_raise.o ABSOLUTE
    ../clib/angel/scatter.s                  0x00000000   Number         0  __scatter.o ABSOLUTE
    ../clib/angel/startup.s                  0x00000000   Number         0  __main.o ABSOLUTE
    ../clib/angel/sys.s                      0x00000000   Number         0  libspace.o ABSOLUTE
    ../clib/angel/sys.s                      0x00000000   Number         0  sys_stackheap_outer.o ABSOLUTE
    ../clib/angel/sys.s                      0x00000000   Number         0  indicate_semi.o ABSOLUTE
    ../clib/angel/sys.s                      0x00000000   Number         0  use_no_semi.o ABSOLUTE
    ../clib/angel/sysapp.c                   0x00000000   Number         0  sys_wrch.o ABSOLUTE
    ../clib/angel/sysapp.c                   0x00000000   Number         0  sys_command.o ABSOLUTE
    ../clib/angel/sysapp.c                   0x00000000   Number         0  sys_exit.o ABSOLUTE
    ../clib/armsys.c                         0x00000000   Number         0  no_argv.o ABSOLUTE
    ../clib/armsys.c                         0x00000000   Number         0  _get_argv_nomalloc.o ABSOLUTE
    ../clib/armsys.c                         0x00000000   Number         0  argv_veneer.o ABSOLUTE
    ../clib/armsys.c                         0x00000000   Number         0  argv_veneer.o ABSOLUTE
    ../clib/heapalloc.c                      0x00000000   Number         0  hrguard.o ABSOLUTE
    ../clib/heapaux.c                        0x00000000   Number         0  heapauxi.o ABSOLUTE
    ../clib/libinit.s                        0x00000000   Number         0  libshutdown.o ABSOLUTE
    ../clib/libinit.s                        0x00000000   Number         0  libshutdown2.o ABSOLUTE
    ../clib/libinit.s                        0x00000000   Number         0  libinit.o ABSOLUTE
    ../clib/libinit.s                        0x00000000   Number         0  libinit2.o ABSOLUTE
    ../clib/memcpset.s                       0x00000000   Number         0  strcmpv7m.o ABSOLUTE
    ../clib/signal.c                         0x00000000   Number         0  defsig_general.o ABSOLUTE
    ../clib/signal.c                         0x00000000   Number         0  __raise.o ABSOLUTE
    ../clib/signal.c                         0x00000000   Number         0  defsig_exit.o ABSOLUTE
    ../clib/signal.c                         0x00000000   Number         0  defsig_rtmem_outer.o ABSOLUTE
    ../clib/signal.c                         0x00000000   Number         0  defsig_rtmem_formal.o ABSOLUTE
    ../clib/signal.c                         0x00000000   Number         0  defsig_rtred_inner.o ABSOLUTE
    ../clib/signal.c                         0x00000000   Number         0  defsig_stak_inner.o ABSOLUTE
    ../clib/signal.c                         0x00000000   Number         0  defsig_pvfn_inner.o ABSOLUTE
    ../clib/signal.c                         0x00000000   Number         0  defsig_cppl_inner.o ABSOLUTE
    ../clib/signal.c                         0x00000000   Number         0  defsig_segv_inner.o ABSOLUTE
    ../clib/signal.c                         0x00000000   Number         0  defsig_other.o ABSOLUTE
    ../clib/signal.c                         0x00000000   Number         0  defsig_rtmem_inner.o ABSOLUTE
    ../clib/signal.c                         0x00000000   Number         0  defsig_abrt_inner.o ABSOLUTE
    ../clib/signal.c                         0x00000000   Number         0  defsig_fpe_inner.o ABSOLUTE
    ../clib/signal.s                         0x00000000   Number         0  defsig.o ABSOLUTE
    ../clib/stdlib.c                         0x00000000   Number         0  exit.o ABSOLUTE
    ../fplib/dfixu.s                         0x00000000   Number         0  dfixu.o ABSOLUTE
    ../fplib/dflt.s                          0x00000000   Number         0  dflt_clz.o ABSOLUTE
    ../fplib/dmul.s                          0x00000000   Number         0  dmul.o ABSOLUTE
    ../fplib/dnaninf.s                       0x00000000   Number         0  dnaninf.o ABSOLUTE
    ../fplib/dretinf.s                       0x00000000   Number         0  dretinf.o ABSOLUTE
    ../fplib/fpinit.s                        0x00000000   Number         0  fpinit.o ABSOLUTE
    ../fplib/usenofp.s                       0x00000000   Number         0  usenofp.o ABSOLUTE
    ECU_2.c                                  0x00000000   Number         0  ecu_2.o ABSOLUTE
    Port.c                                   0x00000000   Number         0  port.o ABSOLUTE
    Port_Lcfg.c                              0x00000000   Number         0  port_lcfg.o ABSOLUTE
    RTE\Device\TM4C123GH6PM\startup_TM4C123.s 0x00000000   Number         0  startup_tm4c123.o ABSOLUTE
    RTE\Device\TM4C123GH6PM\system_TM4C123.c 0x00000000   Number         0  system_tm4c123.o ABSOLUTE
    RTE\\Device\\TM4C123GH6PM\\system_TM4C123.c 0x00000000   Number         0  system_tm4c123.o ABSOLUTE
    app.c                                    0x00000000   Number         0  app.o ABSOLUTE
    can.c                                    0x00000000   Number         0  can.o ABSOLUTE
    can_cfg.c                                0x00000000   Number         0  can_cfg.o ABSOLUTE
    cpu.c                                    0x00000000   Number         0  cpu.o ABSOLUTE
    cpu.c                                    0x00000000   Number         0  cpu.o ABSOLUTE
    dc.s                                     0x00000000   Number         0  dc.o ABSOLUTE
    dio.c                                    0x00000000   Number         0  dio.o ABSOLUTE
    dio_Lcfg.c                               0x00000000   Number         0  dio_lcfg.o ABSOLUTE
    gpio.c                                   0x00000000   Number         0  gpio.o ABSOLUTE
    interrupt.c                              0x00000000   Number         0  interrupt.o ABSOLUTE
    sysctl.c                                 0x00000000   Number         0  sysctl.o ABSOLUTE
    sysctl.c                                 0x00000000   Number         0  sysctl.o ABSOLUTE
    systick.c                                0x00000000   Number         0  systick.o ABSOLUTE
    !!!main                                  0x0000026c   Section        8  __main.o(!!!main)
    !!!scatter                               0x00000274   Section       52  __scatter.o(!!!scatter)
    !!dczerorl                               0x000002a8   Section       58  __dczerorl.o(!!dczerorl)
    !!handler_zi                             0x000002e4   Section       28  __scatter_zi.o(!!handler_zi)
    .ARM.Collect$$libinit$$00000000          0x00000300   Section        2  libinit.o(.ARM.Collect$$libinit$$00000000)
    .ARM.Collect$$libinit$$00000001          0x00000302   Section        4  libinit2.o(.ARM.Collect$$libinit$$00000001)
    .ARM.Collect$$libinit$$00000004          0x00000306   Section        0  libinit2.o(.ARM.Collect$$libinit$$00000004)
    .ARM.Collect$$libinit$$0000000A          0x00000306   Section        0  libinit2.o(.ARM.Collect$$libinit$$0000000A)
    .ARM.Collect$$libinit$$0000000C          0x00000306   Section        0  libinit2.o(.ARM.Collect$$libinit$$0000000C)
    .ARM.Collect$$libinit$$0000000E          0x00000306   Section        0  libinit2.o(.ARM.Collect$$libinit$$0000000E)
    .ARM.Collect$$libinit$$00000011          0x00000306   Section        0  libinit2.o(.ARM.Collect$$libinit$$00000011)
    .ARM.Collect$$libinit$$00000013          0x00000306   Section        0  libinit2.o(.ARM.Collect$$libinit$$00000013)
    .ARM.Collect$$libinit$$00000015          0x00000306   Section        0  libinit2.o(.ARM.Collect$$libinit$$00000015)
    .ARM.Collect$$libinit$$00000017          0x00000306   Section        0  libinit2.o(.ARM.Collect$$libinit$$00000017)
    .ARM.Collect$$libinit$$00000019          0x00000306   Section        0  libinit2.o(.ARM.Collect$$libinit$$00000019)
    .ARM.Collect$$libinit$$0000001B          0x00000306   Section        0  libinit2.o(.ARM.Collect$$libinit$$0000001B)
    .ARM.Collect$$libinit$$0000001D          0x00000306   Section        0  libinit2.o(.ARM.Collect$$libinit$$0000001D)
    .ARM.Collect$$libinit$$0000001F          0x00000306   Section        0  libinit2.o(.ARM.Collect$$libinit$$0000001F)
    .ARM.Collect$$libinit$$00000021          0x00000306   Section        0  libinit2.o(.ARM.Collect$$libinit$$00000021)
    .ARM.Collect$$libinit$$00000023          0x00000306   Section        0  libinit2.o(.ARM.Collect$$libinit$$00000023)
    .ARM.Collect$$libinit$$00000025          0x00000306   Section        0  libinit2.o(.ARM.Collect$$libinit$$00000025)
    .ARM.Collect$$libinit$$0000002C          0x00000306   Section        0  libinit2.o(.ARM.Collect$$libinit$$0000002C)
    .ARM.Collect$$libinit$$0000002E          0x00000306   Section        0  libinit2.o(.ARM.Collect$$libinit$$0000002E)
    .ARM.Collect$$libinit$$00000030          0x00000306   Section        0  libinit2.o(.ARM.Collect$$libinit$$00000030)
    .ARM.Collect$$libinit$$00000032          0x00000306   Section        0  libinit2.o(.ARM.Collect$$libinit$$00000032)
    .ARM.Collect$$libinit$$00000033          0x00000306   Section        2  libinit2.o(.ARM.Collect$$libinit$$00000033)
    .ARM.Collect$$libshutdown$$00000000      0x00000308   Section        2  libshutdown.o(.ARM.Collect$$libshutdown$$00000000)
    .ARM.Collect$$libshutdown$$00000002      0x0000030a   Section        0  libshutdown2.o(.ARM.Collect$$libshutdown$$00000002)
    .ARM.Collect$$libshutdown$$00000004      0x0000030a   Section        0  libshutdown2.o(.ARM.Collect$$libshutdown$$00000004)
    .ARM.Collect$$libshutdown$$00000007      0x0000030a   Section        0  libshutdown2.o(.ARM.Collect$$libshutdown$$00000007)
    .ARM.Collect$$libshutdown$$0000000A      0x0000030a   Section        0  libshutdown2.o(.ARM.Collect$$libshutdown$$0000000A)
    .ARM.Collect$$libshutdown$$0000000C      0x0000030a   Section        0  libshutdown2.o(.ARM.Collect$$libshutdown$$0000000C)
    .ARM.Collect$$libshutdown$$0000000F      0x0000030a   Section        0  libshutdown2.o(.ARM.Collect$$libshutdown$$0000000F)
    .ARM.Collect$$libshutdown$$00000010      0x0000030a   Section        2  libshutdown2.o(.ARM.Collect$$libshutdown$$00000010)
    .ARM.Collect$$rtentry$$00000000          0x0000030c   Section        0  __rtentry.o(.ARM.Collect$$rtentry$$00000000)
    .ARM.Collect$$rtentry$$00000002          0x0000030c   Section        0  __rtentry2.o(.ARM.Collect$$rtentry$$00000002)
    .ARM.Collect$$rtentry$$00000004          0x0000030c   Section        6  __rtentry4.o(.ARM.Collect$$rtentry$$00000004)
    .ARM.Collect$$rtentry$$00000009          0x00000312   Section        0  __rtentry2.o(.ARM.Collect$$rtentry$$00000009)
    .ARM.Collect$$rtentry$$0000000A          0x00000312   Section        4  __rtentry2.o(.ARM.Collect$$rtentry$$0000000A)
    .ARM.Collect$$rtentry$$0000000C          0x00000316   Section        0  __rtentry2.o(.ARM.Collect$$rtentry$$0000000C)
    .ARM.Collect$$rtentry$$0000000D          0x00000316   Section        8  __rtentry2.o(.ARM.Collect$$rtentry$$0000000D)
    .ARM.Collect$$rtexit$$00000000           0x0000031e   Section        2  rtexit.o(.ARM.Collect$$rtexit$$00000000)
    .ARM.Collect$$rtexit$$00000002           0x00000320   Section        0  rtexit2.o(.ARM.Collect$$rtexit$$00000002)
    .ARM.Collect$$rtexit$$00000003           0x00000320   Section        4  rtexit2.o(.ARM.Collect$$rtexit$$00000003)
    .ARM.Collect$$rtexit$$00000004           0x00000324   Section        6  rtexit2.o(.ARM.Collect$$rtexit$$00000004)
    .emb_text                                0x0000032c   Section        6  sysctl.o(.emb_text)
    $v0                                      0x0000032c   Number         0  sysctl.o(.emb_text)
    .emb_text                                0x00000334   Section       38  cpu.o(.emb_text)
    $v0                                      0x00000334   Number         0  cpu.o(.emb_text)
    .text                                    0x0000035c   Section      276  startup_tm4c123.o(.text)
    $v0                                      0x0000035c   Number         0  startup_tm4c123.o(.text)
    .text                                    0x00000470   Section      128  strcmpv7m.o(.text)
    .text                                    0x000004f0   Section        0  heapauxi.o(.text)
    .text                                    0x000004f6   Section       74  sys_stackheap_outer.o(.text)
    .text                                    0x00000540   Section        0  exit.o(.text)
    .text                                    0x00000554   Section        8  libspace.o(.text)
    .text                                    0x0000055c   Section        0  sys_exit.o(.text)
    .text                                    0x00000568   Section        2  use_no_semi.o(.text)
    .text                                    0x0000056a   Section        0  indicate_semi.o(.text)
    i.CANBitRateSet                          0x0000056c   Section        0  can.o(i.CANBitRateSet)
    i.CANEnable                              0x000005dc   Section        0  can.o(i.CANEnable)
    i.CANInit                                0x000005e6   Section        0  can.o(i.CANInit)
    i.CANIntClear                            0x00000628   Section        0  can.o(i.CANIntClear)
    i.CANIntEnable                           0x0000064e   Section        0  can.o(i.CANIntEnable)
    i.CANIntHandler                          0x00000658   Section        0  can_cfg.o(i.CANIntHandler)
    i.CANIntRegister                         0x000006b0   Section        0  can.o(i.CANIntRegister)
    i.CANIntStatus                           0x0000071c   Section        0  can.o(i.CANIntStatus)
    i.CANMessageGet                          0x0000073c   Section        0  can.o(i.CANMessageGet)
    i.CANMessageSet                          0x000008b6   Section        0  can.o(i.CANMessageSet)
    i.CANStatusGet                           0x00000a1c   Section        0  can.o(i.CANStatusGet)
    i.CAN_Init                               0x00000a60   Section        0  can_cfg.o(i.CAN_Init)
    i.CAN_recieve                            0x00000aa8   Section        0  can_cfg.o(i.CAN_recieve)
    i.Dio_WriteChannel                       0x00000b3c   Section        0  dio.o(i.Dio_WriteChannel)
    i.Error_Handling                         0x00000b84   Section        0  can_cfg.o(i.Error_Handling)
    i.GPIODirModeSet                         0x00000bc4   Section        0  gpio.o(i.GPIODirModeSet)
    i.GPIOPadConfigSet                       0x00000bec   Section        0  gpio.o(i.GPIOPadConfigSet)
    i.GPIOPinConfigure                       0x00000d5c   Section        0  gpio.o(i.GPIOPinConfigure)
    i.GPIOPinTypeCAN                         0x00000da0   Section        0  gpio.o(i.GPIOPinTypeCAN)
    i.GPIOPinTypeGPIOInput                   0x00000dbc   Section        0  gpio.o(i.GPIOPinTypeGPIOInput)
    i.GPIOPinTypeGPIOOutput                  0x00000dd8   Section        0  gpio.o(i.GPIOPinTypeGPIOOutput)
    i.GPIOPinWrite                           0x00000df4   Section        0  gpio.o(i.GPIOPinWrite)
    i.GPIO_Init                              0x00000dfa   Section        0  ecu_2.o(i.GPIO_Init)
    i.Init_CAN0                              0x00000e04   Section        0  can_cfg.o(i.Init_CAN0)
    i.Init_LEDs                              0x00000e38   Section        0  ecu_2.o(i.Init_LEDs)
    i.IntEnable                              0x00000e74   Section        0  interrupt.o(i.IntEnable)
    i.IntMasterEnable                        0x00000ed8   Section        0  interrupt.o(i.IntMasterEnable)
    i.IntRegister                            0x00000ee8   Section        0  interrupt.o(i.IntRegister)
    i.Port_Init                              0x00000f1c   Section        0  port.o(i.Port_Init)
    i.Port_SetPinDirection                   0x00000fc0   Section        0  port.o(i.Port_SetPinDirection)
    i.Port_SetPinMode                        0x0000102c   Section        0  port.o(i.Port_SetPinMode)
    i.State_Change                           0x000011a8   Section        0  ecu_2.o(i.State_Change)
    i.State_Machine                          0x000011e4   Section        0  ecu_2.o(i.State_Machine)
    i.SysCtlClockGet                         0x00001224   Section        0  sysctl.o(i.SysCtlClockGet)
    i.SysCtlClockSet                         0x00001378   Section        0  sysctl.o(i.SysCtlClockSet)
    i.SysCtlPeripheralEnable                 0x00001498   Section        0  sysctl.o(i.SysCtlPeripheralEnable)
    i.SysCtlPeripheralReady                  0x000014c0   Section        0  sysctl.o(i.SysCtlPeripheralReady)
    i.SysTickEnable                          0x000014ec   Section        0  systick.o(i.SysTickEnable)
    i.SysTickIntEnable                       0x000014fa   Section        0  systick.o(i.SysTickIntEnable)
    i.SysTickIntHandler                      0x00001508   Section        0  ecu_2.o(i.SysTickIntHandler)
    i.SysTickIntRegister                     0x0000153c   Section        0  systick.o(i.SysTickIntRegister)
    i.SysTickPeriodSet                       0x00001554   Section        0  systick.o(i.SysTickPeriodSet)
    i.SystemInit                             0x00001560   Section        0  system_tm4c123.o(i.SystemInit)
    i.Systick_Init                           0x000015f8   Section        0  ecu_2.o(i.Systick_Init)
    i.main                                   0x0000164c   Section        0  app.o(i.main)
    i.oneSec_elapsed                         0x00001678   Section        0  ecu_2.o(i.oneSec_elapsed)
    i.oneSec_reset                           0x00001684   Section        0  ecu_2.o(i.oneSec_reset)
    i.systick_elapsed                        0x00001690   Section        0  ecu_2.o(i.systick_elapsed)
    i.systick_reset                          0x0000169c   Section        0  ecu_2.o(i.systick_reset)
    x$fpl$dfixu                              0x000016a8   Section       90  dfixu.o(x$fpl$dfixu)
    $v0                                      0x000016a8   Number         0  dfixu.o(x$fpl$dfixu)
    x$fpl$dfltu                              0x00001702   Section       38  dflt_clz.o(x$fpl$dfltu)
    $v0                                      0x00001702   Number         0  dflt_clz.o(x$fpl$dfltu)
    x$fpl$dmul                               0x00001728   Section      340  dmul.o(x$fpl$dmul)
    $v0                                      0x00001728   Number         0  dmul.o(x$fpl$dmul)
    x$fpl$dnaninf                            0x0000187c   Section      156  dnaninf.o(x$fpl$dnaninf)
    $v0                                      0x0000187c   Number         0  dnaninf.o(x$fpl$dnaninf)
    x$fpl$dretinf                            0x00001918   Section       12  dretinf.o(x$fpl$dretinf)
    $v0                                      0x00001918   Number         0  dretinf.o(x$fpl$dretinf)
    x$fpl$fpinit                             0x00001924   Section       10  fpinit.o(x$fpl$fpinit)
    $v0                                      0x00001924   Number         0  fpinit.o(x$fpl$fpinit)
    x$fpl$usenofp                            0x0000192e   Section        0  usenofp.o(x$fpl$usenofp)
    .constdata                               0x00001930   Section       32  dio.o(.constdata)
    .constdata                               0x00001950   Section       56  port.o(.constdata)
    .constdata                               0x00001988   Section       24  ecu_2.o(.constdata)
    .constdata                               0x000019a0   Section       32  can.o(.constdata)
    g_ui16CANBitValues                       0x000019a0   Data          32  can.o(.constdata)
    .constdata                               0x000019c0   Section      552  gpio.o(.constdata)
    g_ppui32GPIOIntMapBlizzard               0x000019c0   Data         192  gpio.o(.constdata)
    g_ppui32GPIOIntMapSnowflake              0x00001a80   Data         216  gpio.o(.constdata)
    g_pui32GPIOBaseAddrs                     0x00001b58   Data         144  gpio.o(.constdata)
    .constdata                               0x00001be8   Section      268  interrupt.o(.constdata)
    g_pui32Priority                          0x00001be8   Data          32  interrupt.o(.constdata)
    g_pui32Regs                              0x00001c08   Data         156  interrupt.o(.constdata)
    g_pui32EnRegs                            0x00001ca4   Data          20  interrupt.o(.constdata)
    g_pui32Dii16Regs                         0x00001cb8   Data          20  interrupt.o(.constdata)
    g_pui32PendRegs                          0x00001ccc   Data          20  interrupt.o(.constdata)
    g_pui32UnpendRegs                        0x00001ce0   Data          20  interrupt.o(.constdata)
    .constdata                               0x00001cf4   Section      596  sysctl.o(.constdata)
    g_pui32VCOFrequencies                    0x00001cf4   Data           8  sysctl.o(.constdata)
    g_pui32Xtals                             0x00001cfc   Data         108  sysctl.o(.constdata)
    g_pppui32XTALtoVCO                       0x00001d68   Data         432  sysctl.o(.constdata)
    g_sXTALtoMEMTIM                          0x00001f18   Data          48  sysctl.o(.constdata)
    .data                                    0x20000000   Section       22  can_cfg.o(.data)
    .data                                    0x20000018   Section       10  ecu_2.o(.data)
    vtable                                   0x20000400   Section      620  interrupt.o(vtable)
    g_pfnRAMVectors                          0x20000400   Data         620  interrupt.o(vtable)
    .bss                                     0x2000066c   Section       40  can_cfg.o(.bss)
    .bss                                     0x20000694   Section       96  libspace.o(.bss)
    HEAP                                     0x200006f8   Section        0  startup_tm4c123.o(HEAP)
    STACK                                    0x200006f8   Section      512  startup_tm4c123.o(STACK)
    Heap_Mem                                 0x200006f8   Data           0  startup_tm4c123.o(HEAP)
    Stack_Mem                                0x200006f8   Data         512  startup_tm4c123.o(STACK)
    __initial_sp                             0x200008f8   Data           0  startup_tm4c123.o(STACK)

    Global Symbols

    Symbol Name                              Value     Ov Type        Size  Object(Section)

    BuildAttributes$$THM_ISAv4$E$P$D$K$B$S$7EM$VFPi3$EXTD16$VFPS$VFMA$PE$A:L22UL41UL21$X:L11$S22US41US21$IEEE1$IW$USESV6$~STKCKD$USESV7$~SHL$OTIME$ROPI$EBA8$UX$STANDARDLIB$REQ8$PRES8$EABIv2 0x00000000   Number         0  anon$$obj.o ABSOLUTE
    __ARM_use_no_argv                        0x00000000   Number         0  app.o ABSOLUTE
    __Vectors                                0x00000000   Data           4  startup_tm4c123.o(RESET)
    __ARM_exceptions_init                     - Undefined Weak Reference
    __alloca_initialize                       - Undefined Weak Reference
    __arm_preinit_                            - Undefined Weak Reference
    __cpp_initialize__aeabi_                  - Undefined Weak Reference
    __cxa_finalize                            - Undefined Weak Reference
    __rt_locale                               - Undefined Weak Reference
    __sigvec_lookup                           - Undefined Weak Reference
    _atexit_init                              - Undefined Weak Reference
    _call_atexit_fns                          - Undefined Weak Reference
    _clock_init                               - Undefined Weak Reference
    _fp_trap_init                             - Undefined Weak Reference
    _fp_trap_shutdown                         - Undefined Weak Reference
    _get_lc_collate                           - Undefined Weak Reference
    _get_lc_ctype                             - Undefined Weak Reference
    _get_lc_monetary                          - Undefined Weak Reference
    _get_lc_numeric                           - Undefined Weak Reference
    _get_lc_time                              - Undefined Weak Reference
    _getenv_init                              - Undefined Weak Reference
    _handle_redirection                       - Undefined Weak Reference
    _init_alloc                               - Undefined Weak Reference
    _init_user_alloc                          - Undefined Weak Reference
    _initio                                   - Undefined Weak Reference
    _rand_init                                - Undefined Weak Reference
    _signal_finish                            - Undefined Weak Reference
    _signal_init                              - Undefined Weak Reference
    _terminate_alloc                          - Undefined Weak Reference
    _terminate_user_alloc                     - Undefined Weak Reference
    _terminateio                              - Undefined Weak Reference
    __Vectors_End                            0x0000026c   Data           0  startup_tm4c123.o(RESET)
    __Vectors_Size                           0x0000026c   Number         0  startup_tm4c123.o ABSOLUTE
    __main                                   0x0000026d   Thumb Code     8  __main.o(!!!main)
    __scatterload                            0x00000275   Thumb Code     0  __scatter.o(!!!scatter)
    __scatterload_rt2                        0x00000275   Thumb Code    44  __scatter.o(!!!scatter)
    __scatterload_rt2_thumb_only             0x00000275   Thumb Code     0  __scatter.o(!!!scatter)
    __scatterload_null                       0x00000283   Thumb Code     0  __scatter.o(!!!scatter)
    __decompress                             0x000002a9   Thumb Code    58  __dczerorl.o(!!dczerorl)
    __decompress0                            0x000002a9   Thumb Code     0  __dczerorl.o(!!dczerorl)
    __scatterload_zeroinit                   0x000002e5   Thumb Code    28  __scatter_zi.o(!!handler_zi)
    __rt_lib_init                            0x00000301   Thumb Code     0  libinit.o(.ARM.Collect$$libinit$$00000000)
    __rt_lib_init_fp_1                       0x00000303   Thumb Code     0  libinit2.o(.ARM.Collect$$libinit$$00000001)
    __rt_lib_init_alloca_1                   0x00000307   Thumb Code     0  libinit2.o(.ARM.Collect$$libinit$$0000002E)
    __rt_lib_init_argv_1                     0x00000307   Thumb Code     0  libinit2.o(.ARM.Collect$$libinit$$0000002C)
    __rt_lib_init_atexit_1                   0x00000307   Thumb Code     0  libinit2.o(.ARM.Collect$$libinit$$0000001B)
    __rt_lib_init_clock_1                    0x00000307   Thumb Code     0  libinit2.o(.ARM.Collect$$libinit$$00000021)
    __rt_lib_init_cpp_1                      0x00000307   Thumb Code     0  libinit2.o(.ARM.Collect$$libinit$$00000032)
    __rt_lib_init_exceptions_1               0x00000307   Thumb Code     0  libinit2.o(.ARM.Collect$$libinit$$00000030)
    __rt_lib_init_fp_trap_1                  0x00000307   Thumb Code     0  libinit2.o(.ARM.Collect$$libinit$$0000001F)
    __rt_lib_init_getenv_1                   0x00000307   Thumb Code     0  libinit2.o(.ARM.Collect$$libinit$$00000023)
    __rt_lib_init_heap_1                     0x00000307   Thumb Code     0  libinit2.o(.ARM.Collect$$libinit$$0000000A)
    __rt_lib_init_lc_collate_1               0x00000307   Thumb Code     0  libinit2.o(.ARM.Collect$$libinit$$00000011)
    __rt_lib_init_lc_ctype_1                 0x00000307   Thumb Code     0  libinit2.o(.ARM.Collect$$libinit$$00000013)
    __rt_lib_init_lc_monetary_1              0x00000307   Thumb Code     0  libinit2.o(.ARM.Collect$$libinit$$00000015)
    __rt_lib_init_lc_numeric_1               0x00000307   Thumb Code     0  libinit2.o(.ARM.Collect$$libinit$$00000017)
    __rt_lib_init_lc_time_1                  0x00000307   Thumb Code     0  libinit2.o(.ARM.Collect$$libinit$$00000019)
    __rt_lib_init_preinit_1                  0x00000307   Thumb Code     0  libinit2.o(.ARM.Collect$$libinit$$00000004)
    __rt_lib_init_rand_1                     0x00000307   Thumb Code     0  libinit2.o(.ARM.Collect$$libinit$$0000000E)
    __rt_lib_init_return                     0x00000307   Thumb Code     0  libinit2.o(.ARM.Collect$$libinit$$00000033)
    __rt_lib_init_signal_1                   0x00000307   Thumb Code     0  libinit2.o(.ARM.Collect$$libinit$$0000001D)
    __rt_lib_init_stdio_1                    0x00000307   Thumb Code     0  libinit2.o(.ARM.Collect$$libinit$$00000025)
    __rt_lib_init_user_alloc_1               0x00000307   Thumb Code     0  libinit2.o(.ARM.Collect$$libinit$$0000000C)
    __rt_lib_shutdown                        0x00000309   Thumb Code     0  libshutdown.o(.ARM.Collect$$libshutdown$$00000000)
    __rt_lib_shutdown_cpp_1                  0x0000030b   Thumb Code     0  libshutdown2.o(.ARM.Collect$$libshutdown$$00000002)
    __rt_lib_shutdown_fp_trap_1              0x0000030b   Thumb Code     0  libshutdown2.o(.ARM.Collect$$libshutdown$$00000007)
    __rt_lib_shutdown_heap_1                 0x0000030b   Thumb Code     0  libshutdown2.o(.ARM.Collect$$libshutdown$$0000000F)
    __rt_lib_shutdown_return                 0x0000030b   Thumb Code     0  libshutdown2.o(.ARM.Collect$$libshutdown$$00000010)
    __rt_lib_shutdown_signal_1               0x0000030b   Thumb Code     0  libshutdown2.o(.ARM.Collect$$libshutdown$$0000000A)
    __rt_lib_shutdown_stdio_1                0x0000030b   Thumb Code     0  libshutdown2.o(.ARM.Collect$$libshutdown$$00000004)
    __rt_lib_shutdown_user_alloc_1           0x0000030b   Thumb Code     0  libshutdown2.o(.ARM.Collect$$libshutdown$$0000000C)
    __rt_entry                               0x0000030d   Thumb Code     0  __rtentry.o(.ARM.Collect$$rtentry$$00000000)
    __rt_entry_presh_1                       0x0000030d   Thumb Code     0  __rtentry2.o(.ARM.Collect$$rtentry$$00000002)
    __rt_entry_sh                            0x0000030d   Thumb Code     0  __rtentry4.o(.ARM.Collect$$rtentry$$00000004)
    __rt_entry_li                            0x00000313   Thumb Code     0  __rtentry2.o(.ARM.Collect$$rtentry$$0000000A)
    __rt_entry_postsh_1                      0x00000313   Thumb Code     0  __rtentry2.o(.ARM.Collect$$rtentry$$00000009)
    __rt_entry_main                          0x00000317   Thumb Code     0  __rtentry2.o(.ARM.Collect$$rtentry$$0000000D)
    __rt_entry_postli_1                      0x00000317   Thumb Code     0  __rtentry2.o(.ARM.Collect$$rtentry$$0000000C)
    __rt_exit                                0x0000031f   Thumb Code     0  rtexit.o(.ARM.Collect$$rtexit$$00000000)
    __rt_exit_ls                             0x00000321   Thumb Code     0  rtexit2.o(.ARM.Collect$$rtexit$$00000003)
    __rt_exit_prels_1                        0x00000321   Thumb Code     0  rtexit2.o(.ARM.Collect$$rtexit$$00000002)
    __rt_exit_exit                           0x00000325   Thumb Code     0  rtexit2.o(.ARM.Collect$$rtexit$$00000004)
    SysCtlDelay                              0x0000032d   Thumb Code     6  sysctl.o(.emb_text)
    CPUcpsid                                 0x00000335   Thumb Code     8  cpu.o(.emb_text)
    CPUprimask                               0x0000033d   Thumb Code     6  cpu.o(.emb_text)
    CPUcpsie                                 0x00000343   Thumb Code     8  cpu.o(.emb_text)
    CPUwfi                                   0x0000034b   Thumb Code     4  cpu.o(.emb_text)
    CPUbasepriSet                            0x0000034f   Thumb Code     6  cpu.o(.emb_text)
    CPUbasepriGet                            0x00000355   Thumb Code     6  cpu.o(.emb_text)
    Reset_Handler                            0x0000035d   Thumb Code     8  startup_tm4c123.o(.text)
    NMI_Handler                              0x00000365   Thumb Code     2  startup_tm4c123.o(.text)
    HardFault_Handler                        0x00000367   Thumb Code     2  startup_tm4c123.o(.text)
    MemManage_Handler                        0x00000369   Thumb Code     2  startup_tm4c123.o(.text)
    BusFault_Handler                         0x0000036b   Thumb Code     2  startup_tm4c123.o(.text)
    UsageFault_Handler                       0x0000036d   Thumb Code     2  startup_tm4c123.o(.text)
    SVC_Handler                              0x0000036f   Thumb Code     2  startup_tm4c123.o(.text)
    DebugMon_Handler                         0x00000371   Thumb Code     2  startup_tm4c123.o(.text)
    PendSV_Handler                           0x00000373   Thumb Code     2  startup_tm4c123.o(.text)
    SysTick_Handler                          0x00000375   Thumb Code     2  startup_tm4c123.o(.text)
    GPIOA_Handler                            0x00000377   Thumb Code     2  startup_tm4c123.o(.text)
    GPIOB_Handler                            0x00000379   Thumb Code     2  startup_tm4c123.o(.text)
    GPIOC_Handler                            0x0000037b   Thumb Code     2  startup_tm4c123.o(.text)
    GPIOD_Handler                            0x0000037d   Thumb Code     2  startup_tm4c123.o(.text)
    GPIOE_Handler                            0x0000037f   Thumb Code     2  startup_tm4c123.o(.text)
    UART0_Handler                            0x00000381   Thumb Code     2  startup_tm4c123.o(.text)
    UART1_Handler                            0x00000383   Thumb Code     2  startup_tm4c123.o(.text)
    SSI0_Handler                             0x00000385   Thumb Code     2  startup_tm4c123.o(.text)
    I2C0_Handler                             0x00000387   Thumb Code     2  startup_tm4c123.o(.text)
    PMW0_FAULT_Handler                       0x00000389   Thumb Code     2  startup_tm4c123.o(.text)
    PWM0_0_Handler                           0x0000038b   Thumb Code     2  startup_tm4c123.o(.text)
    PWM0_1_Handler                           0x0000038d   Thumb Code     2  startup_tm4c123.o(.text)
    PWM0_2_Handler                           0x0000038f   Thumb Code     2  startup_tm4c123.o(.text)
    QEI0_Handler                             0x00000391   Thumb Code     2  startup_tm4c123.o(.text)
    ADC0SS0_Handler                          0x00000393   Thumb Code     2  startup_tm4c123.o(.text)
    ADC0SS1_Handler                          0x00000395   Thumb Code     2  startup_tm4c123.o(.text)
    ADC0SS2_Handler                          0x00000397   Thumb Code     2  startup_tm4c123.o(.text)
    ADC0SS3_Handler                          0x00000399   Thumb Code     2  startup_tm4c123.o(.text)
    WDT0_Handler                             0x0000039b   Thumb Code     2  startup_tm4c123.o(.text)
    TIMER0A_Handler                          0x0000039d   Thumb Code     2  startup_tm4c123.o(.text)
    TIMER0B_Handler                          0x0000039f   Thumb Code     2  startup_tm4c123.o(.text)
    TIMER1A_Handler                          0x000003a1   Thumb Code     2  startup_tm4c123.o(.text)
    TIMER1B_Handler                          0x000003a3   Thumb Code     2  startup_tm4c123.o(.text)
    TIMER2A_Handler                          0x000003a5   Thumb Code     2  startup_tm4c123.o(.text)
    TIMER2B_Handler                          0x000003a7   Thumb Code     2  startup_tm4c123.o(.text)
    COMP0_Handler                            0x000003a9   Thumb Code     2  startup_tm4c123.o(.text)
    COMP1_Handler                            0x000003ab   Thumb Code     2  startup_tm4c123.o(.text)
    COMP2_Handler                            0x000003ad   Thumb Code     2  startup_tm4c123.o(.text)
    SYSCTL_Handler                           0x000003af   Thumb Code     2  startup_tm4c123.o(.text)
    FLASH_Handler                            0x000003b1   Thumb Code     2  startup_tm4c123.o(.text)
    GPIOF_Handler                            0x000003b3   Thumb Code     2  startup_tm4c123.o(.text)
    GPIOG_Handler                            0x000003b5   Thumb Code     2  startup_tm4c123.o(.text)
    GPIOH_Handler                            0x000003b7   Thumb Code     2  startup_tm4c123.o(.text)
    UART2_Handler                            0x000003b9   Thumb Code     2  startup_tm4c123.o(.text)
    SSI1_Handler                             0x000003bb   Thumb Code     2  startup_tm4c123.o(.text)
    TIMER3A_Handler                          0x000003bd   Thumb Code     2  startup_tm4c123.o(.text)
    TIMER3B_Handler                          0x000003bf   Thumb Code     2  startup_tm4c123.o(.text)
    I2C1_Handler                             0x000003c1   Thumb Code     2  startup_tm4c123.o(.text)
    QEI1_Handler                             0x000003c3   Thumb Code     2  startup_tm4c123.o(.text)
    CAN0_Handler                             0x000003c5   Thumb Code     2  startup_tm4c123.o(.text)
    CAN1_Handler                             0x000003c7   Thumb Code     2  startup_tm4c123.o(.text)
    CAN2_Handler                             0x000003c9   Thumb Code     2  startup_tm4c123.o(.text)
    HIB_Handler                              0x000003cb   Thumb Code     2  startup_tm4c123.o(.text)
    USB0_Handler                             0x000003cd   Thumb Code     2  startup_tm4c123.o(.text)
    PWM0_3_Handler                           0x000003cf   Thumb Code     2  startup_tm4c123.o(.text)
    UDMA_Handler                             0x000003d1   Thumb Code     2  startup_tm4c123.o(.text)
    UDMAERR_Handler                          0x000003d3   Thumb Code     2  startup_tm4c123.o(.text)
    ADC1SS0_Handler                          0x000003d5   Thumb Code     2  startup_tm4c123.o(.text)
    ADC1SS1_Handler                          0x000003d7   Thumb Code     2  startup_tm4c123.o(.text)
    ADC1SS2_Handler                          0x000003d9   Thumb Code     2  startup_tm4c123.o(.text)
    ADC1SS3_Handler                          0x000003db   Thumb Code     2  startup_tm4c123.o(.text)
    GPIOJ_Handler                            0x000003dd   Thumb Code     2  startup_tm4c123.o(.text)
    GPIOK_Handler                            0x000003df   Thumb Code     2  startup_tm4c123.o(.text)
    GPIOL_Handler                            0x000003e1   Thumb Code     2  startup_tm4c123.o(.text)
    SSI2_Handler                             0x000003e3   Thumb Code     2  startup_tm4c123.o(.text)
    SSI3_Handler                             0x000003e5   Thumb Code     2  startup_tm4c123.o(.text)
    UART3_Handler                            0x000003e7   Thumb Code     2  startup_tm4c123.o(.text)
    UART4_Handler                            0x000003e9   Thumb Code     2  startup_tm4c123.o(.text)
    UART5_Handler                            0x000003eb   Thumb Code     2  startup_tm4c123.o(.text)
    UART6_Handler                            0x000003ed   Thumb Code     2  startup_tm4c123.o(.text)
    UART7_Handler                            0x000003ef   Thumb Code     2  startup_tm4c123.o(.text)
    I2C2_Handler                             0x000003f1   Thumb Code     2  startup_tm4c123.o(.text)
    I2C3_Handler                             0x000003f3   Thumb Code     2  startup_tm4c123.o(.text)
    TIMER4A_Handler                          0x000003f5   Thumb Code     2  startup_tm4c123.o(.text)
    TIMER4B_Handler                          0x000003f7   Thumb Code     2  startup_tm4c123.o(.text)
    TIMER5A_Handler                          0x000003f9   Thumb Code     2  startup_tm4c123.o(.text)
    TIMER5B_Handler                          0x000003fb   Thumb Code     2  startup_tm4c123.o(.text)
    WTIMER0A_Handler                         0x000003fd   Thumb Code     2  startup_tm4c123.o(.text)
    WTIMER0B_Handler                         0x000003ff   Thumb Code     2  startup_tm4c123.o(.text)
    WTIMER1A_Handler                         0x00000401   Thumb Code     2  startup_tm4c123.o(.text)
    WTIMER1B_Handler                         0x00000403   Thumb Code     2  startup_tm4c123.o(.text)
    WTIMER2A_Handler                         0x00000405   Thumb Code     2  startup_tm4c123.o(.text)
    WTIMER2B_Handler                         0x00000407   Thumb Code     2  startup_tm4c123.o(.text)
    WTIMER3A_Handler                         0x00000409   Thumb Code     2  startup_tm4c123.o(.text)
    WTIMER3B_Handler                         0x0000040b   Thumb Code     2  startup_tm4c123.o(.text)
    WTIMER4A_Handler                         0x0000040d   Thumb Code     2  startup_tm4c123.o(.text)
    WTIMER4B_Handler                         0x0000040f   Thumb Code     2  startup_tm4c123.o(.text)
    WTIMER5A_Handler                         0x00000411   Thumb Code     2  startup_tm4c123.o(.text)
    WTIMER5B_Handler                         0x00000413   Thumb Code     2  startup_tm4c123.o(.text)
    FPU_Handler                              0x00000415   Thumb Code     2  startup_tm4c123.o(.text)
    I2C4_Handler                             0x00000417   Thumb Code     2  startup_tm4c123.o(.text)
    I2C5_Handler                             0x00000419   Thumb Code     2  startup_tm4c123.o(.text)
    GPIOM_Handler                            0x0000041b   Thumb Code     2  startup_tm4c123.o(.text)
    GPION_Handler                            0x0000041d   Thumb Code     2  startup_tm4c123.o(.text)
    QEI2_Handler                             0x0000041f   Thumb Code     2  startup_tm4c123.o(.text)
    GPIOP0_Handler                           0x00000421   Thumb Code     2  startup_tm4c123.o(.text)
    GPIOP1_Handler                           0x00000423   Thumb Code     2  startup_tm4c123.o(.text)
    GPIOP2_Handler                           0x00000425   Thumb Code     2  startup_tm4c123.o(.text)
    GPIOP3_Handler                           0x00000427   Thumb Code     2  startup_tm4c123.o(.text)
    GPIOP4_Handler                           0x00000429   Thumb Code     2  startup_tm4c123.o(.text)
    GPIOP5_Handler                           0x0000042b   Thumb Code     2  startup_tm4c123.o(.text)
    GPIOP6_Handler                           0x0000042d   Thumb Code     2  startup_tm4c123.o(.text)
    GPIOP7_Handler                           0x0000042f   Thumb Code     2  startup_tm4c123.o(.text)
    GPIOQ0_Handler                           0x00000431   Thumb Code     2  startup_tm4c123.o(.text)
    GPIOQ1_Handler                           0x00000433   Thumb Code     2  startup_tm4c123.o(.text)
    GPIOQ2_Handler                           0x00000435   Thumb Code     2  startup_tm4c123.o(.text)
    GPIOQ3_Handler                           0x00000437   Thumb Code     2  startup_tm4c123.o(.text)
    GPIOQ4_Handler                           0x00000439   Thumb Code     2  startup_tm4c123.o(.text)
    GPIOQ5_Handler                           0x0000043b   Thumb Code     2  startup_tm4c123.o(.text)
    GPIOQ6_Handler                           0x0000043d   Thumb Code     2  startup_tm4c123.o(.text)
    GPIOQ7_Handler                           0x0000043f   Thumb Code     2  startup_tm4c123.o(.text)
    GPIOR_Handler                            0x00000441   Thumb Code     2  startup_tm4c123.o(.text)
    GPIOS_Handler                            0x00000443   Thumb Code     2  startup_tm4c123.o(.text)
    PMW1_0_Handler                           0x00000445   Thumb Code     2  startup_tm4c123.o(.text)
    PWM1_1_Handler                           0x00000447   Thumb Code     2  startup_tm4c123.o(.text)
    PWM1_2_Handler                           0x00000449   Thumb Code     2  startup_tm4c123.o(.text)
    PWM1_3_Handler                           0x0000044b   Thumb Code     2  startup_tm4c123.o(.text)
    PWM1_FAULT_Handler                       0x0000044d   Thumb Code     2  startup_tm4c123.o(.text)
    __user_initial_stackheap                 0x00000451   Thumb Code     0  startup_tm4c123.o(.text)
    strcmp                                   0x00000471   Thumb Code   128  strcmpv7m.o(.text)
    __use_two_region_memory                  0x000004f1   Thumb Code     2  heapauxi.o(.text)
    __rt_heap_escrow$2region                 0x000004f3   Thumb Code     2  heapauxi.o(.text)
    __rt_heap_expand$2region                 0x000004f5   Thumb Code     2  heapauxi.o(.text)
    __user_setup_stackheap                   0x000004f7   Thumb Code    74  sys_stackheap_outer.o(.text)
    exit                                     0x00000541   Thumb Code    18  exit.o(.text)
    __user_libspace                          0x00000555   Thumb Code     8  libspace.o(.text)
    __user_perproc_libspace                  0x00000555   Thumb Code     0  libspace.o(.text)
    __user_perthread_libspace                0x00000555   Thumb Code     0  libspace.o(.text)
    _sys_exit                                0x0000055d   Thumb Code     8  sys_exit.o(.text)
    __I$use$semihosting                      0x00000569   Thumb Code     0  use_no_semi.o(.text)
    __use_no_semihosting_swi                 0x00000569   Thumb Code     2  use_no_semi.o(.text)
    __semihosting_library_function           0x0000056b   Thumb Code     0  indicate_semi.o(.text)
    CANBitRateSet                            0x0000056d   Thumb Code   108  can.o(i.CANBitRateSet)
    CANEnable                                0x000005dd   Thumb Code    10  can.o(i.CANEnable)
    CANInit                                  0x000005e7   Thumb Code    66  can.o(i.CANInit)
    CANIntClear                              0x00000629   Thumb Code    38  can.o(i.CANIntClear)
    CANIntEnable                             0x0000064f   Thumb Code     8  can.o(i.CANIntEnable)
    CANIntHandler                            0x00000659   Thumb Code    72  can_cfg.o(i.CANIntHandler)
    CANIntRegister                           0x000006b1   Thumb Code    92  can.o(i.CANIntRegister)
    CANIntStatus                             0x0000071d   Thumb Code    32  can.o(i.CANIntStatus)
    CANMessageGet                            0x0000073d   Thumb Code   378  can.o(i.CANMessageGet)
    CANMessageSet                            0x000008b7   Thumb Code   358  can.o(i.CANMessageSet)
    CANStatusGet                             0x00000a1d   Thumb Code    68  can.o(i.CANStatusGet)
    CAN_Init                                 0x00000a61   Thumb Code    58  can_cfg.o(i.CAN_Init)
    CAN_recieve                              0x00000aa9   Thumb Code   112  can_cfg.o(i.CAN_recieve)
    Dio_WriteChannel                         0x00000b3d   Thumb Code    62  dio.o(i.Dio_WriteChannel)
    Error_Handling                           0x00000b85   Thumb Code    54  can_cfg.o(i.Error_Handling)
    GPIODirModeSet                           0x00000bc5   Thumb Code    40  gpio.o(i.GPIODirModeSet)
    GPIOPadConfigSet                         0x00000bed   Thumb Code   354  gpio.o(i.GPIOPadConfigSet)
    GPIOPinConfigure                         0x00000d5d   Thumb Code    60  gpio.o(i.GPIOPinConfigure)
    GPIOPinTypeCAN                           0x00000da1   Thumb Code    28  gpio.o(i.GPIOPinTypeCAN)
    GPIOPinTypeGPIOInput                     0x00000dbd   Thumb Code    28  gpio.o(i.GPIOPinTypeGPIOInput)
    GPIOPinTypeGPIOOutput                    0x00000dd9   Thumb Code    28  gpio.o(i.GPIOPinTypeGPIOOutput)
    GPIOPinWrite                             0x00000df5   Thumb Code     6  gpio.o(i.GPIOPinWrite)
    GPIO_Init                                0x00000dfb   Thumb Code     8  ecu_2.o(i.GPIO_Init)
    Init_CAN0                                0x00000e05   Thumb Code    46  can_cfg.o(i.Init_CAN0)
    Init_LEDs                                0x00000e39   Thumb Code    54  ecu_2.o(i.Init_LEDs)
    IntEnable                                0x00000e75   Thumb Code    92  interrupt.o(i.IntEnable)
    IntMasterEnable                          0x00000ed9   Thumb Code    14  interrupt.o(i.IntMasterEnable)
    IntRegister                              0x00000ee9   Thumb Code    44  interrupt.o(i.IntRegister)
    Port_Init                                0x00000f1d   Thumb Code   136  port.o(i.Port_Init)
    Port_SetPinDirection                     0x00000fc1   Thumb Code    98  port.o(i.Port_SetPinDirection)
    Port_SetPinMode                          0x0000102d   Thumb Code   328  port.o(i.Port_SetPinMode)
    State_Change                             0x000011a9   Thumb Code    50  ecu_2.o(i.State_Change)
    State_Machine                            0x000011e5   Thumb Code    58  ecu_2.o(i.State_Machine)
    SysCtlClockGet                           0x00001225   Thumb Code   304  sysctl.o(i.SysCtlClockGet)
    SysCtlClockSet                           0x00001379   Thumb Code   270  sysctl.o(i.SysCtlClockSet)
    SysCtlPeripheralEnable                   0x00001499   Thumb Code    36  sysctl.o(i.SysCtlPeripheralEnable)
    SysCtlPeripheralReady                    0x000014c1   Thumb Code    40  sysctl.o(i.SysCtlPeripheralReady)
    SysTickEnable                            0x000014ed   Thumb Code    14  systick.o(i.SysTickEnable)
    SysTickIntEnable                         0x000014fb   Thumb Code    14  systick.o(i.SysTickIntEnable)
    SysTickIntHandler                        0x00001509   Thumb Code    38  ecu_2.o(i.SysTickIntHandler)
    SysTickIntRegister                       0x0000153d   Thumb Code    24  systick.o(i.SysTickIntRegister)
    SysTickPeriodSet                         0x00001555   Thumb Code    10  systick.o(i.SysTickPeriodSet)
    SystemInit                               0x00001561   Thumb Code   112  system_tm4c123.o(i.SystemInit)
    Systick_Init                             0x000015f9   Thumb Code    70  ecu_2.o(i.Systick_Init)
    main                                     0x0000164d   Thumb Code    44  app.o(i.main)
    oneSec_elapsed                           0x00001679   Thumb Code     6  ecu_2.o(i.oneSec_elapsed)
    oneSec_reset                             0x00001685   Thumb Code     8  ecu_2.o(i.oneSec_reset)
    systick_elapsed                          0x00001691   Thumb Code     6  ecu_2.o(i.systick_elapsed)
    systick_reset                            0x0000169d   Thumb Code     8  ecu_2.o(i.systick_reset)
    __aeabi_d2uiz                            0x000016a9   Thumb Code     0  dfixu.o(x$fpl$dfixu)
    _dfixu                                   0x000016a9   Thumb Code    90  dfixu.o(x$fpl$dfixu)
    __aeabi_ui2d                             0x00001703   Thumb Code     0  dflt_clz.o(x$fpl$dfltu)
    _dfltu                                   0x00001703   Thumb Code    38  dflt_clz.o(x$fpl$dfltu)
    __aeabi_dmul                             0x00001729   Thumb Code     0  dmul.o(x$fpl$dmul)
    _dmul                                    0x00001729   Thumb Code   332  dmul.o(x$fpl$dmul)
    __fpl_dnaninf                            0x0000187d   Thumb Code   156  dnaninf.o(x$fpl$dnaninf)
    __fpl_dretinf                            0x00001919   Thumb Code    12  dretinf.o(x$fpl$dretinf)
    _fp_init                                 0x00001925   Thumb Code    10  fpinit.o(x$fpl$fpinit)
    __fplib_config_fpu_vfp                   0x0000192d   Thumb Code     0  fpinit.o(x$fpl$fpinit)
    __fplib_config_pureend_doubles           0x0000192d   Thumb Code     0  fpinit.o(x$fpl$fpinit)
    __I$use$fp                               0x0000192e   Number         0  usenofp.o(x$fpl$usenofp)
    Dio_Ports                                0x00001930   Data          24  dio.o(.constdata)
    Dio_Pins                                 0x00001948   Data           8  dio.o(.constdata)
    Port_Ports                               0x00001950   Data          24  port.o(.constdata)
    Port_Pins                                0x00001968   Data           8  port.o(.constdata)
    Port_Clocks                              0x00001970   Data          24  port.o(.constdata)
    Region$$Table$$Base                      0x00001f48   Number         0  anon$$obj.o(Region$$Table)
    Region$$Table$$Limit                     0x00001f68   Number         0  anon$$obj.o(Region$$Table)
    error_type                               0x20000000   Data           4  can_cfg.o(.data)
    errFlag                                  0x20000004   Data           1  can_cfg.o(.data)
    TXmsg_Data                               0x20000005   Data           8  can_cfg.o(.data)
    RXmsg_Data                               0x2000000d   Data           8  can_cfg.o(.data)
    rxFlag                                   0x20000015   Data           1  can_cfg.o(.data)
    currentState                             0x20000018   Data           1  ecu_2.o(.data)
    tickPer10ms                              0x2000001c   Data           4  ecu_2.o(.data)
    systickFlag                              0x20000020   Data           1  ecu_2.o(.data)
    oneSecondFlag                            0x20000021   Data           1  ecu_2.o(.data)
    TXmsg                                    0x2000066c   Data          20  can_cfg.o(.bss)
    RXmsg                                    0x20000680   Data          20  can_cfg.o(.bss)
    __libspace_start                         0x20000694   Data          96  libspace.o(.bss)
    __temporary_stack_top$libspace           0x200006f4   Data           0  libspace.o(.bss)



==============================================================================

Memory Map of the image

  Image Entry point : 0x0000035d

  Load Region LR_1 (Base: 0x00000000, Size: 0x000025d4, Max: 0xffffffff, ABSOLUTE, COMPRESSED[0x00001f78])

    Execution Region ER_RO (Exec base: 0x00000000, Load base: 0x00000000, Size: 0x00001f68, Max: 0xffffffff, ABSOLUTE)

    Exec Addr    Load Addr    Size         Type   Attr      Idx    E Section Name        Object

    0x00000000   0x00000000   0x0000026c   Data   RO          289    RESET               startup_tm4c123.o
    0x0000026c   0x0000026c   0x00000008   Code   RO         1366  * !!!main             c_w.l(__main.o)
    0x00000274   0x00000274   0x00000034   Code   RO         1542    !!!scatter          c_w.l(__scatter.o)
    0x000002a8   0x000002a8   0x0000003a   Code   RO         1540    !!dczerorl          c_w.l(__dczerorl.o)
    0x000002e2   0x000002e2   0x00000002   PAD
    0x000002e4   0x000002e4   0x0000001c   Code   RO         1544    !!handler_zi        c_w.l(__scatter_zi.o)
    0x00000300   0x00000300   0x00000002   Code   RO         1410    .ARM.Collect$$libinit$$00000000  c_w.l(libinit.o)
    0x00000302   0x00000302   0x00000004   Code   RO         1416    .ARM.Collect$$libinit$$00000001  c_w.l(libinit2.o)
    0x00000306   0x00000306   0x00000000   Code   RO         1419    .ARM.Collect$$libinit$$00000004  c_w.l(libinit2.o)
    0x00000306   0x00000306   0x00000000   Code   RO         1422    .ARM.Collect$$libinit$$0000000A  c_w.l(libinit2.o)
    0x00000306   0x00000306   0x00000000   Code   RO         1424    .ARM.Collect$$libinit$$0000000C  c_w.l(libinit2.o)
    0x00000306   0x00000306   0x00000000   Code   RO         1426    .ARM.Collect$$libinit$$0000000E  c_w.l(libinit2.o)
    0x00000306   0x00000306   0x00000000   Code   RO         1429    .ARM.Collect$$libinit$$00000011  c_w.l(libinit2.o)
    0x00000306   0x00000306   0x00000000   Code   RO         1431    .ARM.Collect$$libinit$$00000013  c_w.l(libinit2.o)
    0x00000306   0x00000306   0x00000000   Code   RO         1433    .ARM.Collect$$libinit$$00000015  c_w.l(libinit2.o)
    0x00000306   0x00000306   0x00000000   Code   RO         1435    .ARM.Collect$$libinit$$00000017  c_w.l(libinit2.o)
    0x00000306   0x00000306   0x00000000   Code   RO         1437    .ARM.Collect$$libinit$$00000019  c_w.l(libinit2.o)
    0x00000306   0x00000306   0x00000000   Code   RO         1439    .ARM.Collect$$libinit$$0000001B  c_w.l(libinit2.o)
    0x00000306   0x00000306   0x00000000   Code   RO         1441    .ARM.Collect$$libinit$$0000001D  c_w.l(libinit2.o)
    0x00000306   0x00000306   0x00000000   Code   RO         1443    .ARM.Collect$$libinit$$0000001F  c_w.l(libinit2.o)
    0x00000306   0x00000306   0x00000000   Code   RO         1445    .ARM.Collect$$libinit$$00000021  c_w.l(libinit2.o)
    0x00000306   0x00000306   0x00000000   Code   RO         1447    .ARM.Collect$$libinit$$00000023  c_w.l(libinit2.o)
    0x00000306   0x00000306   0x00000000   Code   RO         1449    .ARM.Collect$$libinit$$00000025  c_w.l(libinit2.o)
    0x00000306   0x00000306   0x00000000   Code   RO         1453    .ARM.Collect$$libinit$$0000002C  c_w.l(libinit2.o)
    0x00000306   0x00000306   0x00000000   Code   RO         1455    .ARM.Collect$$libinit$$0000002E  c_w.l(libinit2.o)
    0x00000306   0x00000306   0x00000000   Code   RO         1457    .ARM.Collect$$libinit$$00000030  c_w.l(libinit2.o)
    0x00000306   0x00000306   0x00000000   Code   RO         1459    .ARM.Collect$$libinit$$00000032  c_w.l(libinit2.o)
    0x00000306   0x00000306   0x00000002   Code   RO         1460    .ARM.Collect$$libinit$$00000033  c_w.l(libinit2.o)
    0x00000308   0x00000308   0x00000002   Code   RO         1480    .ARM.Collect$$libshutdown$$00000000  c_w.l(libshutdown.o)
    0x0000030a   0x0000030a   0x00000000   Code   RO         1493    .ARM.Collect$$libshutdown$$00000002  c_w.l(libshutdown2.o)
    0x0000030a   0x0000030a   0x00000000   Code   RO         1495    .ARM.Collect$$libshutdown$$00000004  c_w.l(libshutdown2.o)
    0x0000030a   0x0000030a   0x00000000   Code   RO         1498    .ARM.Collect$$libshutdown$$00000007  c_w.l(libshutdown2.o)
    0x0000030a   0x0000030a   0x00000000   Code   RO         1501    .ARM.Collect$$libshutdown$$0000000A  c_w.l(libshutdown2.o)
    0x0000030a   0x0000030a   0x00000000   Code   RO         1503    .ARM.Collect$$libshutdown$$0000000C  c_w.l(libshutdown2.o)
    0x0000030a   0x0000030a   0x00000000   Code   RO         1506    .ARM.Collect$$libshutdown$$0000000F  c_w.l(libshutdown2.o)
    0x0000030a   0x0000030a   0x00000002   Code   RO         1507    .ARM.Collect$$libshutdown$$00000010  c_w.l(libshutdown2.o)
    0x0000030c   0x0000030c   0x00000000   Code   RO         1380    .ARM.Collect$$rtentry$$00000000  c_w.l(__rtentry.o)
    0x0000030c   0x0000030c   0x00000000   Code   RO         1387    .ARM.Collect$$rtentry$$00000002  c_w.l(__rtentry2.o)
    0x0000030c   0x0000030c   0x00000006   Code   RO         1399    .ARM.Collect$$rtentry$$00000004  c_w.l(__rtentry4.o)
    0x00000312   0x00000312   0x00000000   Code   RO         1389    .ARM.Collect$$rtentry$$00000009  c_w.l(__rtentry2.o)
    0x00000312   0x00000312   0x00000004   Code   RO         1390    .ARM.Collect$$rtentry$$0000000A  c_w.l(__rtentry2.o)
    0x00000316   0x00000316   0x00000000   Code   RO         1392    .ARM.Collect$$rtentry$$0000000C  c_w.l(__rtentry2.o)
    0x00000316   0x00000316   0x00000008   Code   RO         1393    .ARM.Collect$$rtentry$$0000000D  c_w.l(__rtentry2.o)
    0x0000031e   0x0000031e   0x00000002   Code   RO         1414    .ARM.Collect$$rtexit$$00000000  c_w.l(rtexit.o)
    0x00000320   0x00000320   0x00000000   Code   RO         1462    .ARM.Collect$$rtexit$$00000002  c_w.l(rtexit2.o)
    0x00000320   0x00000320   0x00000004   Code   RO         1463    .ARM.Collect$$rtexit$$00000003  c_w.l(rtexit2.o)
    0x00000324   0x00000324   0x00000006   Code   RO         1464    .ARM.Collect$$rtexit$$00000004  c_w.l(rtexit2.o)
    0x0000032a   0x0000032a   0x00000002   PAD
    0x0000032c   0x0000032c   0x00000006   Code   RO          939    .emb_text           driverlib.lib(sysctl.o)
    0x00000332   0x00000332   0x00000002   PAD
    0x00000334   0x00000334   0x00000026   Code   RO         1350    .emb_text           driverlib.lib(cpu.o)
    0x0000035a   0x0000035a   0x00000002   PAD
    0x0000035c   0x0000035c   0x00000114   Code   RO          290  * .text               startup_tm4c123.o
    0x00000470   0x00000470   0x00000080   Code   RO         1362    .text               c_w.l(strcmpv7m.o)
    0x000004f0   0x000004f0   0x00000006   Code   RO         1364    .text               c_w.l(heapauxi.o)
    0x000004f6   0x000004f6   0x0000004a   Code   RO         1401    .text               c_w.l(sys_stackheap_outer.o)
    0x00000540   0x00000540   0x00000012   Code   RO         1403    .text               c_w.l(exit.o)
    0x00000552   0x00000552   0x00000002   PAD
    0x00000554   0x00000554   0x00000008   Code   RO         1411    .text               c_w.l(libspace.o)
    0x0000055c   0x0000055c   0x0000000c   Code   RO         1472    .text               c_w.l(sys_exit.o)
    0x00000568   0x00000568   0x00000002   Code   RO         1483    .text               c_w.l(use_no_semi.o)
    0x0000056a   0x0000056a   0x00000000   Code   RO         1485    .text               c_w.l(indicate_semi.o)
    0x0000056a   0x0000056a   0x00000002   PAD
    0x0000056c   0x0000056c   0x00000070   Code   RO          358    i.CANBitRateSet     driverlib.lib(can.o)
    0x000005dc   0x000005dc   0x0000000a   Code   RO          362    i.CANEnable         driverlib.lib(can.o)
    0x000005e6   0x000005e6   0x00000042   Code   RO          364    i.CANInit           driverlib.lib(can.o)
    0x00000628   0x00000628   0x00000026   Code   RO          365    i.CANIntClear       driverlib.lib(can.o)
    0x0000064e   0x0000064e   0x00000008   Code   RO          367    i.CANIntEnable      driverlib.lib(can.o)
    0x00000656   0x00000656   0x00000002   PAD
    0x00000658   0x00000658   0x00000058   Code   RO           81    i.CANIntHandler     can_cfg.o
    0x000006b0   0x000006b0   0x0000006c   Code   RO          368    i.CANIntRegister    driverlib.lib(can.o)
    0x0000071c   0x0000071c   0x00000020   Code   RO          369    i.CANIntStatus      driverlib.lib(can.o)
    0x0000073c   0x0000073c   0x0000017a   Code   RO          372    i.CANMessageGet     driverlib.lib(can.o)
    0x000008b6   0x000008b6   0x00000166   Code   RO          373    i.CANMessageSet     driverlib.lib(can.o)
    0x00000a1c   0x00000a1c   0x00000044   Code   RO          376    i.CANStatusGet      driverlib.lib(can.o)
    0x00000a60   0x00000a60   0x00000048   Code   RO           82    i.CAN_Init          can_cfg.o
    0x00000aa8   0x00000aa8   0x00000094   Code   RO           84    i.CAN_recieve       can_cfg.o
    0x00000b3c   0x00000b3c   0x00000048   Code   RO            4    i.Dio_WriteChannel  dio.o
    0x00000b84   0x00000b84   0x00000040   Code   RO           85    i.Error_Handling    can_cfg.o
    0x00000bc4   0x00000bc4   0x00000028   Code   RO          518    i.GPIODirModeSet    driverlib.lib(gpio.o)
    0x00000bec   0x00000bec   0x00000170   Code   RO          530    i.GPIOPadConfigSet  driverlib.lib(gpio.o)
    0x00000d5c   0x00000d5c   0x00000044   Code   RO          531    i.GPIOPinConfigure  driverlib.lib(gpio.o)
    0x00000da0   0x00000da0   0x0000001c   Code   RO          534    i.GPIOPinTypeCAN    driverlib.lib(gpio.o)
    0x00000dbc   0x00000dbc   0x0000001c   Code   RO          541    i.GPIOPinTypeGPIOInput  driverlib.lib(gpio.o)
    0x00000dd8   0x00000dd8   0x0000001c   Code   RO          542    i.GPIOPinTypeGPIOOutput  driverlib.lib(gpio.o)
    0x00000df4   0x00000df4   0x00000006   Code   RO          560    i.GPIOPinWrite      driverlib.lib(gpio.o)
    0x00000dfa   0x00000dfa   0x00000008   Code   RO          217    i.GPIO_Init         ecu_2.o
    0x00000e02   0x00000e02   0x00000002   PAD
    0x00000e04   0x00000e04   0x00000034   Code   RO           86    i.Init_CAN0         can_cfg.o
    0x00000e38   0x00000e38   0x0000003c   Code   RO          218    i.Init_LEDs         ecu_2.o
    0x00000e74   0x00000e74   0x00000064   Code   RO          827    i.IntEnable         driverlib.lib(interrupt.o)
    0x00000ed8   0x00000ed8   0x0000000e   Code   RO          830    i.IntMasterEnable   driverlib.lib(interrupt.o)
    0x00000ee6   0x00000ee6   0x00000002   PAD
    0x00000ee8   0x00000ee8   0x00000034   Code   RO          839    i.IntRegister       driverlib.lib(interrupt.o)
    0x00000f1c   0x00000f1c   0x000000a4   Code   RO          148    i.Port_Init         port.o
    0x00000fc0   0x00000fc0   0x0000006c   Code   RO          149    i.Port_SetPinDirection  port.o
    0x0000102c   0x0000102c   0x0000017c   Code   RO          150    i.Port_SetPinMode   port.o
    0x000011a8   0x000011a8   0x0000003c   Code   RO          219    i.State_Change      ecu_2.o
    0x000011e4   0x000011e4   0x00000040   Code   RO          220    i.State_Machine     ecu_2.o
    0x00001224   0x00001224   0x00000154   Code   RO          942    i.SysCtlClockGet    driverlib.lib(sysctl.o)
    0x00001378   0x00001378   0x00000120   Code   RO          944    i.SysCtlClockSet    driverlib.lib(sysctl.o)
    0x00001498   0x00001498   0x00000028   Code   RO          973    i.SysCtlPeripheralEnable  driverlib.lib(sysctl.o)
    0x000014c0   0x000014c0   0x0000002c   Code   RO          977    i.SysCtlPeripheralReady  driverlib.lib(sysctl.o)
    0x000014ec   0x000014ec   0x0000000e   Code   RO         1288    i.SysTickEnable     driverlib.lib(systick.o)
    0x000014fa   0x000014fa   0x0000000e   Code   RO         1290    i.SysTickIntEnable  driverlib.lib(systick.o)
    0x00001508   0x00001508   0x00000034   Code   RO          221    i.SysTickIntHandler  ecu_2.o
    0x0000153c   0x0000153c   0x00000018   Code   RO         1291    i.SysTickIntRegister  driverlib.lib(systick.o)
    0x00001554   0x00001554   0x0000000a   Code   RO         1294    i.SysTickPeriodSet  driverlib.lib(systick.o)
    0x0000155e   0x0000155e   0x00000002   PAD
    0x00001560   0x00001560   0x00000098   Code   RO          299    i.SystemInit        system_tm4c123.o
    0x000015f8   0x000015f8   0x00000054   Code   RO          222    i.Systick_Init      ecu_2.o
    0x0000164c   0x0000164c   0x0000002c   Code   RO          175    i.main              app.o
    0x00001678   0x00001678   0x0000000c   Code   RO          223    i.oneSec_elapsed    ecu_2.o
    0x00001684   0x00001684   0x0000000c   Code   RO          224    i.oneSec_reset      ecu_2.o
    0x00001690   0x00001690   0x0000000c   Code   RO          225    i.systick_elapsed   ecu_2.o
    0x0000169c   0x0000169c   0x0000000c   Code   RO          226    i.systick_reset     ecu_2.o
    0x000016a8   0x000016a8   0x0000005a   Code   RO         1368    x$fpl$dfixu         fz_wm.l(dfixu.o)
    0x00001702   0x00001702   0x00000026   Code   RO         1372    x$fpl$dfltu         fz_wm.l(dflt_clz.o)
    0x00001728   0x00001728   0x00000154   Code   RO         1378    x$fpl$dmul          fz_wm.l(dmul.o)
    0x0000187c   0x0000187c   0x0000009c   Code   RO         1381    x$fpl$dnaninf       fz_wm.l(dnaninf.o)
    0x00001918   0x00001918   0x0000000c   Code   RO         1383    x$fpl$dretinf       fz_wm.l(dretinf.o)
    0x00001924   0x00001924   0x0000000a   Code   RO         1470    x$fpl$fpinit        fz_wm.l(fpinit.o)
    0x0000192e   0x0000192e   0x00000000   Code   RO         1385    x$fpl$usenofp       fz_wm.l(usenofp.o)
    0x0000192e   0x0000192e   0x00000002   PAD
    0x00001930   0x00001930   0x00000020   Data   RO            7    .constdata          dio.o
    0x00001950   0x00001950   0x00000038   Data   RO          151    .constdata          port.o
    0x00001988   0x00001988   0x00000018   Data   RO          227    .constdata          ecu_2.o
    0x000019a0   0x000019a0   0x00000020   Data   RO          377    .constdata          driverlib.lib(can.o)
    0x000019c0   0x000019c0   0x00000228   Data   RO          563    .constdata          driverlib.lib(gpio.o)
    0x00001be8   0x00001be8   0x0000010c   Data   RO          843    .constdata          driverlib.lib(interrupt.o)
    0x00001cf4   0x00001cf4   0x00000254   Data   RO          995    .constdata          driverlib.lib(sysctl.o)
    0x00001f48   0x00001f48   0x00000020   Data   RO         1538    Region$$Table       anon$$obj.o


    Execution Region ER_RW (Exec base: 0x20000000, Load base: 0x00001f68, Size: 0x0000066c, Max: 0xffffffff, ABSOLUTE, COMPRESSED[0x00000010])

    Exec Addr    Load Addr    Size         Type   Attr      Idx    E Section Name        Object

    0x20000000   COMPRESSED   0x00000016   Data   RW           88    .data               can_cfg.o
    0x20000016   COMPRESSED   0x00000002   PAD
    0x20000018   COMPRESSED   0x0000000a   Data   RW          228    .data               ecu_2.o
    0x20000022   COMPRESSED   0x000003de   PAD
    0x20000400   COMPRESSED   0x0000026c   Data   RW          844    vtable              driverlib.lib(interrupt.o)


    Execution Region ER_ZI (Exec base: 0x2000066c, Load base: 0x00001f78, Size: 0x0000028c, Max: 0xffffffff, ABSOLUTE)

    Exec Addr    Load Addr    Size         Type   Attr      Idx    E Section Name        Object

    0x2000066c        -       0x00000028   Zero   RW           87    .bss                can_cfg.o
    0x20000694        -       0x00000060   Zero   RW         1412    .bss                c_w.l(libspace.o)
    0x200006f4   0x00001f78   0x00000004   PAD
    0x200006f8        -       0x00000000   Zero   RW          288    HEAP                startup_tm4c123.o
    0x200006f8        -       0x00000200   Zero   RW          287    STACK               startup_tm4c123.o


==============================================================================

Image component sizes


      Code (inc. data)   RO Data    RW Data    ZI Data      Debug   Object Name

        44          0          0          0          0        479   app.o
       424         82          0         22         40       3680   can_cfg.o
        72         10         32          0          0       8536   dio.o
       376         70         24         10          0       5565   ecu_2.o
       652         90         56          0          0       3076   port.o
       276         24        620          0        512       5488   startup_tm4c123.o
       152         40          0          0          0        601   system_tm4c123.o

    ----------------------------------------------------------------------
      1998        316        764       1024        552      27425   Object Totals
         0          0         32          0          0          0   (incl. Generated)
         2          0          0        992          0          0   (incl. Padding)

    ----------------------------------------------------------------------

      Code (inc. data)   RO Data    RW Data    ZI Data      Debug   Library Member Name

        58          0          0          0          0          0   __dczerorl.o
         8          0          0          0          0         68   __main.o
         0          0          0          0          0          0   __rtentry.o
        12          0          0          0          0          0   __rtentry2.o
         6          0          0          0          0          0   __rtentry4.o
        52          8          0          0          0          0   __scatter.o
        28          0          0          0          0          0   __scatter_zi.o
        18          0          0          0          0         80   exit.o
         6          0          0          0          0        152   heapauxi.o
         0          0          0          0          0          0   indicate_semi.o
         2          0          0          0          0          0   libinit.o
         6          0          0          0          0          0   libinit2.o
         2          0          0          0          0          0   libshutdown.o
         2          0          0          0          0          0   libshutdown2.o
         8          4          0          0         96         68   libspace.o
         2          0          0          0          0          0   rtexit.o
        10          0          0          0          0          0   rtexit2.o
       128          0          0          0          0         68   strcmpv7m.o
        12          4          0          0          0         68   sys_exit.o
        74          0          0          0          0         80   sys_stackheap_outer.o
         2          0          0          0          0         68   use_no_semi.o
      1178         26         32          0          0      13494   can.o
        38          0          0          0          0        572   cpu.o
       566         22        552          0          0       5174   gpio.o
       166         16        268        620          0       2668   interrupt.o
       718         62        596          0          0       4919   sysctl.o
        62          0          0          0          0       1935   systick.o
        90          4          0          0          0        140   dfixu.o
        38          0          0          0          0        116   dflt_clz.o
       340         12          0          0          0        152   dmul.o
       156          4          0          0          0        140   dnaninf.o
        12          0          0          0          0        116   dretinf.o
        10          0          0          0          0        116   fpinit.o
         0          0          0          0          0          0   usenofp.o

    ----------------------------------------------------------------------
      3830        162       1448        620        100      30194   Library Totals
        20          0          0          0          4          0   (incl. Padding)

    ----------------------------------------------------------------------

      Code (inc. data)   RO Data    RW Data    ZI Data      Debug   Library Name

       436         16          0          0         96        652   c_w.l
      2728        126       1448        620          0      28762   driverlib.lib
       646         20          0          0          0        780   fz_wm.l

    ----------------------------------------------------------------------
      3830        162       1448        620        100      30194   Library Totals

    ----------------------------------------------------------------------

==============================================================================


      Code (inc. data)   RO Data    RW Data    ZI Data      Debug   

      5828        478       2212       1644        652      52611   Grand Totals
      5828        478       2212         16        652      52611   ELF Image Totals (compressed)
      5828        478       2212         16          0          0   ROM Totals

==============================================================================

    Total RO  Size (Code + RO Data)                 8040 (   7.85kB)
    Total RW  Size (RW Data + ZI Data)              2296 (   2.24kB)
    Total ROM Size (Code + RO Data + RW Data)       8056 (   7.87kB)

==============================================================================

