Component: ARM Compiler 5.06 update 7 (build 960) Tool: armlink [4d3601]

==============================================================================

Section Cross References

    port.o(i.Port_Init) refers to sysctl.o(i.SysCtlClockSet) for SysCtlClockSet
    port.o(i.Port_Init) refers to sysctl.o(i.SysCtlPeripheralEnable) for SysCtlPeripheralEnable
    port.o(i.Port_Init) refers to sysctl.o(i.SysCtlPeripheralReady) for SysCtlPeripheralReady
    port.o(i.Port_Init) refers to port.o(i.Port_SetPinMode) for Port_SetPinMode
    port.o(i.Port_Init) refers to port.o(i.Port_SetPinDirection) for Port_SetPinDirection
    port.o(i.Port_Init) refers to gpio.o(i.GPIOPadConfigSet) for GPIOPadConfigSet
    port.o(i.Port_Init) refers to port.o(.constdata) for Port_Ports
    port.o(i.Port_SetPinDirection) refers to gpio.o(i.GPIODirModeSet) for GPIODirModeSet
    port.o(i.Port_SetPinDirection) refers to gpio.o(i.GPIOPinTypeGPIOOutput) for GPIOPinTypeGPIOOutput
    port.o(i.Port_SetPinDirection) refers to gpio.o(i.GPIOPinTypeGPIOInput) for GPIOPinTypeGPIOInput
    port.o(i.Port_SetPinDirection) refers to port.o(.constdata) for Port_Ports
    port.o(i.Port_SetPinMode) refers to gpio.o(i.GPIOPinConfigure) for GPIOPinConfigure
    port.o(i.Port_SetPinMode) refers to gpio.o(i.GPIOPinTypeCAN) for GPIOPinTypeCAN
    port.o(i.Port_SetPinMode) refers to sysctl.o(i.SysCtlPeripheralEnable) for SysCtlPeripheralEnable
    port.o(i.Port_SetPinMode) refers to can.o(i.CANInit) for CANInit
    port.o(i.Port_SetPinMode) refers to sysctl.o(i.SysCtlClockGet) for SysCtlClockGet
    port.o(i.Port_SetPinMode) refers to can.o(i.CANBitRateSet) for CANBitRateSet
    port.o(i.Port_SetPinMode) refers to can.o(i.CANEnable) for CANEnable
    port.o(i.Port_SetPinMode) refers to port.o(.constdata) for Port_Ports
    main.o(i.main) refers to app.o(i.Init) for Init
    main.o(i.main) refers to app.o(i.Loop_Func) for Loop_Func
    app.o(i.Init) refers to hal.o(i.Init_LEDs) for Init_LEDs
    app.o(i.Init) refers to can.o(i.CAN_Init) for CAN_Init
    app.o(i.Init) refers to systick.o(i.Systick_Init) for Systick_Init
    app.o(i.Loop_Func) refers to systick.o(i.systick_elapsed) for systick_elapsed
    app.o(i.Loop_Func) refers to app.o(i.State_Machine) for State_Machine
    app.o(i.Loop_Func) refers to systick.o(i.systick_reset) for systick_reset
    app.o(i.Loop_Func) refers to systick.o(i.oneSec_elapsed) for oneSec_elapsed
    app.o(i.Loop_Func) refers to hal.o(i.State_Change) for State_Change
    app.o(i.Loop_Func) refers to systick.o(i.oneSec_reset) for oneSec_reset
    app.o(i.Loop_Func) refers to app.o(.data) for currentState
    app.o(i.State_Machine) refers to hal.o(i.Read_State) for Read_State
    app.o(i.State_Machine) refers to app.o(.data) for currentState
    can.o(i.CANIntHandler) refers to can.o(i.CANIntStatus) for CANIntStatus
    can.o(i.CANIntHandler) refers to can.o(i.CANStatusGet) for CANStatusGet
    can.o(i.CANIntHandler) refers to can.o(i.CANIntClear) for CANIntClear
    can.o(i.CANIntHandler) refers to can.o(.data) for errFlag
    can.o(i.CAN_Init) refers to can.o(i.Init_CAN0) for Init_CAN0
    can.o(i.CAN_Init) refers to can.o(i.CANIntRegister) for CANIntRegister
    can.o(i.CAN_Init) refers to can.o(i.CANIntEnable) for CANIntEnable
    can.o(i.CAN_Init) refers to interrupt.o(i.IntEnable) for IntEnable
    can.o(i.CAN_Init) refers to can.o(i.CANMessageSet) for CANMessageSet
    can.o(i.CAN_Init) refers to can.o(i.CANIntHandler) for CANIntHandler
    can.o(i.CAN_Init) refers to can.o(.bss) for RXmsg
    can.o(i.CAN_Send) refers to can.o(.bss) for TXmsg
    can.o(i.CAN_recieve) refers to can.o(i.CANMessageGet) for CANMessageGet
    can.o(i.CAN_recieve) refers to can.o(i.Error_Handling) for Error_Handling
    can.o(i.CAN_recieve) refers to strcmpv7m.o(.text) for strcmp
    can.o(i.CAN_recieve) refers to can.o(.data) for rxFlag
    can.o(i.CAN_recieve) refers to can.o(.bss) for RXmsg
    can.o(i.Error_Handling) refers to can.o(.data) for errFlag
    can.o(i.Init_CAN0) refers to port.o(i.Port_Init) for Port_Init
    dio.o(i.Dio_ReadChannel) refers to gpio.o(i.GPIOPinRead) for GPIOPinRead
    dio.o(i.Dio_ReadChannel) refers to dio.o(.constdata) for Dio_Ports
    dio.o(i.Dio_ReadChannelGroup) refers to dio.o(i.Dio_ReadChannel) for Dio_ReadChannel
    dio.o(i.Dio_ReadPort) refers to dio.o(i.Dio_ReadChannel) for Dio_ReadChannel
    dio.o(i.Dio_WriteChannel) refers to gpio.o(i.GPIOPinWrite) for GPIOPinWrite
    dio.o(i.Dio_WriteChannel) refers to dio.o(.constdata) for Dio_Ports
    dio.o(i.Dio_WriteChannelGroup) refers to dio.o(i.Dio_WriteChannel) for Dio_WriteChannel
    dio.o(i.Dio_WritePort) refers to dio.o(i.Dio_WriteChannel) for Dio_WriteChannel
    hal.o(i.Init_LEDs) refers to port.o(i.Port_Init) for Port_Init
    hal.o(i.Init_LEDs) refers to hal.o(.constdata) for .constdata
    hal.o(i.Read_State) refers to can.o(i.CAN_recieve) for CAN_recieve
    hal.o(i.State_Change) refers to dio.o(i.Dio_WriteChannel) for Dio_WriteChannel
[...]
    __rtentry2.o(.ARM.Collect$$rtentry$$0000000B) refers to boardinit3.o(.text) for _platform_post_lib_init
    __rtentry2.o(.ARM.Collect$$rtentry$$0000000D) refers to main.o(i.main) for main
    __rtentry2.o(.ARM.Collect$$rtentry$$0000000D) refers to exit.o(.text) for exit
    __rtentry2.o(.ARM.exidx) refers to __rtentry2.o(.ARM.Collect$$rtentry$$00000001) for .ARM.Collect$$rtentry$$00000001
    __rtentry2.o(.ARM.exidx) refers to __rtentry2.o(.ARM.Collect$$rtentry$$00000008) for .ARM.Collect$$rtentry$$00000008
    __rtentry2.o(.ARM.exidx) refers to __rtentry2.o(.ARM.Collect$$rtentry$$0000000A) for .ARM.Collect$$rtentry$$0000000A
    __rtentry2.o(.ARM.exidx) refers to __rtentry2.o(.ARM.Collect$$rtentry$$0000000B) for .ARM.Collect$$rtentry$$0000000B
    __rtentry2.o(.ARM.exidx) refers to __rtentry2.o(.ARM.Collect$$rtentry$$0000000D) for .ARM.Collect$$rtentry$$0000000D
    __rtentry4.o(.ARM.Collect$$rtentry$$00000004) refers to sys_stackheap_outer.o(.text) for __user_setup_stackheap
    __rtentry4.o(.ARM.exidx) refers to __rtentry4.o(.ARM.Collect$$rtentry$$00000004) for .ARM.Collect$$rtentry$$00000004
    sys_stackheap_outer.o(.text) refers to libspace.o(.text) for __user_perproc_libspace
    sys_stackheap_outer.o(.text) refers to startup_tm4c123.o(.text) for __user_initial_stackheap
    exit.o(.text) refers to rtexit.o(.ARM.Collect$$rtexit$$00000000) for __rt_exit
    libinit.o(.ARM.Collect$$libinit$$00000000) refers (Special) to libinit2.o(.ARM.Collect$$libinit$$0000002E) for __rt_lib_init_alloca_1
    libinit.o(.ARM.Collect$$libinit$$00000000) refers (Special) to libinit2.o(.ARM.Collect$$libinit$$0000002C) for __rt_lib_init_argv_1
    libinit.o(.ARM.Collect$$libinit$$00000000) refers (Special) to libinit2.o(.ARM.Collect$$libinit$$0000001B) for __rt_lib_init_atexit_1
    libinit.o(.ARM.Collect$$libinit$$00000000) refers (Special) to libinit2.o(.ARM.Collect$$libinit$$00000021) for __rt_lib_init_clock_1
    libinit.o(.ARM.Collect$$libinit$$00000000) refers (Special) to libinit2.o(.ARM.Collect$$libinit$$00000032) for __rt_lib_init_cpp_1
    libinit.o(.ARM.Collect$$libinit$$00000000) refers (Special) to libinit2.o(.ARM.Collect$$libinit$$00000030) for __rt_lib_init_exceptions_1
    libinit.o(.ARM.Collect$$libinit$$00000000) refers (Special) to libinit2.o(.ARM.Collect$$libinit$$00000001) for __rt_lib_init_fp_1
    libinit.o(.ARM.Collect$$libinit$$00000000) refers (Special) to libinit2.o(.ARM.Collect$$libinit$$0000001F) for __rt_lib_init_fp_trap_1
    libinit.o(.ARM.Collect$$libinit$$00000000) refers (Special) to libinit2.o(.ARM.Collect$$libinit$$00000023) for __rt_lib_init_getenv_1
    libinit.o(.ARM.Collect$$libinit$$00000000) refers (Special) to libinit2.o(.ARM.Collect$$libinit$$0000000A) for __rt_lib_init_heap_1
    libinit.o(.ARM.Collect$$libinit$$00000000) refers (Special) to libinit2.o(.ARM.Collect$$libinit$$00000011) for __rt_lib_init_lc_collate_1
    libinit.o(.ARM.Collect$$libinit$$00000000) refers (Special) to libinit2.o(.ARM.Collect$$libinit$$00000013) for __rt_lib_init_lc_ctype_1
    libinit.o(.ARM.Collect$$libinit$$00000000) refers (Special) to libinit2.o(.ARM.Collect$$libinit$$00000015) for __rt_lib_init_lc_monetary_1
    libinit.o(.ARM.Collect$$libinit$$00000000) refers (Special) to libinit2.o(.ARM.Collect$$libinit$$00000017) for __rt_lib_init_lc_numeric_1
    libinit.o(.ARM.Collect$$libinit$$00000000) refers (Special) to libinit2.o(.ARM.Collect$$libinit$$00000019) for __rt_lib_init_lc_time_1
    libinit.o(.ARM.Collect$$libinit$$00000000) refers (Special) to libinit2.o(.ARM.Collect$$libinit$$00000004) for __rt_lib_init_preinit_1
    libinit.o(.ARM.Collect$$libinit$$00000000) refers (Special) to libinit2.o(.ARM.Collect$$libinit$$0000000E) for __rt_lib_init_rand_1
    libinit.o(.ARM.Collect$$libinit$$00000000) refers (Special) to libinit2.o(.ARM.Collect$$libinit$$00000033) for __rt_lib_init_return
    libinit.o(.ARM.Collect$$libinit$$00000000) refers (Special) to libinit2.o(.ARM.Collect$$libinit$$0000001D) for __rt_lib_init_signal_1
    libinit.o(.ARM.Collect$$libinit$$00000000) refers (Special) to libinit2.o(.ARM.Collect$$libinit$$00000025) for __rt_lib_init_stdio_1
    libinit.o(.ARM.Collect$$libinit$$00000000) refers (Special) to libinit2.o(.ARM.Collect$$libinit$$0000000C) for __rt_lib_init_user_alloc_1
    libspace.o(.text) refers to libspace.o(.bss) for __libspace_start
    rtexit.o(.ARM.Collect$$rtexit$$00000000) refers (Special) to rtexit2.o(.ARM.Collect$$rtexit$$00000004) for __rt_exit_exit
    rtexit.o(.ARM.Collect$$rtexit$$00000000) refers (Special) to rtexit2.o(.ARM.Collect$$rtexit$$00000003) for __rt_exit_ls
    rtexit.o(.ARM.Collect$$rtexit$$00000000) refers (Special) to rtexit2.o(.ARM.Collect$$rtexit$$00000002) for __rt_exit_prels_1
    rtexit.o(.ARM.exidx) refers (Special) to rtexit2.o(.ARM.Collect$$rtexit$$00000004) for __rt_exit_exit
    rtexit.o(.ARM.exidx) refers (Special) to rtexit2.o(.ARM.Collect$$rtexit$$00000003) for __rt_exit_ls
    rtexit.o(.ARM.exidx) refers (Special) to rtexit2.o(.ARM.Collect$$rtexit$$00000002) for __rt_exit_prels_1
    rtexit.o(.ARM.exidx) refers to rtexit.o(.ARM.Collect$$rtexit$$00000000) for .ARM.Collect$$rtexit$$00000000
    libinit2.o(.ARM.Collect$$libinit$$00000001) refers to fpinit.o(x$fpl$fpinit) for _fp_init
    libinit2.o(.ARM.Collect$$libinit$$00000010) refers to libinit2.o(.ARM.Collect$$libinit$$0000000F) for .ARM.Collect$$libinit$$0000000F
    libinit2.o(.ARM.Collect$$libinit$$00000012) refers to libinit2.o(.ARM.Collect$$libinit$$0000000F) for .ARM.Collect$$libinit$$0000000F
    libinit2.o(.ARM.Collect$$libinit$$00000014) refers to libinit2.o(.ARM.Collect$$libinit$$0000000F) for .ARM.Collect$$libinit$$0000000F
    libinit2.o(.ARM.Collect$$libinit$$00000016) refers to libinit2.o(.ARM.Collect$$libinit$$0000000F) for .ARM.Collect$$libinit$$0000000F
    libinit2.o(.ARM.Collect$$libinit$$00000018) refers to libinit2.o(.ARM.Collect$$libinit$$0000000F) for .ARM.Collect$$libinit$$0000000F
    libinit2.o(.ARM.Collect$$libinit$$00000026) refers to argv_veneer.o(.emb_text) for __ARM_argv_veneer
    libinit2.o(.ARM.Collect$$libinit$$00000027) refers to argv_veneer.o(.emb_text) for __ARM_argv_veneer
    rtexit2.o(.ARM.Collect$$rtexit$$00000003) refers to libshutdown.o(.ARM.Collect$$libshutdown$$00000000) for __rt_lib_shutdown
    rtexit2.o(.ARM.Collect$$rtexit$$00000004) refers to sys_exit.o(.text) for _sys_exit
    rtexit2.o(.ARM.exidx) refers to rtexit2.o(.ARM.Collect$$rtexit$$00000001) for .ARM.Collect$$rtexit$$00000001
    rtexit2.o(.ARM.exidx) refers to rtexit2.o(.ARM.Collect$$rtexit$$00000003) for .ARM.Collect$$rtexit$$00000003
    rtexit2.o(.ARM.exidx) refers to rtexit2.o(.ARM.Collect$$rtexit$$00000004) for .ARM.Collect$$rtexit$$00000004
    argv_veneer.o(.emb_text) refers to no_argv.o(.text) for __ARM_get_argv
    sys_exit.o(.text) refers (Special) to use_no_semi.o(.text) for __I$use$semihosting
    sys_exit.o(.text) refers (Special) to indicate_semi.o(.text) for __semihosting_library_function
    _get_argv_nomalloc.o(.text) refers (Special) to hrguard.o(.text) for __heap_region$guard
    _get_argv_nomalloc.o(.text) refers to defsig_rtmem_outer.o(.text) for __rt_SIGRTMEM
    _get_argv_nomalloc.o(.text) refers to sys_command.o(.text) for _sys_command_string
    libshutdown.o(.ARM.Collect$$libshutdown$$00000000) refers (Special) to libshutdown2.o(.ARM.Collect$$libshutdown$$00000004) for __rt_lib_shutdown_cpp_1
    libshutdown.o(.ARM.Collect$$libshutdown$$00000000) refers (Special) to libshutdown2.o(.ARM.Collect$$libshutdown$$00000002) for __rt_lib_shutdown_fini_1
    libshutdown.o(.ARM.Collect$$libshutdown$$00000000) refers (Special) to libshutdown2.o(.ARM.Collect$$libshutdown$$00000009) for __rt_lib_shutdown_fp_trap_1
    libshutdown.o(.ARM.Collect$$libshutdown$$00000000) refers (Special) to libshutdown2.o(.ARM.Collect$$libshutdown$$00000011) for __rt_lib_shutdown_heap_1
    libshutdown.o(.ARM.Collect$$libshutdown$$00000000) refers (Special) to libshutdown2.o(.ARM.Collect$$libshutdown$$00000012) for __rt_lib_shutdown_return
    libshutdown.o(.ARM.Collect$$libshutdown$$00000000) refers (Special) to libshutdown2.o(.ARM.Collect$$libshutdown$$0000000C) for __rt_lib_shutdown_signal_1
    libshutdown.o(.ARM.Collect$$libshutdown$$00000000) refers (Special) to libshutdown2.o(.ARM.Collect$$libshutdown$$00000006) for __rt_lib_shutdown_stdio_1
    libshutdown.o(.ARM.Collect$$libshutdown$$00000000) refers (Special) to libshutdown2.o(.ARM.Collect$$libshutdown$$0000000E) for __rt_lib_shutdown_user_alloc_1
    sys_command.o(.text) refers (Special) to use_no_semi.o(.text) for __I$use$semihosting
    sys_command.o(.text) refers (Special) to indicate_semi.o(.text) for __semihosting_library_function
    defsig_rtmem_outer.o(.text) refers to defsig_rtmem_inner.o(.text) for __rt_SIGRTMEM_inner
    defsig_rtmem_outer.o(.text) refers to defsig_exit.o(.text) for __sig_exit
    defsig_rtmem_formal.o(.text) refers to rt_raise.o(.text) for __rt_raise
    rt_raise.o(.text) refers to __raise.o(.text) for __raise
    rt_raise.o(.text) refers to sys_exit.o(.text) for _sys_exit
    defsig_exit.o(.text) refers to sys_exit.o(.text) for _sys_exit
    defsig_rtmem_inner.o(.text) refers to defsig_general.o(.text) for __default_signal_display
    __raise.o(.text) refers to defsig.o(CL$$defsig) for __default_signal_handler
    defsig_general.o(.text) refers to sys_wrch.o(.text) for _ttywrch
    sys_wrch.o(.text) refers (Special) to use_no_semi.o(.text) for __I$use$semihosting
    sys_wrch.o(.text) refers (Special) to indicate_semi.o(.text) for __semihosting_library_function
    defsig.o(CL$$defsig) refers to defsig_rtmem_inner.o(.text) for __rt_SIGRTMEM_inner
    defsig_abrt_inner.o(.text) refers to defsig_general.o(.text) for __default_signal_display
    defsig_fpe_inner.o(.text) refers to defsig_general.o(.text) for __default_signal_display
    defsig_rtred_inner.o(.text) refers to defsig_general.o(.text) for __default_signal_display
    defsig_stak_inner.o(.text) refers to defsig_general.o(.text) for __default_signal_display
    defsig_pvfn_inner.o(.text) refers to defsig_general.o(.text) for __default_signal_display
    defsig_cppl_inner.o(.text) refers to defsig_general.o(.text) for __default_signal_display
    defsig_segv_inner.o(.text) refers to defsig_general.o(.text) for __default_signal_display
    defsig_other.o(.text) refers to defsig_general.o(.text) for __default_signal_display


==============================================================================

Removing Unused input sections from the image.

    Removing can.o(i.CAN_Send), (16 bytes).
    Removing dio.o(i.Dio_ReadChannel), (68 bytes).
    Removing dio.o(i.Dio_ReadChannelGroup), (24 bytes).
    Removing dio.o(i.Dio_ReadPort), (44 bytes).
    Removing dio.o(i.Dio_WriteChannelGroup), (26 bytes).
    Removing dio.o(i.Dio_WritePort), (36 bytes).
    Removing system_tm4c123.o(.rev16_text), (4 bytes).
    Removing system_tm4c123.o(.revsh_text), (4 bytes).
    Removing system_tm4c123.o(.rrx_text), (6 bytes).
    Removing system_tm4c123.o(i.SystemCoreClockUpdate), (196 bytes).
    Removing system_tm4c123.o(i.getOscClk), (244 bytes).
    Removing system_tm4c123.o(.data), (4 bytes).
    Removing can.o(i.CANBitTimingGet), (42 bytes).
    Removing can.o(i.CANBitTimingSet), (106 bytes).
    Removing can.o(i.CANDisable), (10 bytes).
    Removing can.o(i.CANErrCntrGet), (22 bytes).
    Removing can.o(i.CANIntDisable), (10 bytes).
    Removing can.o(i.CANIntUnregister), (108 bytes).
    Removing can.o(i.CANMessageClear), (26 bytes).
    Removing can.o(i.CANRetryGet), (14 bytes).
    Removing can.o(i.CANRetrySet), (18 bytes).
    Removing gpio.o(i.GPIOADCTriggerDisable), (14 bytes).
    Removing gpio.o(i.GPIOADCTriggerEnable), (12 bytes).
    Removing gpio.o(i.GPIODMATriggerDisable), (14 bytes).
    Removing gpio.o(i.GPIODMATriggerEnable), (12 bytes).
    Removing gpio.o(i.GPIODirModeGet), (34 bytes).
    Removing gpio.o(i.GPIOIntClear), (6 bytes).
    Removing gpio.o(i.GPIOIntDisable), (14 bytes).
    Removing gpio.o(i.GPIOIntEnable), (12 bytes).
    Removing gpio.o(i.GPIOIntRegister), (26 bytes).
    Removing gpio.o(i.GPIOIntRegisterPin), (30 bytes).
    Removing gpio.o(i.GPIOIntStatus), (14 bytes).
    Removing gpio.o(i.GPIOIntTypeGet), (70 bytes).
    Removing gpio.o(i.GPIOIntTypeSet), (80 bytes).
    Removing gpio.o(i.GPIOIntUnregister), (22 bytes).
    Removing gpio.o(i.GPIOIntUnregisterPin), (26 bytes).
    Removing gpio.o(i.GPIOPadConfigGet), (248 bytes).
    Removing gpio.o(i.GPIOPinRead), (6 bytes).
    Removing gpio.o(i.GPIOPinTypeADC), (28 bytes).
    Removing gpio.o(i.GPIOPinTypeComparator), (28 bytes).
    Removing gpio.o(i.GPIOPinTypeComparatorOutput), (28 bytes).
    Removing gpio.o(i.GPIOPinTypeDIVSCLK), (28 bytes).
    Removing gpio.o(i.GPIOPinTypeEPI), (28 bytes).
    Removing gpio.o(i.GPIOPinTypeEthernetLED), (28 bytes).
    Removing gpio.o(i.GPIOPinTypeEthernetMII), (28 bytes).
    Removing gpio.o(i.GPIOPinTypeGPIOOutputOD), (28 bytes).
    Removing gpio.o(i.GPIOPinTypeHibernateRTCCLK), (28 bytes).
    Removing gpio.o(i.GPIOPinTypeI2C), (28 bytes).
    Removing gpio.o(i.GPIOPinTypeI2CSCL), (28 bytes).
    Removing gpio.o(i.GPIOPinTypeLCD), (28 bytes).
    Removing gpio.o(i.GPIOPinTypeOneWire), (28 bytes).
    Removing gpio.o(i.GPIOPinTypePWM), (28 bytes).
    Removing gpio.o(i.GPIOPinTypeQEI), (28 bytes).
    Removing gpio.o(i.GPIOPinTypeSSI), (28 bytes).
    Removing gpio.o(i.GPIOPinTypeTimer), (28 bytes).
    Removing gpio.o(i.GPIOPinTypeTrace), (28 bytes).
    Removing gpio.o(i.GPIOPinTypeUART), (28 bytes).
    Removing gpio.o(i.GPIOPinTypeUSBAnalog), (28 bytes).
    Removing gpio.o(i.GPIOPinTypeUSBDigital), (28 bytes).
    Removing gpio.o(i.GPIOPinTypeWakeHigh), (30 bytes).
    Removing gpio.o(i.GPIOPinTypeWakeLow), (30 bytes).
    Removing gpio.o(i.GPIOPinWakeStatus), (6 bytes).
    Removing gpio.o(i.GPIOUnlockPin), (24 bytes).
    Removing gpio.o(i._GPIOIntNumberGet), (80 bytes).
    Removing interrupt.o(i.IntDisable), (100 bytes).
    Removing interrupt.o(i.IntIsEnabled), (96 bytes).
    Removing interrupt.o(i.IntMasterDisable), (14 bytes).
    Removing interrupt.o(i.IntPendClear), (68 bytes).
    Removing interrupt.o(i.IntPendSet), (84 bytes).
    Removing interrupt.o(i.IntPriorityGet), (28 bytes).
    Removing interrupt.o(i.IntPriorityGroupingGet), (36 bytes).
    Removing interrupt.o(i.IntPriorityGroupingSet), (28 bytes).
    Removing interrupt.o(i.IntPriorityMaskGet), (4 bytes).
    Removing interrupt.o(i.IntPriorityMaskSet), (4 bytes).
    Removing interrupt.o(i.IntPrioritySet), (40 bytes).
    Removing interrupt.o(i.IntTrigger), (12 bytes).
    Removing interrupt.o(i.IntUnregister), (20 bytes).
    Removing interrupt.o(i._IntDefaultHandler), (2 bytes).
    Removing sysctl.o(i.SysCtlAltClkConfig), (12 bytes).
    Removing sysctl.o(i.SysCtlClockFreqSet), (740 bytes).
    Removing sysctl.o(i.SysCtlClockOutConfig), (20 bytes).
    Removing sysctl.o(i.SysCtlDeepSleep), (32 bytes).
    Removing sysctl.o(i.SysCtlDeepSleepClockConfigSet), (112 bytes).
    Removing sysctl.o(i.SysCtlDeepSleepClockSet), (12 bytes).
    Removing sysctl.o(i.SysCtlDeepSleepPowerSet), (12 bytes).
    Removing sysctl.o(i.SysCtlFlashSectorSizeGet), (56 bytes).
    Removing sysctl.o(i.SysCtlFlashSizeGet), (56 bytes).
    Removing sysctl.o(i.SysCtlGPIOAHBDisable), (28 bytes).
    Removing sysctl.o(i.SysCtlGPIOAHBEnable), (24 bytes).
    Removing sysctl.o(i.SysCtlIntClear), (12 bytes).
    Removing sysctl.o(i.SysCtlIntDisable), (16 bytes).
    Removing sysctl.o(i.SysCtlIntEnable), (16 bytes).
    Removing sysctl.o(i.SysCtlIntRegister), (20 bytes).
    Removing sysctl.o(i.SysCtlIntStatus), (16 bytes).
    Removing sysctl.o(i.SysCtlIntUnregister), (18 bytes).
    Removing sysctl.o(i.SysCtlLDODeepSleepGet), (12 bytes).
    Removing sysctl.o(i.SysCtlLDODeepSleepSet), (12 bytes).
    Removing sysctl.o(i.SysCtlLDOSleepGet), (12 bytes).
    Removing sysctl.o(i.SysCtlLDOSleepSet), (12 bytes).
    Removing sysctl.o(i.SysCtlMOSCConfigSet), (12 bytes).
    Removing sysctl.o(i.SysCtlNMIClear), (16 bytes).
    Removing sysctl.o(i.SysCtlNMIStatus), (12 bytes).
    Removing sysctl.o(i.SysCtlPIOSCCalibrate), (76 bytes).
    Removing sysctl.o(i.SysCtlPWMClockGet), (24 bytes).
    Removing sysctl.o(i.SysCtlPWMClockSet), (20 bytes).
    Removing sysctl.o(i.SysCtlPeripheralClockGating), (68 bytes).
    Removing sysctl.o(i.SysCtlPeripheralDeepSleepDisable), (40 bytes).
    Removing sysctl.o(i.SysCtlPeripheralDeepSleepEnable), (40 bytes).
    Removing sysctl.o(i.SysCtlPeripheralDisable), (40 bytes).
    Removing sysctl.o(i.SysCtlPeripheralPowerOff), (40 bytes).
    Removing sysctl.o(i.SysCtlPeripheralPowerOn), (40 bytes).
    Removing sysctl.o(i.SysCtlPeripheralPresent), (44 bytes).
    Removing sysctl.o(i.SysCtlPeripheralReset), (60 bytes).
    Removing sysctl.o(i.SysCtlPeripheralSleepDisable), (40 bytes).
    Removing sysctl.o(i.SysCtlPeripheralSleepEnable), (40 bytes).
    Removing sysctl.o(i.SysCtlReset), (16 bytes).
    Removing sysctl.o(i.SysCtlResetBehaviorGet), (12 bytes).
    Removing sysctl.o(i.SysCtlResetBehaviorSet), (12 bytes).
    Removing sysctl.o(i.SysCtlResetCauseClear), (16 bytes).
    Removing sysctl.o(i.SysCtlResetCauseGet), (12 bytes).
    Removing sysctl.o(i.SysCtlSRAMSizeGet), (16 bytes).
    Removing sysctl.o(i.SysCtlSleep), (4 bytes).
    Removing sysctl.o(i.SysCtlSleepPowerSet), (12 bytes).
    Removing sysctl.o(i.SysCtlUSBPLLDisable), (16 bytes).
    Removing sysctl.o(i.SysCtlUSBPLLEnable), (16 bytes).
    Removing sysctl.o(i.SysCtlVCOGet), (120 bytes).
    Removing sysctl.o(i.SysCtlVoltageEventClear), (16 bytes).
    Removing sysctl.o(i.SysCtlVoltageEventConfig), (12 bytes).
    Removing sysctl.o(i.SysCtlVoltageEventStatus), (12 bytes).
    Removing systick.o(i.SysTickDisable), (14 bytes).
    Removing systick.o(i.SysTickIntDisable), (14 bytes).
    Removing systick.o(i.SysTickIntUnregister), (18 bytes).
    Removing systick.o(i.SysTickPeriodGet), (10 bytes).
    Removing systick.o(i.SysTickValueGet), (8 bytes).

134 unused section(s) (total 5180 bytes) removed from the image.

==============================================================================

Image Symbol Table

    Local Symbols

    Symbol Name                              Value     Ov Type        Size  Object(Section)

    RESET                                    0x00000000   Section      620  startup_tm4c123.o(RESET)
    ../clib/angel/boardlib.s                 0x00000000   Number         0  boardshut.o ABSOLUTE
    ../clib/angel/boardlib.s                 0x00000000   Number         0  boardinit1.o ABSOLUTE
    ../clib/angel/boardlib.s                 0x00000000   Number         0  boardinit3.o ABSOLUTE
    ../clib/angel/boardlib.s                 0x00000000   Number         0  boardinit2.o ABSOLUTE
    ../clib/angel/dczerorl.s                 0x00000000   Number         0  __dczerorl.o ABSOLUTE
    ../clib/angel/handlers.s                 0x00000000   Number         0  __scatter_zi.o ABSOLUTE
    ../clib/angel/kernel.s                   0x00000000   Number         0  __rtentry4.o ABSOLUTE
    ../clib/angel/kernel.s                   0x00000000   Number         0  __rtentry2.o ABSOLUTE
    ../clib/angel/kernel.s                   0x00000000   Number         0  __rtentry.o ABSOLUTE
    ../clib/angel/kernel.s                   0x00000000   Number         0  rtexit.o ABSOLUTE
    ../clib/angel/kernel.s                   0x00000000   Number         0  rtexit2.o ABSOLUTE
    ../clib/angel/rt.s                       0x00000000   Number         0  rt_raise.o ABSOLUTE
    ../clib/angel/scatter.s                  0x00000000   Number         0  __scatter.o ABSOLUTE
    ../clib/angel/startup.s                  0x00000000   Number         0  __main.o ABSOLUTE
    ../clib/angel/sys.s                      0x00000000   Number         0  sys_stackheap_outer.o ABSOLUTE
    ../clib/angel/sys.s                      0x00000000   Number         0  libspace.o ABSOLUTE
    ../clib/angel/sys.s                      0x00000000   Number         0  indicate_semi.o ABSOLUTE
    ../clib/angel/sys.s                      0x00000000   Number         0  use_no_semi.o ABSOLUTE
    ../clib/angel/sysapp.c                   0x00000000   Number         0  sys_wrch.o ABSOLUTE
    ../clib/angel/sysapp.c                   0x00000000   Number         0  sys_command.o ABSOLUTE
    ../clib/angel/sysapp.c                   0x00000000   Number         0  sys_exit.o ABSOLUTE
    ../clib/armsys.c                         0x00000000   Number         0  _get_argv_nomalloc.o ABSOLUTE
    ../clib/armsys.c                         0x00000000   Number         0  no_argv.o ABSOLUTE
    ../clib/armsys.c                         0x00000000   Number         0  argv_veneer.o ABSOLUTE
    ../clib/armsys.c                         0x00000000   Number         0  argv_veneer.o ABSOLUTE
    ../clib/heapalloc.c                      0x00000000   Number         0  hrguard.o ABSOLUTE
    ../clib/heapaux.c                        0x00000000   Number         0  heapauxi.o ABSOLUTE
    ../clib/libinit.s                        0x00000000   Number         0  libshutdown2.o ABSOLUTE
    ../clib/libinit.s                        0x00000000   Number         0  libinit.o ABSOLUTE
    ../clib/libinit.s                        0x00000000   Number         0  libinit2.o ABSOLUTE
    ../clib/libinit.s                        0x00000000   Number         0  libshutdown.o ABSOLUTE
    ../clib/memcpset.s                       0x00000000   Number         0  strcmpv7m.o ABSOLUTE
    ../clib/signal.c                         0x00000000   Number         0  defsig_segv_inner.o ABSOLUTE
    ../clib/signal.c                         0x00000000   Number         0  defsig_other.o ABSOLUTE
    ../clib/signal.c                         0x00000000   Number         0  defsig_stak_inner.o ABSOLUTE
    ../clib/signal.c                         0x00000000   Number         0  defsig_rtmem_outer.o ABSOLUTE
    ../clib/signal.c                         0x00000000   Number         0  defsig_rtred_inner.o ABSOLUTE
    ../clib/signal.c                         0x00000000   Number         0  defsig_fpe_inner.o ABSOLUTE
    ../clib/signal.c                         0x00000000   Number         0  defsig_abrt_inner.o ABSOLUTE
    ../clib/signal.c                         0x00000000   Number         0  defsig_rtmem_formal.o ABSOLUTE
    ../clib/signal.c                         0x00000000   Number         0  defsig_cppl_inner.o ABSOLUTE
    ../clib/signal.c                         0x00000000   Number         0  defsig_pvfn_inner.o ABSOLUTE
    ../clib/signal.c                         0x00000000   Number         0  defsig_exit.o ABSOLUTE
    ../clib/signal.c                         0x00000000   Number         0  defsig_rtmem_inner.o ABSOLUTE
    ../clib/signal.c                         0x00000000   Number         0  __raise.o ABSOLUTE
    ../clib/signal.c                         0x00000000   Number         0  defsig_general.o ABSOLUTE
    ../clib/signal.s                         0x00000000   Number         0  defsig.o ABSOLUTE
    ../clib/stdlib.c                         0x00000000   Number         0  exit.o ABSOLUTE
    ../fplib/dfixu.s                         0x00000000   Number         0  dfixu.o ABSOLUTE
    ../fplib/dflt.s                          0x00000000   Number         0  dflt_clz.o ABSOLUTE
    ../fplib/dmul.s                          0x00000000   Number         0  dmul.o ABSOLUTE
    ../fplib/dnaninf.s                       0x00000000   Number         0  dnaninf.o ABSOLUTE
    ../fplib/dretinf.s                       0x00000000   Number         0  dretinf.o ABSOLUTE
    ../fplib/fpinit.s                        0x00000000   Number         0  fpinit.o ABSOLUTE
    ../fplib/usenofp.s                       0x00000000   Number         0  usenofp.o ABSOLUTE
    App.c                                    0x00000000   Number         0  app.o ABSOLUTE
    Can.c                                    0x00000000   Number         0  can.o ABSOLUTE
    Dio.c                                    0x00000000   Number         0  dio.o ABSOLUTE
    Hal.c                                    0x00000000   Number         0  hal.o ABSOLUTE
    Port.c                                   0x00000000   Number         0  port.o ABSOLUTE
    RTE\Device\TM4C123GH6PM\startup_TM4C123.s 0x00000000   Number         0  startup_tm4c123.o ABSOLUTE
    RTE\Device\TM4C123GH6PM\system_TM4C123.c 0x00000000   Number         0  system_tm4c123.o ABSOLUTE
    RTE\\Device\\TM4C123GH6PM\\system_TM4C123.c 0x00000000   Number         0  system_tm4c123.o ABSOLUTE
    Systick.c                                0x00000000   Number         0  systick.o ABSOLUTE
    can.c                                    0x00000000   Number         0  can.o ABSOLUTE
    cpu.c                                    0x00000000   Number         0  cpu.o ABSOLUTE
    cpu.c                                    0x00000000   Number         0  cpu.o ABSOLUTE
    dc.s                                     0x00000000   Number         0  dc.o ABSOLUTE
    gpio.c                                   0x00000000   Number         0  gpio.o ABSOLUTE
    interrupt.c                              0x00000000   Number         0  interrupt.o ABSOLUTE
    main.c                                   0x00000000   Number         0  main.o ABSOLUTE
    sysctl.c                                 0x00000000   Number         0  sysctl.o ABSOLUTE
    sysctl.c                                 0x00000000   Number         0  sysctl.o ABSOLUTE
    systick.c                                0x00000000   Number         0  systick.o ABSOLUTE
    !!!main                                  0x0000026c   Section        8  __main.o(!!!main)
    !!!scatter                               0x00000274   Section       52  __scatter.o(!!!scatter)
    !!dczerorl                               0x000002a8   Section       58  __dczerorl.o(!!dczerorl)
    !!handler_zi                             0x000002e4   Section       28  __scatter_zi.o(!!handler_zi)
    .ARM.Collect$$libinit$$00000000          0x00000300   Section        2  libinit.o(.ARM.Collect$$libinit$$00000000)
    .ARM.Collect$$libinit$$00000001          0x00000302   Section        4  libinit2.o(.ARM.Collect$$libinit$$00000001)
    .ARM.Collect$$libinit$$00000004          0x00000306   Section        0  libinit2.o(.ARM.Collect$$libinit$$00000004)
    .ARM.Collect$$libinit$$0000000A          0x00000306   Section        0  libinit2.o(.ARM.Collect$$libinit$$0000000A)
    .ARM.Collect$$libinit$$0000000C          0x00000306   Section        0  libinit2.o(.ARM.Collect$$libinit$$0000000C)
    .ARM.Collect$$libinit$$0000000E          0x00000306   Section        0  libinit2.o(.ARM.Collect$$libinit$$0000000E)
    .ARM.Collect$$libinit$$00000011          0x00000306   Section        0  libinit2.o(.ARM.Collect$$libinit$$00000011)
    .ARM.Collect$$libinit$$00000013          0x00000306   Section        0  libinit2.o(.ARM.Collect$$libinit$$00000013)
    .ARM.Collect$$libinit$$00000015          0x00000306   Section        0  libinit2.o(.ARM.Collect$$libinit$$00000015)
    .ARM.Collect$$libinit$$00000017          0x00000306   Section        0  libinit2.o(.ARM.Collect$$libinit$$00000017)
    .ARM.Collect$$libinit$$00000019          0x00000306   Section        0  libinit2.o(.ARM.Collect$$libinit$$00000019)
    .ARM.Collect$$libinit$$0000001B          0x00000306   Section        0  libinit2.o(.ARM.Collect$$libinit$$0000001B)
    .ARM.Collect$$libinit$$0000001D          0x00000306   Section        0  libinit2.o(.ARM.Collect$$libinit$$0000001D)
    .ARM.Collect$$libinit$$0000001F          0x00000306   Section        0  libinit2.o(.ARM.Collect$$libinit$$0000001F)
    .ARM.Collect$$libinit$$00000021          0x00000306   Section        0  libinit2.o(.ARM.Collect$$libinit$$00000021)
    .ARM.Collect$$libinit$$00000023          0x00000306   Section        0  libinit2.o(.ARM.Collect$$libinit$$00000023)
    .ARM.Collect$$libinit$$00000025          0x00000306   Section        0  libinit2.o(.ARM.Collect$$libinit$$00000025)
    .ARM.Collect$$libinit$$0000002C          0x00000306   Section        0  libinit2.o(.ARM.Collect$$libinit$$0000002C)
    .ARM.Collect$$libinit$$0000002E          0x00000306   Section        0  libinit2.o(.ARM.Collect$$libinit$$0000002E)
    .ARM.Collect$$libinit$$00000030          0x00000306   Section        0  libinit2.o(.ARM.Collect$$libinit$$00000030)
    .ARM.Collect$$libinit$$00000032          0x00000306   Section        0  libinit2.o(.ARM.Collect$$libinit$$00000032)
    .ARM.Collect$$libinit$$00000033          0x00000306   Section        2  libinit2.o(.ARM.Collect$$libinit$$00000033)
    .ARM.Collect$$libshutdown$$00000000      0x00000308   Section        2  libshutdown.o(.ARM.Collect$$libshutdown$$00000000)
    .ARM.Collect$$libshutdown$$00000002      0x0000030a   Section        0  libshutdown2.o(.ARM.Collect$$libshutdown$$00000002)
    .ARM.Collect$$libshutdown$$00000004      0x0000030a   Section        0  libshutdown2.o(.ARM.Collect$$libshutdown$$00000004)
    .ARM.Collect$$libshutdown$$00000006      0x0000030a   Section        0  libshutdown2.o(.ARM.Collect$$libshutdown$$00000006)
    .ARM.Collect$$libshutdown$$00000009      0x0000030a   Section        0  libshutdown2.o(.ARM.Collect$$libshutdown$$00000009)
    .ARM.Collect$$libshutdown$$0000000C      0x0000030a   Section        0  libshutdown2.o(.ARM.Collect$$libshutdown$$0000000C)
    .ARM.Collect$$libshutdown$$0000000E      0x0000030a   Section        0  libshutdown2.o(.ARM.Collect$$libshutdown$$0000000E)
    .ARM.Collect$$libshutdown$$00000011      0x0000030a   Section        0  libshutdown2.o(.ARM.Collect$$libshutdown$$00000011)
    .ARM.Collect$$libshutdown$$00000012      0x0000030a   Section        2  libshutdown2.o(.ARM.Collect$$libshutdown$$00000012)
    .ARM.Collect$$rtentry$$00000000          0x0000030c   Section        0  __rtentry.o(.ARM.Collect$$rtentry$$00000000)
    .ARM.Collect$$rtentry$$00000002          0x0000030c   Section        0  __rtentry2.o(.ARM.Collect$$rtentry$$00000002)
    .ARM.Collect$$rtentry$$00000004          0x0000030c   Section        6  __rtentry4.o(.ARM.Collect$$rtentry$$00000004)
    .ARM.Collect$$rtentry$$00000009          0x00000312   Section        0  __rtentry2.o(.ARM.Collect$$rtentry$$00000009)
    .ARM.Collect$$rtentry$$0000000A          0x00000312   Section        4  __rtentry2.o(.ARM.Collect$$rtentry$$0000000A)
    .ARM.Collect$$rtentry$$0000000C          0x00000316   Section        0  __rtentry2.o(.ARM.Collect$$rtentry$$0000000C)
    .ARM.Collect$$rtentry$$0000000D          0x00000316   Section        8  __rtentry2.o(.ARM.Collect$$rtentry$$0000000D)
    .ARM.Collect$$rtexit$$00000000           0x0000031e   Section        2  rtexit.o(.ARM.Collect$$rtexit$$00000000)
    .ARM.Collect$$rtexit$$00000002           0x00000320   Section        0  rtexit2.o(.ARM.Collect$$rtexit$$00000002)
    .ARM.Collect$$rtexit$$00000003           0x00000320   Section        4  rtexit2.o(.ARM.Collect$$rtexit$$00000003)
    .ARM.Collect$$rtexit$$00000004           0x00000324   Section        6  rtexit2.o(.ARM.Collect$$rtexit$$00000004)
    .emb_text                                0x0000032c   Section        6  sysctl.o(.emb_text)
    $v0                                      0x0000032c   Number         0  sysctl.o(.emb_text)
    .emb_text                                0x00000334   Section       38  cpu.o(.emb_text)
    $v0                                      0x00000334   Number         0  cpu.o(.emb_text)
    .text                                    0x0000035c   Section      276  startup_tm4c123.o(.text)
    $v0                                      0x0000035c   Number         0  startup_tm4c123.o(.text)
    .text                                    0x00000470   Section      128  strcmpv7m.o(.text)
    .text                                    0x000004f0   Section        0  heapauxi.o(.text)
    .text                                    0x000004f6   Section       74  sys_stackheap_outer.o(.text)
    .text                                    0x00000540   Section        0  exit.o(.text)
    .text                                    0x00000554   Section        8  libspace.o(.text)
    .text                                    0x0000055c   Section        0  sys_exit.o(.text)
    .text                                    0x00000568   Section        2  use_no_semi.o(.text)
    .text                                    0x0000056a   Section        0  indicate_semi.o(.text)
    i.CANBitRateSet                          0x0000056c   Section        0  can.o(i.CANBitRateSet)
    i.CANEnable                              0x000005dc   Section        0  can.o(i.CANEnable)
    i.CANInit                                0x000005e6   Section        0  can.o(i.CANInit)
    i.CANIntClear                            0x00000628   Section        0  can.o(i.CANIntClear)
    i.CANIntEnable                           0x0000064e   Section        0  can.o(i.CANIntEnable)
    i.CANIntHandler                          0x00000658   Section        0  can.o(i.CANIntHandler)
    i.CANIntRegister                         0x000006b0   Section        0  can.o(i.CANIntRegister)
    i.CANIntStatus                           0x0000071c   Section        0  can.o(i.CANIntStatus)
    i.CANMessageGet                          0x0000073c   Section        0  can.o(i.CANMessageGet)
    i.CANMessageSet                          0x000008b6   Section        0  can.o(i.CANMessageSet)
    i.CANStatusGet                           0x00000a1c   Section        0  can.o(i.CANStatusGet)
    i.CAN_Init                               0x00000a60   Section        0  can.o(i.CAN_Init)
    i.CAN_recieve                            0x00000ab0   Section        0  can.o(i.CAN_recieve)
    i.Dio_WriteChannel                       0x00000b2c   Section        0  dio.o(i.Dio_WriteChannel)
    i.Error_Handling                         0x00000b74   Section        0  can.o(i.Error_Handling)
    i.GPIODirModeSet                         0x00000bb4   Section        0  gpio.o(i.GPIODirModeSet)
    i.GPIOPadConfigSet                       0x00000bdc   Section        0  gpio.o(i.GPIOPadConfigSet)
    i.GPIOPinConfigure                       0x00000d4c   Section        0  gpio.o(i.GPIOPinConfigure)
    i.GPIOPinTypeCAN                         0x00000d90   Section        0  gpio.o(i.GPIOPinTypeCAN)
    i.GPIOPinTypeGPIOInput                   0x00000dac   Section        0  gpio.o(i.GPIOPinTypeGPIOInput)
    i.GPIOPinTypeGPIOOutput                  0x00000dc8   Section        0  gpio.o(i.GPIOPinTypeGPIOOutput)
    i.GPIOPinWrite                           0x00000de4   Section        0  gpio.o(i.GPIOPinWrite)
    i.Init                                   0x00000dec   Section        0  app.o(i.Init)
    i.Init_CAN0                              0x00000e08   Section        0  can.o(i.Init_CAN0)
    i.Init_LEDs                              0x00000e3c   Section        0  hal.o(i.Init_LEDs)
    i.IntEnable                              0x00000e78   Section        0  interrupt.o(i.IntEnable)
    i.IntMasterEnable                        0x00000edc   Section        0  interrupt.o(i.IntMasterEnable)
    i.IntRegister                            0x00000eec   Section        0  interrupt.o(i.IntRegister)
    i.Loop_Func                              0x00000f20   Section        0  app.o(i.Loop_Func)
    i.Port_Init                              0x00000f48   Section        0  port.o(i.Port_Init)
    i.Port_SetPinDirection                   0x00000fec   Section        0  port.o(i.Port_SetPinDirection)
    i.Port_SetPinMode                        0x00001058   Section        0  port.o(i.Port_SetPinMode)
    i.Read_State                             0x000011d4   Section        0  hal.o(i.Read_State)
    i.State_Change                           0x000011dc   Section        0  hal.o(i.State_Change)
    i.State_Machine                          0x00001210   Section        0  app.o(i.State_Machine)
    i.SysCtlClockGet                         0x00001250   Section        0  sysctl.o(i.SysCtlClockGet)
    i.SysCtlClockSet                         0x000013a4   Section        0  sysctl.o(i.SysCtlClockSet)
    i.SysCtlPeripheralEnable                 0x000014c4   Section        0  sysctl.o(i.SysCtlPeripheralEnable)
    i.SysCtlPeripheralReady                  0x000014ec   Section        0  sysctl.o(i.SysCtlPeripheralReady)
    i.SysTickEnable                          0x00001518   Section        0  systick.o(i.SysTickEnable)
    i.SysTickIntEnable                       0x00001526   Section        0  systick.o(i.SysTickIntEnable)
    i.SysTickIntHandler                      0x00001534   Section        0  systick.o(i.SysTickIntHandler)
    i.SysTickIntRegister                     0x00001568   Section        0  systick.o(i.SysTickIntRegister)
    i.SysTickPeriodSet                       0x00001580   Section        0  systick.o(i.SysTickPeriodSet)
    i.SystemInit                             0x0000158c   Section        0  system_tm4c123.o(i.SystemInit)
    i.Systick_Init                           0x00001624   Section        0  systick.o(i.Systick_Init)
    i.main                                   0x00001674   Section        0  main.o(i.main)
    i.oneSec_elapsed                         0x00001680   Section        0  systick.o(i.oneSec_elapsed)
    i.oneSec_reset                           0x0000168c   Section        0  systick.o(i.oneSec_reset)
    i.systick_elapsed                        0x00001698   Section        0  systick.o(i.systick_elapsed)
    i.systick_reset                          0x000016a4   Section        0  systick.o(i.systick_reset)
    x$fpl$dfixu                              0x000016b0   Section       90  dfixu.o(x$fpl$dfixu)
    $v0                                      0x000016b0   Number         0  dfixu.o(x$fpl$dfixu)
    x$fpl$dfltu                              0x0000170a   Section       38  dflt_clz.o(x$fpl$dfltu)
    $v0                                      0x0000170a   Number         0  dflt_clz.o(x$fpl$dfltu)
    x$fpl$dmul                               0x00001730   Section      340  dmul.o(x$fpl$dmul)
    $v0                                      0x00001730   Number         0  dmul.o(x$fpl$dmul)
    x$fpl$dnaninf                            0x00001884   Section      156  dnaninf.o(x$fpl$dnaninf)
    $v0                                      0x00001884   Number         0  dnaninf.o(x$fpl$dnaninf)
    x$fpl$dretinf                            0x00001920   Section       12  dretinf.o(x$fpl$dretinf)
    $v0                                      0x00001920   Number         0  dretinf.o(x$fpl$dretinf)
    x$fpl$fpinit                             0x0000192c   Section       10  fpinit.o(x$fpl$fpinit)
    $v0                                      0x0000192c   Number         0  fpinit.o(x$fpl$fpinit)
    x$fpl$usenofp                            0x00001936   Section        0  usenofp.o(x$fpl$usenofp)
    .constdata                               0x00001938   Section       56  port.o(.constdata)
    .constdata                               0x00001970   Section       32  dio.o(.constdata)
    .constdata                               0x00001990   Section       24  hal.o(.constdata)
    .constdata                               0x000019a8   Section       32  can.o(.constdata)
    g_ui16CANBitValues                       0x000019a8   Data          32  can.o(.constdata)
    .constdata                               0x000019c8   Section      552  gpio.o(.constdata)
    g_ppui32GPIOIntMapBlizzard               0x000019c8   Data         192  gpio.o(.constdata)
    g_ppui32GPIOIntMapSnowflake              0x00001a88   Data         216  gpio.o(.constdata)
    g_pui32GPIOBaseAddrs                     0x00001b60   Data         144  gpio.o(.constdata)
    .constdata                               0x00001bf0   Section      268  interrupt.o(.constdata)
    g_pui32Priority                          0x00001bf0   Data          32  interrupt.o(.constdata)
    g_pui32Regs                              0x00001c10   Data         156  interrupt.o(.constdata)
    g_pui32EnRegs                            0x00001cac   Data          20  interrupt.o(.constdata)
    g_pui32Dii16Regs                         0x00001cc0   Data          20  interrupt.o(.constdata)
    g_pui32PendRegs                          0x00001cd4   Data          20  interrupt.o(.constdata)
    g_pui32UnpendRegs                        0x00001ce8   Data          20  interrupt.o(.constdata)
    .constdata                               0x00001cfc   Section      596  sysctl.o(.constdata)
    g_pui32VCOFrequencies                    0x00001cfc   Data           8  sysctl.o(.constdata)
    g_pui32Xtals                             0x00001d04   Data         108  sysctl.o(.constdata)
    g_pppui32XTALtoVCO                       0x00001d70   Data         432  sysctl.o(.constdata)
    g_sXTALtoMEMTIM                          0x00001f20   Data          48  sysctl.o(.constdata)
    .data                                    0x20000000   Section        1  app.o(.data)
    .data                                    0x20000004   Section       22  can.o(.data)
    .data                                    0x2000001c   Section        6  systick.o(.data)
    vtable                                   0x20000400   Section      620  interrupt.o(vtable)
    g_pfnRAMVectors                          0x20000400   Data         620  interrupt.o(vtable)
    .bss                                     0x2000066c   Section       40  can.o(.bss)
    .bss                                     0x20000694   Section       96  libspace.o(.bss)
    HEAP                                     0x200006f8   Section        0  startup_tm4c123.o(HEAP)
    STACK                                    0x200006f8   Section      512  startup_tm4c123.o(STACK)
    Heap_Mem                                 0x200006f8   Data           0  startup_tm4c123.o(HEAP)
    Stack_Mem                                0x200006f8   Data         512  startup_tm4c123.o(STACK)
    __initial_sp                             0x200008f8   Data           0  startup_tm4c123.o(STACK)

    Global Symbols

    Symbol Name                              Value     Ov Type        Size  Object(Section)

    BuildAttributes$$THM_ISAv4$E$P$D$K$B$S$7EM$VFPi3$EXTD16$VFPS$VFMA$PE$A:L22UL41UL21$X:L11$S22US41US21$IEEE1$IW$USESV6$~STKCKD$USESV7$~SHL$OTIME$ROPI$EBA8$UX$STANDARDLIB$REQ8$PRES8$EABIv2 0x00000000   Number         0  anon$$obj.o ABSOLUTE
    __ARM_use_no_argv                        0x00000000   Number         0  main.o ABSOLUTE
    __Vectors                                0x00000000   Data           4  startup_tm4c123.o(RESET)
    __ARM_exceptions_init                     - Undefined Weak Reference
    __alloca_initialize                       - Undefined Weak Reference
    __arm_fini_                               - Undefined Weak Reference
    __arm_preinit_                            - Undefined Weak Reference
    __cpp_initialize__aeabi_                  - Undefined Weak Reference
    __cxa_finalize                            - Undefined Weak Reference
    __rt_locale                               - Undefined Weak Reference
    __sigvec_lookup                           - Undefined Weak Reference
    _atexit_init                              - Undefined Weak Reference
    _call_atexit_fns                          - Undefined Weak Reference
    _clock_init                               - Undefined Weak Reference
    _fp_trap_init                             - Undefined Weak Reference
    _fp_trap_shutdown                         - Undefined Weak Reference
    _get_lc_collate                           - Undefined Weak Reference
    _get_lc_ctype                             - Undefined Weak Reference
    _get_lc_monetary                          - Undefined Weak Reference
    _get_lc_numeric                           - Undefined Weak Reference
    _get_lc_time                              - Undefined Weak Reference
    _getenv_init                              - Undefined Weak Reference
    _handle_redirection                       - Undefined Weak Reference
    _init_alloc                               - Undefined Weak Reference
    _init_user_alloc                          - Undefined Weak Reference
    _initio                                   - Undefined Weak Reference
    _rand_init                                - Undefined Weak Reference
    _signal_finish                            - Undefined Weak Reference
    _signal_init                              - Undefined Weak Reference
    _terminate_alloc                          - Undefined Weak Reference
    _terminate_user_alloc                     - Undefined Weak Reference
    _terminateio                              - Undefined Weak Reference
    __Vectors_End                            0x0000026c   Data           0  startup_tm4c123.o(RESET)
    __Vectors_Size                           0x0000026c   Number         0  startup_tm4c123.o ABSOLUTE
    __main                                   0x0000026d   Thumb Code     8  __main.o(!!!main)
    __scatterload                            0x00000275   Thumb Code     0  __scatter.o(!!!scatter)
    __scatterload_rt2                        0x00000275   Thumb Code    44  __scatter.o(!!!scatter)
    __scatterload_rt2_thumb_only             0x00000275   Thumb Code     0  __scatter.o(!!!scatter)
    __scatterload_null                       0x00000283   Thumb Code     0  __scatter.o(!!!scatter)
    __decompress                             0x000002a9   Thumb Code    58  __dczerorl.o(!!dczerorl)
    __decompress0                            0x000002a9   Thumb Code     0  __dczerorl.o(!!dczerorl)
    __scatterload_zeroinit                   0x000002e5   Thumb Code    28  __scatter_zi.o(!!handler_zi)
    __rt_lib_init                            0x00000301   Thumb Code     0  libinit.o(.ARM.Collect$$libinit$$00000000)
    __rt_lib_init_fp_1                       0x00000303   Thumb Code     0  libinit2.o(.ARM.Collect$$libinit$$00000001)
    __rt_lib_init_alloca_1                   0x00000307   Thumb Code     0  libinit2.o(.ARM.Collect$$libinit$$0000002E)
    __rt_lib_init_argv_1                     0x00000307   Thumb Code     0  libinit2.o(.ARM.Collect$$libinit$$0000002C)
    __rt_lib_init_atexit_1                   0x00000307   Thumb Code     0  libinit2.o(.ARM.Collect$$libinit$$0000001B)
    __rt_lib_init_clock_1                    0x00000307   Thumb Code     0  libinit2.o(.ARM.Collect$$libinit$$00000021)
    __rt_lib_init_cpp_1                      0x00000307   Thumb Code     0  libinit2.o(.ARM.Collect$$libinit$$00000032)
    __rt_lib_init_exceptions_1               0x00000307   Thumb Code     0  libinit2.o(.ARM.Collect$$libinit$$00000030)
    __rt_lib_init_fp_trap_1                  0x00000307   Thumb Code     0  libinit2.o(.ARM.Collect$$libinit$$0000001F)
    __rt_lib_init_getenv_1                   0x00000307   Thumb Code     0  libinit2.o(.ARM.Collect$$libinit$$00000023)
    __rt_lib_init_heap_1                     0x00000307   Thumb Code     0  libinit2.o(.ARM.Collect$$libinit$$0000000A)
    __rt_lib_init_lc_collate_1               0x00000307   Thumb Code     0  libinit2.o(.ARM.Collect$$libinit$$00000011)
    __rt_lib_init_lc_ctype_1                 0x00000307   Thumb Code     0  libinit2.o(.ARM.Collect$$libinit$$00000013)
    __rt_lib_init_lc_monetary_1              0x00000307   Thumb Code     0  libinit2.o(.ARM.Collect$$libinit$$00000015)
    __rt_lib_init_lc_numeric_1               0x00000307   Thumb Code     0  libinit2.o(.ARM.Collect$$libinit$$00000017)
    __rt_lib_init_lc_time_1                  0x00000307   Thumb Code     0  libinit2.o(.ARM.Collect$$libinit$$00000019)
    __rt_lib_init_preinit_1                  0x00000307   Thumb Code     0  libinit2.o(.ARM.Collect$$libinit$$00000004)
    __rt_lib_init_rand_1                     0x00000307   Thumb Code     0  libinit2.o(.ARM.Collect$$libinit$$0000000E)
    __rt_lib_init_return                     0x00000307   Thumb Code     0  libinit2.o(.ARM.Collect$$libinit$$00000033)
    __rt_lib_init_signal_1                   0x00000307   Thumb Code     0  libinit2.o(.ARM.Collect$$libinit$$0000001D)
    __rt_lib_init_stdio_1                    0x00000307   Thumb Code     0  libinit2.o(.ARM.Collect$$libinit$$00000025)
    __rt_lib_init_user_alloc_1               0x00000307   Thumb Code     0  libinit2.o(.ARM.Collect$$libinit$$0000000C)
    __rt_lib_shutdown                        0x00000309   Thumb Code     0  libshutdown.o(.ARM.Collect$$libshutdown$$00000000)
    __rt_lib_shutdown_cpp_1                  0x0000030b   Thumb Code     0  libshutdown2.o(.ARM.Collect$$libshutdown$$00000004)
    __rt_lib_shutdown_fini_1                 0x0000030b   Thumb Code     0  libshutdown2.o(.ARM.Collect$$libshutdown$$00000002)
    __rt_lib_shutdown_fp_trap_1              0x0000030b   Thumb Code     0  libshutdown2.o(.ARM.Collect$$libshutdown$$00000009)
    __rt_lib_shutdown_heap_1                 0x0000030b   Thumb Code     0  libshutdown2.o(.ARM.Collect$$libshutdown$$00000011)
    __rt_lib_shutdown_return                 0x0000030b   Thumb Code     0  libshutdown2.o(.ARM.Collect$$libshutdown$$00000012)
    __rt_lib_shutdown_signal_1               0x0000030b   Thumb Code     0  libshutdown2.o(.ARM.Collect$$libshutdown$$0000000C)
    __rt_lib_shutdown_stdio_1                0x0000030b   Thumb Code     0  libshutdown2.o(.ARM.Collect$$libshutdown$$00000006)
    __rt_lib_shutdown_user_alloc_1           0x0000030b   Thumb Code     0  libshutdown2.o(.ARM.Collect$$libshutdown$$0000000E)
    __rt_entry                               0x0000030d   Thumb Code     0  __rtentry.o(.ARM.Collect$$rtentry$$00000000)
    __rt_entry_presh_1                       0x0000030d   Thumb Code     0  __rtentry2.o(.ARM.Collect$$rtentry$$00000002)
    __rt_entry_sh                            0x0000030d   Thumb Code     0  __rtentry4.o(.ARM.Collect$$rtentry$$00000004)
    __rt_entry_li                            0x00000313   Thumb Code     0  __rtentry2.o(.ARM.Collect$$rtentry$$0000000A)
    __rt_entry_postsh_1                      0x00000313   Thumb Code     0  __rtentry2.o(.ARM.Collect$$rtentry$$00000009)
    __rt_entry_main                          0x00000317   Thumb Code     0  __rtentry2.o(.ARM.Collect$$rtentry$$0000000D)
    __rt_entry_postli_1                      0x00000317   Thumb Code     0  __rtentry2.o(.ARM.Collect$$rtentry$$0000000C)
    __rt_exit                                0x0000031f   Thumb Code     0  rtexit.o(.ARM.Collect$$rtexit$$00000000)
    __rt_exit_ls                             0x00000321   Thumb Code     0  rtexit2.o(.ARM.Collect$$rtexit$$00000003)
    __rt_exit_prels_1                        0x00000321   Thumb Code     0  rtexit2.o(.ARM.Collect$$rtexit$$00000002)
    __rt_exit_exit                           0x00000325   Thumb Code     0  rtexit2.o(.ARM.Collect$$rtexit$$00000004)
    SysCtlDelay                              0x0000032d   Thumb Code     6  sysctl.o(.emb_text)
    CPUcpsid                                 0x00000335   Thumb Code     8  cpu.o(.emb_text)
    CPUprimask                               0x0000033d   Thumb Code     6  cpu.o(.emb_text)
    CPUcpsie                                 0x00000343   Thumb Code     8  cpu.o(.emb_text)
    CPUwfi                                   0x0000034b   Thumb Code     4  cpu.o(.emb_text)
    CPUbasepriSet                            0x0000034f   Thumb Code     6  cpu.o(.emb_text)
    CPUbasepriGet                            0x00000355   Thumb Code     6  cpu.o(.emb_text)
    Reset_Handler                            0x0000035d   Thumb Code     8  startup_tm4c123.o(.text)
    NMI_Handler                              0x00000365   Thumb Code     2  startup_tm4c123.o(.text)
    HardFault_Handler                        0x00000367   Thumb Code     2  startup_tm4c123.o(.text)
    MemManage_Handler                        0x00000369   Thumb Code     2  startup_tm4c123.o(.text)
    BusFault_Handler                         0x0000036b   Thumb Code     2  startup_tm4c123.o(.text)
    UsageFault_Handler                       0x0000036d   Thumb Code     2  startup_tm4c123.o(.text)
    SVC_Handler                              0x0000036f   Thumb Code     2  startup_tm4c123.o(.text)
    DebugMon_Handler                         0x00000371   Thumb Code     2  startup_tm4c123.o(.text)
    PendSV_Handler                           0x00000373   Thumb Code     2  startup_tm4c123.o(.text)
    SysTick_Handler                          0x00000375   Thumb Code     2  startup_tm4c123.o(.text)
    GPIOA_Handler                            0x00000377   Thumb Code     2  startup_tm4c123.o(.text)
    GPIOB_Handler                            0x00000379   Thumb Code     2  startup_tm4c123.o(.text)
    GPIOC_Handler                            0x0000037b   Thumb Code     2  startup_tm4c123.o(.text)
    GPIOD_Handler                            0x0000037d   Thumb Code     2  startup_tm4c123.o(.text)
    GPIOE_Handler                            0x0000037f   Thumb Code     2  startup_tm4c123.o(.text)
    UART0_Handler                            0x00000381   Thumb Code     2  startup_tm4c123.o(.text)
    UART1_Handler                            0x00000383   Thumb Code     2  startup_tm4c123.o(.text)
    SSI0_Handler                             0x00000385   Thumb Code     2  startup_tm4c123.o(.text)
    I2C0_Handler                             0x00000387   Thumb Code     2  startup_tm4c123.o(.text)
    PMW0_FAULT_Handler                       0x00000389   Thumb Code     2  startup_tm4c123.o(.text)
    PWM0_0_Handler                           0x0000038b   Thumb Code     2  startup_tm4c123.o(.text)
    PWM0_1_Handler                           0x0000038d   Thumb Code     2  startup_tm4c123.o(.text)
    PWM0_2_Handler                           0x0000038f   Thumb Code     2  startup_tm4c123.o(.text)
    QEI0_Handler                             0x00000391   Thumb Code     2  startup_tm4c123.o(.text)
    ADC0SS0_Handler                          0x00000393   Thumb Code     2  startup_tm4c123.o(.text)
    ADC0SS1_Handler                          0x00000395   Thumb Code     2  startup_tm4c123.o(.text)
    ADC0SS2_Handler                          0x00000397   Thumb Code     2  startup_tm4c123.o(.text)
    ADC0SS3_Handler                          0x00000399   Thumb Code     2  startup_tm4c123.o(.text)
    WDT0_Handler                             0x0000039b   Thumb Code     2  startup_tm4c123.o(.text)
    TIMER0A_Handler                          0x0000039d   Thumb Code     2  startup_tm4c123.o(.text)
    TIMER0B_Handler                          0x0000039f   Thumb Code     2  startup_tm4c123.o(.text)
    TIMER1A_Handler                          0x000003a1   Thumb Code     2  startup_tm4c123.o(.text)
    TIMER1B_Handler                          0x000003a3   Thumb Code     2  startup_tm4c123.o(.text)
    TIMER2A_Handler                          0x000003a5   Thumb Code     2  startup_tm4c123.o(.text)
    TIMER2B_Handler                          0x000003a7   Thumb Code     2  startup_tm4c123.o(.text)
    COMP0_Handler                            0x000003a9   Thumb Code     2  startup_tm4c123.o(.text)
    COMP1_Handler                            0x000003ab   Thumb Code     2  startup_tm4c123.o(.text)
    COMP2_Handler                            0x000003ad   Thumb Code     2  startup_tm4c123.o(.text)
    SYSCTL_Handler                           0x000003af   Thumb Code     2  startup_tm4c123.o(.text)
    FLASH_Handler                            0x000003b1   Thumb Code     2  startup_tm4c123.o(.text)
    GPIOF_Handler                            0x000003b3   Thumb Code     2  startup_tm4c123.o(.text)
    GPIOG_Handler                            0x000003b5   Thumb Code     2  startup_tm4c123.o(.text)
    GPIOH_Handler                            0x000003b7   Thumb Code     2  startup_tm4c123.o(.text)
    UART2_Handler                            0x000003b9   Thumb Code     2  startup_tm4c123.o(.text)
    SSI1_Handler                             0x000003bb   Thumb Code     2  startup_tm4c123.o(.text)
    TIMER3A_Handler                          0x000003bd   Thumb Code     2  startup_tm4c123.o(.text)
    TIMER3B_Handler                          0x000003bf   Thumb Code     2  startup_tm4c123.o(.text)
    I2C1_Handler                             0x000003c1   Thumb Code     2  startup_tm4c123.o(.text)
    QEI1_Handler                             0x000003c3   Thumb Code     2  startup_tm4c123.o(.text)
    CAN0_Handler                             0x000003c5   Thumb Code     2  startup_tm4c123.o(.text)
    CAN1_Handler                             0x000003c7   Thumb Code     2  startup_tm4c123.o(.text)
    CAN2_Handler                             0x000003c9   Thumb Code     2  startup_tm4c123.o(.text)
    HIB_Handler                              0x000003cb   Thumb Code     2  startup_tm4c123.o(.text)
    USB0_Handler                             0x000003cd   Thumb Code     2  startup_tm4c123.o(.text)
    PWM0_3_Handler                           0x000003cf   Thumb Code     2  startup_tm4c123.o(.text)
    UDMA_Handler                             0x000003d1   Thumb Code     2  startup_tm4c123.o(.text)
    UDMAERR_Handler                          0x000003d3   Thumb Code     2  startup_tm4c123.o(.text)
    ADC1SS0_Handler                          0x000003d5   Thumb Code     2  startup_tm4c123.o(.text)
    ADC1SS1_Handler                          0x000003d7   Thumb Code     2  startup_tm4c123.o(.text)
    ADC1SS2_Handler                          0x000003d9   Thumb Code     2  startup_tm4c123.o(.text)
    ADC1SS3_Handler                          0x000003db   Thumb Code     2  startup_tm4c123.o(.text)
    GPIOJ_Handler                            0x000003dd   Thumb Code     2  startup_tm4c123.o(.text)
    GPIOK_Handler                            0x000003df   Thumb Code     2  startup_tm4c123.o(.text)
    GPIOL_Handler                            0x000003e1   Thumb Code     2  startup_tm4c123.o(.text)
    SSI2_Handler                             0x000003e3   Thumb Code     2  startup_tm4c123.o(.text)
    SSI3_Handler                             0x000003e5   Thumb Code     2  startup_tm4c123.o(.text)
    UART3_Handler                            0x000003e7   Thumb Code     2  startup_tm4c123.o(.text)
    UART4_Handler                            0x000003e9   Thumb Code     2  startup_tm4c123.o(.text)
    UART5_Handler                            0x000003eb   Thumb Code     2  startup_tm4c123.o(.text)
    UART6_Handler                            0x000003ed   Thumb Code     2  startup_tm4c123.o(.text)
    UART7_Handler                            0x000003ef   Thumb Code     2  startup_tm4c123.o(.text)
    I2C2_Handler                             0x000003f1   Thumb Code     2  startup_tm4c123.o(.text)
    I2C3_Handler                             0x000003f3   Thumb Code     2  startup_tm4c123.o(.text)
    TIMER4A_Handler                          0x000003f5   Thumb Code     2  startup_tm4c123.o(.text)
    TIMER4B_Handler                          0x000003f7   Thumb Code     2  startup_tm4c123.o(.text)
    TIMER5A_Handler                          0x000003f9   Thumb Code     2  startup_tm4c123.o(.text)
    TIMER5B_Handler                          0x000003fb   Thumb Code     2  startup_tm4c123.o(.text)
    WTIMER0A_Handler                         0x000003fd   Thumb Code     2  startup_tm4c123.o(.text)
    WTIMER0B_Handler                         0x000003ff   Thumb Code     2  startup_tm4c123.o(.text)
    WTIMER1A_Handler                         0x00000401   Thumb Code     2  startup_tm4c123.o(.text)
    WTIMER1B_Handler                         0x00000403   Thumb Code     2  startup_tm4c123.o(.text)
    WTIMER2A_Handler                         0x00000405   Thumb Code     2  startup_tm4c123.o(.text)
    WTIMER2B_Handler                         0x00000407   Thumb Code     2  startup_tm4c123.o(.text)
    WTIMER3A_Handler                         0x00000409   Thumb Code     2  startup_tm4c123.o(.text)
    WTIMER3B_Handler                         0x0000040b   Thumb Code     2  startup_tm4c123.o(.text)
    WTIMER4A_Handler                         0x0000040d   Thumb Code     2  startup_tm4c123.o(.text)
    WTIMER4B_Handler                         0x0000040f   Thumb Code     2  startup_tm4c123.o(.text)
    WTIMER5A_Handler                         0x00000411   Thumb Code     2  startup_tm4c123.o(.text)
    WTIMER5B_Handler                         0x00000413   Thumb Code     2  startup_tm4c123.o(.text)
    FPU_Handler                              0x00000415   Thumb Code     2  startup_tm4c123.o(.text)
    I2C4_Handler                             0x00000417   Thumb Code     2  startup_tm4c123.o(.text)
    I2C5_Handler                             0x00000419   Thumb Code     2  startup_tm4c123.o(.text)
    GPIOM_Handler                            0x0000041b   Thumb Code     2  startup_tm4c123.o(.text)
    GPION_Handler                            0x0000041d   Thumb Code     2  startup_tm4c123.o(.text)
    QEI2_Handler                             0x0000041f   Thumb Code     2  startup_tm4c123.o(.text)
    GPIOP0_Handler                           0x00000421   Thumb Code     2  startup_tm4c123.o(.text)
    GPIOP1_Handler                           0x00000423   Thumb Code     2  startup_tm4c123.o(.text)
    GPIOP2_Handler                           0x00000425   Thumb Code     2  startup_tm4c123.o(.text)
    GPIOP3_Handler                           0x00000427   Thumb Code     2  startup_tm4c123.o(.text)
    GPIOP4_Handler                           0x00000429   Thumb Code     2  startup_tm4c123.o(.text)
    GPIOP5_Handler                           0x0000042b   Thumb Code     2  startup_tm4c123.o(.text)
    GPIOP6_Handler                           0x0000042d   Thumb Code     2  startup_tm4c123.o(.text)
    GPIOP7_Handler                           0x0000042f   Thumb Code     2  startup_tm4c123.o(.text)
    GPIOQ0_Handler                           0x00000431   Thumb Code     2  startup_tm4c123.o(.text)
    GPIOQ1_Handler                           0x00000433   Thumb Code     2  startup_tm4c123.o(.text)
    GPIOQ2_Handler                           0x00000435   Thumb Code     2  startup_tm4c123.o(.text)
    GPIOQ3_Handler                           0x00000437   Thumb Code     2  startup_tm4c123.o(.text)
    GPIOQ4_Handler                           0x00000439   Thumb Code     2  startup_tm4c123.o(.text)
    GPIOQ5_Handler                           0x0000043b   Thumb Code     2  startup_tm4c123.o(.text)
    GPIOQ6_Handler                           0x0000043d   Thumb Code     2  startup_tm4c123.o(.text)
    GPIOQ7_Handler                           0x0000043f   Thumb Code     2  startup_tm4c123.o(.text)
    GPIOR_Handler                            0x00000441   Thumb Code     2  startup_tm4c123.o(.text)
    GPIOS_Handler                            0x00000443   Thumb Code     2  startup_tm4c123.o(.text)
    PMW1_0_Handler                           0x00000445   Thumb Code     2  startup_tm4c123.o(.text)
    PWM1_1_Handler                           0x00000447   Thumb Code     2  startup_tm4c123.o(.text)
    PWM1_2_Handler                           0x00000449   Thumb Code     2  startup_tm4c123.o(.text)
    PWM1_3_Handler                           0x0000044b   Thumb Code     2  startup_tm4c123.o(.text)
    PWM1_FAULT_Handler                       0x0000044d   Thumb Code     2  startup_tm4c123.o(.text)
    __user_initial_stackheap                 0x00000451   Thumb Code     0  startup_tm4c123.o(.text)
    strcmp                                   0x00000471   Thumb Code   128  strcmpv7m.o(.text)
    __use_two_region_memory                  0x000004f1   Thumb Code     2  heapauxi.o(.text)
    __rt_heap_escrow$2region                 0x000004f3   Thumb Code     2  heapauxi.o(.text)
    __rt_heap_expand$2region                 0x000004f5   Thumb Code     2  heapauxi.o(.text)
    __user_setup_stackheap                   0x000004f7   Thumb Code    74  sys_stackheap_outer.o(.text)
    exit                                     0x00000541   Thumb Code    18  exit.o(.text)
    __user_libspace                          0x00000555   Thumb Code     8  libspace.o(.text)
    __user_perproc_libspace                  0x00000555   Thumb Code     0  libspace.o(.text)
    __user_perthread_libspace                0x00000555   Thumb Code     0  libspace.o(.text)
    _sys_exit                                0x0000055d   Thumb Code     8  sys_exit.o(.text)
    __I$use$semihosting                      0x00000569   Thumb Code     0  use_no_semi.o(.text)
    __use_no_semihosting_swi                 0x00000569   Thumb Code     2  use_no_semi.o(.text)
    __semihosting_library_function           0x0000056b   Thumb Code     0  indicate_semi.o(.text)
    CANBitRateSet                            0x0000056d   Thumb Code   108  can.o(i.CANBitRateSet)
    CANEnable                                0x000005dd   Thumb Code    10  can.o(i.CANEnable)
    CANInit                                  0x000005e7   Thumb Code    66  can.o(i.CANInit)
    CANIntClear                              0x00000629   Thumb Code    38  can.o(i.CANIntClear)
    CANIntEnable                             0x0000064f   Thumb Code     8  can.o(i.CANIntEnable)
    CANIntHandler                            0x00000659   Thumb Code    72  can.o(i.CANIntHandler)
    CANIntRegister                           0x000006b1   Thumb Code    92  can.o(i.CANIntRegister)
    CANIntStatus                             0x0000071d   Thumb Code    32  can.o(i.CANIntStatus)
    CANMessageGet                            0x0000073d   Thumb Code   378  can.o(i.CANMessageGet)
    CANMessageSet                            0x000008b7   Thumb Code   358  can.o(i.CANMessageSet)
    CANStatusGet                             0x00000a1d   Thumb Code    68  can.o(i.CANStatusGet)
    CAN_Init                                 0x00000a61   Thumb Code    62  can.o(i.CAN_Init)
    CAN_recieve                              0x00000ab1   Thumb Code    88  can.o(i.CAN_recieve)
    Dio_WriteChannel                         0x00000b2d   Thumb Code    62  dio.o(i.Dio_WriteChannel)
    Error_Handling                           0x00000b75   Thumb Code    54  can.o(i.Error_Handling)
    GPIODirModeSet                           0x00000bb5   Thumb Code    40  gpio.o(i.GPIODirModeSet)
    GPIOPadConfigSet                         0x00000bdd   Thumb Code   354  gpio.o(i.GPIOPadConfigSet)
    GPIOPinConfigure                         0x00000d4d   Thumb Code    60  gpio.o(i.GPIOPinConfigure)
    GPIOPinTypeCAN                           0x00000d91   Thumb Code    28  gpio.o(i.GPIOPinTypeCAN)
    GPIOPinTypeGPIOInput                     0x00000dad   Thumb Code    28  gpio.o(i.GPIOPinTypeGPIOInput)
    GPIOPinTypeGPIOOutput                    0x00000dc9   Thumb Code    28  gpio.o(i.GPIOPinTypeGPIOOutput)
    GPIOPinWrite                             0x00000de5   Thumb Code     6  gpio.o(i.GPIOPinWrite)
    Init                                     0x00000ded   Thumb Code    20  app.o(i.Init)
    Init_CAN0                                0x00000e09   Thumb Code    46  can.o(i.Init_CAN0)
    Init_LEDs                                0x00000e3d   Thumb Code    54  hal.o(i.Init_LEDs)
    IntEnable                                0x00000e79   Thumb Code    92  interrupt.o(i.IntEnable)
    IntMasterEnable                          0x00000edd   Thumb Code    14  interrupt.o(i.IntMasterEnable)
    IntRegister                              0x00000eed   Thumb Code    44  interrupt.o(i.IntRegister)
    Loop_Func                                0x00000f21   Thumb Code    36  app.o(i.Loop_Func)
    Port_Init                                0x00000f49   Thumb Code   136  port.o(i.Port_Init)
    Port_SetPinDirection                     0x00000fed   Thumb Code    98  port.o(i.Port_SetPinDirection)
    Port_SetPinMode                          0x00001059   Thumb Code   328  port.o(i.Port_SetPinMode)
    Read_State                               0x000011d5   Thumb Code     8  hal.o(i.Read_State)
    State_Change                             0x000011dd   Thumb Code    48  hal.o(i.State_Change)
    State_Machine                            0x00001211   Thumb Code    58  app.o(i.State_Machine)
    SysCtlClockGet                           0x00001251   Thumb Code   304  sysctl.o(i.SysCtlClockGet)
    SysCtlClockSet                           0x000013a5   Thumb Code   270  sysctl.o(i.SysCtlClockSet)
    SysCtlPeripheralEnable                   0x000014c5   Thumb Code    36  sysctl.o(i.SysCtlPeripheralEnable)
    SysCtlPeripheralReady                    0x000014ed   Thumb Code    40  sysctl.o(i.SysCtlPeripheralReady)
    SysTickEnable                            0x00001519   Thumb Code    14  systick.o(i.SysTickEnable)
    SysTickIntEnable                         0x00001527   Thumb Code    14  systick.o(i.SysTickIntEnable)
    SysTickIntHandler                        0x00001535   Thumb Code    38  systick.o(i.SysTickIntHandler)
    SysTickIntRegister                       0x00001569   Thumb Code    24  systick.o(i.SysTickIntRegister)
    SysTickPeriodSet                         0x00001581   Thumb Code    10  systick.o(i.SysTickPeriodSet)
    SystemInit                               0x0000158d   Thumb Code   112  system_tm4c123.o(i.SystemInit)
    Systick_Init                             0x00001625   Thumb Code    74  systick.o(i.Systick_Init)
    main                                     0x00001675   Thumb Code    12  main.o(i.main)
    oneSec_elapsed                           0x00001681   Thumb Code     6  systick.o(i.oneSec_elapsed)
    oneSec_reset                             0x0000168d   Thumb Code     8  systick.o(i.oneSec_reset)
    systick_elapsed                          0x00001699   Thumb Code     6  systick.o(i.systick_elapsed)
    systick_reset                            0x000016a5   Thumb Code     8  systick.o(i.systick_reset)
    __aeabi_d2uiz                            0x000016b1   Thumb Code     0  dfixu.o(x$fpl$dfixu)
    _dfixu                                   0x000016b1   Thumb Code    90  dfixu.o(x$fpl$dfixu)
    __aeabi_ui2d                             0x0000170b   Thumb Code     0  dflt_clz.o(x$fpl$dfltu)
    _dfltu                                   0x0000170b   Thumb Code    38  dflt_clz.o(x$fpl$dfltu)
    __aeabi_dmul                             0x00001731   Thumb Code     0  dmul.o(x$fpl$dmul)
    _dmul                                    0x00001731   Thumb Code   332  dmul.o(x$fpl$dmul)
    __fpl_dnaninf                            0x00001885   Thumb Code   156  dnaninf.o(x$fpl$dnaninf)
    __fpl_dretinf                            0x00001921   Thumb Code    12  dretinf.o(x$fpl$dretinf)
    _fp_init                                 0x0000192d   Thumb Code    10  fpinit.o(x$fpl$fpinit)
    __fplib_config_fpu_vfp                   0x00001935   Thumb Code     0  fpinit.o(x$fpl$fpinit)
    __fplib_config_pureend_doubles           0x00001935   Thumb Code     0  fpinit.o(x$fpl$fpinit)
    __I$use$fp                               0x00001936   Number         0  usenofp.o(x$fpl$usenofp)
    Port_Ports                               0x00001938   Data          24  port.o(.constdata)
    Port_Pins                                0x00001950   Data           8  port.o(.constdata)
    Port_Clocks                              0x00001958   Data          24  port.o(.constdata)
    Dio_Ports                                0x00001970   Data          24  dio.o(.constdata)
    Dio_Pins                                 0x00001988   Data           8  dio.o(.constdata)
    Region$$Table$$Base                      0x00001f50   Number         0  anon$$obj.o(Region$$Table)
    Region$$Table$$Limit                     0x00001f70   Number         0  anon$$obj.o(Region$$Table)
    currentState                             0x20000000   Data           1  app.o(.data)
    error_type                               0x20000004   Data           4  can.o(.data)
    errFlag                                  0x20000008   Data           1  can.o(.data)
    TXmsg_Data                               0x20000009   Data           8  can.o(.data)
    RXmsg_Data                               0x20000011   Data           8  can.o(.data)
    rxFlag                                   0x20000019   Data           1  can.o(.data)
    tickPer10ms                              0x2000001c   Data           4  systick.o(.data)
    systickFlag                              0x20000020   Data           1  systick.o(.data)
    oneSecondFlag                            0x20000021   Data           1  systick.o(.data)
    TXmsg                                    0x2000066c   Data          20  can.o(.bss)
    RXmsg                                    0x20000680   Data          20  can.o(.bss)
    __libspace_start                         0x20000694   Data          96  libspace.o(.bss)
    __temporary_stack_top$libspace           0x200006f4   Data           0  libspace.o(.bss)



==============================================================================

Memory Map of the image

  Image Entry point : 0x0000035d

  Load Region LR_1 (Base: 0x00000000, Size: 0x000025dc, Max: 0xffffffff, ABSOLUTE, COMPRESSED[0x00001f80])

    Execution Region ER_RO (Exec base: 0x00000000, Load base: 0x00000000, Size: 0x00001f70, Max: 0xffffffff, ABSOLUTE)

    Exec Addr    Load Addr    Size         Type   Attr      Idx    E Section Name        Object

    0x00000000   0x00000000   0x0000026c   Data   RO          298    RESET               startup_tm4c123.o
    0x0000026c   0x0000026c   0x00000008   Code   RO         1375  * !!!main             c_w.l(__main.o)
    0x00000274   0x00000274   0x00000034   Code   RO         1553    !!!scatter          c_w.l(__scatter.o)
    0x000002a8   0x000002a8   0x0000003a   Code   RO         1551    !!dczerorl          c_w.l(__dczerorl.o)
    0x000002e2   0x000002e2   0x00000002   PAD
    0x000002e4   0x000002e4   0x0000001c   Code   RO         1555    !!handler_zi        c_w.l(__scatter_zi.o)
    0x00000300   0x00000300   0x00000002   Code   RO         1419    .ARM.Collect$$libinit$$00000000  c_w.l(libinit.o)
    0x00000302   0x00000302   0x00000004   Code   RO         1425    .ARM.Collect$$libinit$$00000001  c_w.l(libinit2.o)
    0x00000306   0x00000306   0x00000000   Code   RO         1428    .ARM.Collect$$libinit$$00000004  c_w.l(libinit2.o)
    0x00000306   0x00000306   0x00000000   Code   RO         1431    .ARM.Collect$$libinit$$0000000A  c_w.l(libinit2.o)
    0x00000306   0x00000306   0x00000000   Code   RO         1433    .ARM.Collect$$libinit$$0000000C  c_w.l(libinit2.o)
    0x00000306   0x00000306   0x00000000   Code   RO         1435    .ARM.Collect$$libinit$$0000000E  c_w.l(libinit2.o)
    0x00000306   0x00000306   0x00000000   Code   RO         1438    .ARM.Collect$$libinit$$00000011  c_w.l(libinit2.o)
    0x00000306   0x00000306   0x00000000   Code   RO         1440    .ARM.Collect$$libinit$$00000013  c_w.l(libinit2.o)
    0x00000306   0x00000306   0x00000000   Code   RO         1442    .ARM.Collect$$libinit$$00000015  c_w.l(libinit2.o)
    0x00000306   0x00000306   0x00000000   Code   RO         1444    .ARM.Collect$$libinit$$00000017  c_w.l(libinit2.o)
    0x00000306   0x00000306   0x00000000   Code   RO         1446    .ARM.Collect$$libinit$$00000019  c_w.l(libinit2.o)
    0x00000306   0x00000306   0x00000000   Code   RO         1448    .ARM.Collect$$libinit$$0000001B  c_w.l(libinit2.o)
    0x00000306   0x00000306   0x00000000   Code   RO         1450    .ARM.Collect$$libinit$$0000001D  c_w.l(libinit2.o)
    0x00000306   0x00000306   0x00000000   Code   RO         1452    .ARM.Collect$$libinit$$0000001F  c_w.l(libinit2.o)
    0x00000306   0x00000306   0x00000000   Code   RO         1454    .ARM.Collect$$libinit$$00000021  c_w.l(libinit2.o)
    0x00000306   0x00000306   0x00000000   Code   RO         1456    .ARM.Collect$$libinit$$00000023  c_w.l(libinit2.o)
    0x00000306   0x00000306   0x00000000   Code   RO         1458    .ARM.Collect$$libinit$$00000025  c_w.l(libinit2.o)
    0x00000306   0x00000306   0x00000000   Code   RO         1462    .ARM.Collect$$libinit$$0000002C  c_w.l(libinit2.o)
    0x00000306   0x00000306   0x00000000   Code   RO         1464    .ARM.Collect$$libinit$$0000002E  c_w.l(libinit2.o)
    0x00000306   0x00000306   0x00000000   Code   RO         1466    .ARM.Collect$$libinit$$00000030  c_w.l(libinit2.o)
    0x00000306   0x00000306   0x00000000   Code   RO         1468    .ARM.Collect$$libinit$$00000032  c_w.l(libinit2.o)
    0x00000306   0x00000306   0x00000002   Code   RO         1469    .ARM.Collect$$libinit$$00000033  c_w.l(libinit2.o)
    0x00000308   0x00000308   0x00000002   Code   RO         1489    .ARM.Collect$$libshutdown$$00000000  c_w.l(libshutdown.o)
    0x0000030a   0x0000030a   0x00000000   Code   RO         1502    .ARM.Collect$$libshutdown$$00000002  c_w.l(libshutdown2.o)
    0x0000030a   0x0000030a   0x00000000   Code   RO         1504    .ARM.Collect$$libshutdown$$00000004  c_w.l(libshutdown2.o)
    0x0000030a   0x0000030a   0x00000000   Code   RO         1506    .ARM.Collect$$libshutdown$$00000006  c_w.l(libshutdown2.o)
    0x0000030a   0x0000030a   0x00000000   Code   RO         1509    .ARM.Collect$$libshutdown$$00000009  c_w.l(libshutdown2.o)
    0x0000030a   0x0000030a   0x00000000   Code   RO         1512    .ARM.Collect$$libshutdown$$0000000C  c_w.l(libshutdown2.o)
    0x0000030a   0x0000030a   0x00000000   Code   RO         1514    .ARM.Collect$$libshutdown$$0000000E  c_w.l(libshutdown2.o)
    0x0000030a   0x0000030a   0x00000000   Code   RO         1517    .ARM.Collect$$libshutdown$$00000011  c_w.l(libshutdown2.o)
    0x0000030a   0x0000030a   0x00000002   Code   RO         1518    .ARM.Collect$$libshutdown$$00000012  c_w.l(libshutdown2.o)
    0x0000030c   0x0000030c   0x00000000   Code   RO         1389    .ARM.Collect$$rtentry$$00000000  c_w.l(__rtentry.o)
    0x0000030c   0x0000030c   0x00000000   Code   RO         1396    .ARM.Collect$$rtentry$$00000002  c_w.l(__rtentry2.o)
    0x0000030c   0x0000030c   0x00000006   Code   RO         1408    .ARM.Collect$$rtentry$$00000004  c_w.l(__rtentry4.o)
    0x00000312   0x00000312   0x00000000   Code   RO         1398    .ARM.Collect$$rtentry$$00000009  c_w.l(__rtentry2.o)
    0x00000312   0x00000312   0x00000004   Code   RO         1399    .ARM.Collect$$rtentry$$0000000A  c_w.l(__rtentry2.o)
    0x00000316   0x00000316   0x00000000   Code   RO         1401    .ARM.Collect$$rtentry$$0000000C  c_w.l(__rtentry2.o)
    0x00000316   0x00000316   0x00000008   Code   RO         1402    .ARM.Collect$$rtentry$$0000000D  c_w.l(__rtentry2.o)
    0x0000031e   0x0000031e   0x00000002   Code   RO         1423    .ARM.Collect$$rtexit$$00000000  c_w.l(rtexit.o)
    0x00000320   0x00000320   0x00000000   Code   RO         1471    .ARM.Collect$$rtexit$$00000002  c_w.l(rtexit2.o)
    0x00000320   0x00000320   0x00000004   Code   RO         1472    .ARM.Collect$$rtexit$$00000003  c_w.l(rtexit2.o)
    0x00000324   0x00000324   0x00000006   Code   RO         1473    .ARM.Collect$$rtexit$$00000004  c_w.l(rtexit2.o)
    0x0000032a   0x0000032a   0x00000002   PAD
    0x0000032c   0x0000032c   0x00000006   Code   RO          948    .emb_text           driverlib.lib(sysctl.o)
    0x00000332   0x00000332   0x00000002   PAD
    0x00000334   0x00000334   0x00000026   Code   RO         1359    .emb_text           driverlib.lib(cpu.o)
    0x0000035a   0x0000035a   0x00000002   PAD
    0x0000035c   0x0000035c   0x00000114   Code   RO          299  * .text               startup_tm4c123.o
    0x00000470   0x00000470   0x00000080   Code   RO         1371    .text               c_w.l(strcmpv7m.o)
    0x000004f0   0x000004f0   0x00000006   Code   RO         1373    .text               c_w.l(heapauxi.o)
    0x000004f6   0x000004f6   0x0000004a   Code   RO         1410    .text               c_w.l(sys_stackheap_outer.o)
    0x00000540   0x00000540   0x00000012   Code   RO         1412    .text               c_w.l(exit.o)
    0x00000552   0x00000552   0x00000002   PAD
    0x00000554   0x00000554   0x00000008   Code   RO         1420    .text               c_w.l(libspace.o)
    0x0000055c   0x0000055c   0x0000000c   Code   RO         1481    .text               c_w.l(sys_exit.o)
    0x00000568   0x00000568   0x00000002   Code   RO         1492    .text               c_w.l(use_no_semi.o)
    0x0000056a   0x0000056a   0x00000000   Code   RO         1494    .text               c_w.l(indicate_semi.o)
    0x0000056a   0x0000056a   0x00000002   PAD
    0x0000056c   0x0000056c   0x00000070   Code   RO          367    i.CANBitRateSet     driverlib.lib(can.o)
    0x000005dc   0x000005dc   0x0000000a   Code   RO          371    i.CANEnable         driverlib.lib(can.o)
    0x000005e6   0x000005e6   0x00000042   Code   RO          373    i.CANInit           driverlib.lib(can.o)
    0x00000628   0x00000628   0x00000026   Code   RO          374    i.CANIntClear       driverlib.lib(can.o)
    0x0000064e   0x0000064e   0x00000008   Code   RO          376    i.CANIntEnable      driverlib.lib(can.o)
    0x00000656   0x00000656   0x00000002   PAD
    0x00000658   0x00000658   0x00000058   Code   RO          135    i.CANIntHandler     can.o
    0x000006b0   0x000006b0   0x0000006c   Code   RO          377    i.CANIntRegister    driverlib.lib(can.o)
    0x0000071c   0x0000071c   0x00000020   Code   RO          378    i.CANIntStatus      driverlib.lib(can.o)
    0x0000073c   0x0000073c   0x0000017a   Code   RO          381    i.CANMessageGet     driverlib.lib(can.o)
    0x000008b6   0x000008b6   0x00000166   Code   RO          382    i.CANMessageSet     driverlib.lib(can.o)
    0x00000a1c   0x00000a1c   0x00000044   Code   RO          385    i.CANStatusGet      driverlib.lib(can.o)
    0x00000a60   0x00000a60   0x00000050   Code   RO          136    i.CAN_Init          can.o
    0x00000ab0   0x00000ab0   0x0000007c   Code   RO          138    i.CAN_recieve       can.o
    0x00000b2c   0x00000b2c   0x00000048   Code   RO          184    i.Dio_WriteChannel  dio.o
    0x00000b74   0x00000b74   0x00000040   Code   RO          139    i.Error_Handling    can.o
    0x00000bb4   0x00000bb4   0x00000028   Code   RO          527    i.GPIODirModeSet    driverlib.lib(gpio.o)
    0x00000bdc   0x00000bdc   0x00000170   Code   RO          539    i.GPIOPadConfigSet  driverlib.lib(gpio.o)
    0x00000d4c   0x00000d4c   0x00000044   Code   RO          540    i.GPIOPinConfigure  driverlib.lib(gpio.o)
    0x00000d90   0x00000d90   0x0000001c   Code   RO          543    i.GPIOPinTypeCAN    driverlib.lib(gpio.o)
    0x00000dac   0x00000dac   0x0000001c   Code   RO          550    i.GPIOPinTypeGPIOInput  driverlib.lib(gpio.o)
    0x00000dc8   0x00000dc8   0x0000001c   Code   RO          551    i.GPIOPinTypeGPIOOutput  driverlib.lib(gpio.o)
    0x00000de4   0x00000de4   0x00000006   Code   RO          569    i.GPIOPinWrite      driverlib.lib(gpio.o)
    0x00000dea   0x00000dea   0x00000002   PAD
    0x00000dec   0x00000dec   0x0000001c   Code   RO          108    i.Init              app.o
    0x00000e08   0x00000e08   0x00000034   Code   RO          140    i.Init_CAN0         can.o
    0x00000e3c   0x00000e3c   0x0000003c   Code   RO          226    i.Init_LEDs         hal.o
    0x00000e78   0x00000e78   0x00000064   Code   RO          836    i.IntEnable         driverlib.lib(interrupt.o)
    0x00000edc   0x00000edc   0x0000000e   Code   RO          839    i.IntMasterEnable   driverlib.lib(interrupt.o)
    0x00000eea   0x00000eea   0x00000002   PAD
    0x00000eec   0x00000eec   0x00000034   Code   RO          848    i.IntRegister       driverlib.lib(interrupt.o)
    0x00000f20   0x00000f20   0x00000028   Code   RO          109    i.Loop_Func         app.o
    0x00000f48   0x00000f48   0x000000a4   Code   RO            1    i.Port_Init         port.o
    0x00000fec   0x00000fec   0x0000006c   Code   RO            2    i.Port_SetPinDirection  port.o
    0x00001058   0x00001058   0x0000017c   Code   RO            3    i.Port_SetPinMode   port.o
    0x000011d4   0x000011d4   0x00000008   Code   RO          227    i.Read_State        hal.o
    0x000011dc   0x000011dc   0x00000034   Code   RO          228    i.State_Change      hal.o
    0x00001210   0x00001210   0x00000040   Code   RO          110    i.State_Machine     app.o
    0x00001250   0x00001250   0x00000154   Code   RO          951    i.SysCtlClockGet    driverlib.lib(sysctl.o)
    0x000013a4   0x000013a4   0x00000120   Code   RO          953    i.SysCtlClockSet    driverlib.lib(sysctl.o)
    0x000014c4   0x000014c4   0x00000028   Code   RO          982    i.SysCtlPeripheralEnable  driverlib.lib(sysctl.o)
    0x000014ec   0x000014ec   0x0000002c   Code   RO          986    i.SysCtlPeripheralReady  driverlib.lib(sysctl.o)
    0x00001518   0x00001518   0x0000000e   Code   RO         1297    i.SysTickEnable     driverlib.lib(systick.o)
    0x00001526   0x00001526   0x0000000e   Code   RO         1299    i.SysTickIntEnable  driverlib.lib(systick.o)
    0x00001534   0x00001534   0x00000034   Code   RO          251    i.SysTickIntHandler  systick.o
    0x00001568   0x00001568   0x00000018   Code   RO         1300    i.SysTickIntRegister  driverlib.lib(systick.o)
    0x00001580   0x00001580   0x0000000a   Code   RO         1303    i.SysTickPeriodSet  driverlib.lib(systick.o)
    0x0000158a   0x0000158a   0x00000002   PAD
    0x0000158c   0x0000158c   0x00000098   Code   RO          308    i.SystemInit        system_tm4c123.o
    0x00001624   0x00001624   0x00000050   Code   RO          252    i.Systick_Init      systick.o
    0x00001674   0x00001674   0x0000000c   Code   RO           66    i.main              main.o
    0x00001680   0x00001680   0x0000000c   Code   RO          253    i.oneSec_elapsed    systick.o
    0x0000168c   0x0000168c   0x0000000c   Code   RO          254    i.oneSec_reset      systick.o
    0x00001698   0x00001698   0x0000000c   Code   RO          255    i.systick_elapsed   systick.o
    0x000016a4   0x000016a4   0x0000000c   Code   RO          256    i.systick_reset     systick.o
    0x000016b0   0x000016b0   0x0000005a   Code   RO         1377    x$fpl$dfixu         fz_wm.l(dfixu.o)
    0x0000170a   0x0000170a   0x00000026   Code   RO         1381    x$fpl$dfltu         fz_wm.l(dflt_clz.o)
    0x00001730   0x00001730   0x00000154   Code   RO         1387    x$fpl$dmul          fz_wm.l(dmul.o)
    0x00001884   0x00001884   0x0000009c   Code   RO         1390    x$fpl$dnaninf       fz_wm.l(dnaninf.o)
    0x00001920   0x00001920   0x0000000c   Code   RO         1392    x$fpl$dretinf       fz_wm.l(dretinf.o)
    0x0000192c   0x0000192c   0x0000000a   Code   RO         1479    x$fpl$fpinit        fz_wm.l(fpinit.o)
    0x00001936   0x00001936   0x00000000   Code   RO         1394    x$fpl$usenofp       fz_wm.l(usenofp.o)
    0x00001936   0x00001936   0x00000002   PAD
    0x00001938   0x00001938   0x00000038   Data   RO            4    .constdata          port.o
    0x00001970   0x00001970   0x00000020   Data   RO          187    .constdata          dio.o
    0x00001990   0x00001990   0x00000018   Data   RO          229    .constdata          hal.o
    0x000019a8   0x000019a8   0x00000020   Data   RO          386    .constdata          driverlib.lib(can.o)
    0x000019c8   0x000019c8   0x00000228   Data   RO          572    .constdata          driverlib.lib(gpio.o)
    0x00001bf0   0x00001bf0   0x0000010c   Data   RO          852    .constdata          driverlib.lib(interrupt.o)
    0x00001cfc   0x00001cfc   0x00000254   Data   RO         1004    .constdata          driverlib.lib(sysctl.o)
    0x00001f50   0x00001f50   0x00000020   Data   RO         1549    Region$$Table       anon$$obj.o


    Execution Region ER_RW (Exec base: 0x20000000, Load base: 0x00001f70, Size: 0x0000066c, Max: 0xffffffff, ABSOLUTE, COMPRESSED[0x00000010])

    Exec Addr    Load Addr    Size         Type   Attr      Idx    E Section Name        Object

    0x20000000   COMPRESSED   0x00000001   Data   RW          111    .data               app.o
    0x20000001   COMPRESSED   0x00000003   PAD
    0x20000004   COMPRESSED   0x00000016   Data   RW          142    .data               can.o
    0x2000001a   COMPRESSED   0x00000002   PAD
    0x2000001c   COMPRESSED   0x00000006   Data   RW          257    .data               systick.o
    0x20000022   COMPRESSED   0x000003de   PAD
    0x20000400   COMPRESSED   0x0000026c   Data   RW          853    vtable              driverlib.lib(interrupt.o)


    Execution Region ER_ZI (Exec base: 0x2000066c, Load base: 0x00001f80, Size: 0x0000028c, Max: 0xffffffff, ABSOLUTE)

    Exec Addr    Load Addr    Size         Type   Attr      Idx    E Section Name        Object

    0x2000066c        -       0x00000028   Zero   RW          141    .bss                can.o
    0x20000694        -       0x00000060   Zero   RW         1421    .bss                c_w.l(libspace.o)
    0x200006f4   0x00001f80   0x00000004   PAD
    0x200006f8        -       0x00000000   Zero   RW          297    HEAP                startup_tm4c123.o
    0x200006f8        -       0x00000200   Zero   RW          296    STACK               startup_tm4c123.o


==============================================================================

Image component sizes


      Code (inc. data)   RO Data    RW Data    ZI Data      Debug   Object Name

       132         18          0          1          0       1994   app.o
       408         86          0         22         40       3560   can.o
        72         10         32          0          0       1396   dio.o
       120         10         24          0          0       2048   hal.o
        12          0          0          0          0        459   main.o
       652         90         56          0          0      10440   port.o
       276         24        620          0        512       5496   startup_tm4c123.o
       152         40          0          0          0        613   system_tm4c123.o
       180         40          0          6          0       3593   systick.o

    ----------------------------------------------------------------------
      2004        318        764       1024        552      29599   Object Totals
         0          0         32          0          0          0   (incl. Generated)
         0          0          0        995          0          0   (incl. Padding)

    ----------------------------------------------------------------------

      Code (inc. data)   RO Data    RW Data    ZI Data      Debug   Library Member Name

        58          0          0          0          0          0   __dczerorl.o
         8          0          0          0          0         68   __main.o
         0          0          0          0          0          0   __rtentry.o
        12          0          0          0          0          0   __rtentry2.o
         6          0          0          0          0          0   __rtentry4.o
        52          8          0          0          0          0   __scatter.o
        28          0          0          0          0          0   __scatter_zi.o
        18          0          0          0          0         80   exit.o
         6          0          0          0          0        152   heapauxi.o
         0          0          0          0          0          0   indicate_semi.o
         2          0          0          0          0          0   libinit.o
         6          0          0          0          0          0   libinit2.o
         2          0          0          0          0          0   libshutdown.o
         2          0          0          0          0          0   libshutdown2.o
         8          4          0          0         96         68   libspace.o
         2          0          0          0          0          0   rtexit.o
        10          0          0          0          0          0   rtexit2.o
       128          0          0          0          0         68   strcmpv7m.o
        12          4          0          0          0         68   sys_exit.o
        74          0          0          0          0         80   sys_stackheap_outer.o
         2          0          0          0          0         68   use_no_semi.o
      1178         26         32          0          0      13494   can.o
        38          0          0          0          0        572   cpu.o
       566         22        552          0          0       5174   gpio.o
       166         16        268        620          0       2668   interrupt.o
       718         62        596          0          0       4919   sysctl.o
        62          0          0          0          0       1935   systick.o
        90          4          0          0          0        140   dfixu.o
        38          0          0          0          0        116   dflt_clz.o
       340         12          0          0          0        152   dmul.o
       156          4          0          0          0        140   dnaninf.o
        12          0          0          0          0        116   dretinf.o
        10          0          0          0          0        116   fpinit.o
         0          0          0          0          0          0   usenofp.o

    ----------------------------------------------------------------------
      3832        162       1448        620        100      30194   Library Totals
        22          0          0          0          4          0   (incl. Padding)

    ----------------------------------------------------------------------

      Code (inc. data)   RO Data    RW Data    ZI Data      Debug   Library Name

       436         16          0          0         96        652   c_w.l
      2728        126       1448        620          0      28762   driverlib.lib
       646         20          0          0          0        780   fz_wm.l

    ----------------------------------------------------------------------
      3832        162       1448        620        100      30194   Library Totals

    ----------------------------------------------------------------------

==============================================================================


      Code (inc. data)   RO Data    RW Data    ZI Data      Debug   

      5836        480       2212       1644        652      54585   Grand Totals
      5836        480       2212         16        652      54585   ELF Image Totals (compressed)
      5836        480       2212         16          0          0   ROM Totals

==============================================================================

    Total RO  Size (Code + RO Data)                 8048 (   7.86kB)
    Total RW  Size (RW Data + ZI Data)              2296 (   2.24kB)
    Total ROM Size (Code + RO Data + RW Data)       8064 (   7.88kB)

==============================================================================

